Archive member included to satisfy reference by file (symbol)

/usr/lib/gcc/arm-none-eabi/9.2.1/../../../arm-none-eabi/lib/thumb/v7-m/nofp/libc_nano.a(lib_a-atexit.o)
                              /usr/lib/gcc/arm-none-eabi/9.2.1/../../../arm-none-eabi/lib/thumb/v7-m/nofp/crt0.o (atexit)
/usr/lib/gcc/arm-none-eabi/9.2.1/../../../arm-none-eabi/lib/thumb/v7-m/nofp/libc_nano.a(lib_a-exit.o)
                              /usr/lib/gcc/arm-none-eabi/9.2.1/../../../arm-none-eabi/lib/thumb/v7-m/nofp/crt0.o (exit)
/usr/lib/gcc/arm-none-eabi/9.2.1/../../../arm-none-eabi/lib/thumb/v7-m/nofp/libc_nano.a(lib_a-fini.o)
                              /usr/lib/gcc/arm-none-eabi/9.2.1/../../../arm-none-eabi/lib/thumb/v7-m/nofp/crt0.o (__libc_fini_array)
/usr/lib/gcc/arm-none-eabi/9.2.1/../../../arm-none-eabi/lib/thumb/v7-m/nofp/libc_nano.a(lib_a-impure.o)
                              /usr/lib/gcc/arm-none-eabi/9.2.1/../../../arm-none-eabi/lib/thumb/v7-m/nofp/libc_nano.a(lib_a-exit.o) (_global_impure_ptr)
/usr/lib/gcc/arm-none-eabi/9.2.1/../../../arm-none-eabi/lib/thumb/v7-m/nofp/libc_nano.a(lib_a-init.o)
                              /usr/lib/gcc/arm-none-eabi/9.2.1/../../../arm-none-eabi/lib/thumb/v7-m/nofp/crt0.o (__libc_init_array)
/usr/lib/gcc/arm-none-eabi/9.2.1/../../../arm-none-eabi/lib/thumb/v7-m/nofp/libc_nano.a(lib_a-memset.o)
                              /usr/lib/gcc/arm-none-eabi/9.2.1/../../../arm-none-eabi/lib/thumb/v7-m/nofp/crt0.o (memset)
/usr/lib/gcc/arm-none-eabi/9.2.1/../../../arm-none-eabi/lib/thumb/v7-m/nofp/libc_nano.a(lib_a-printf.o)
                              build/bsp_spi_flash.o (printf)
/usr/lib/gcc/arm-none-eabi/9.2.1/../../../arm-none-eabi/lib/thumb/v7-m/nofp/libc_nano.a(lib_a-puts.o)
                              build/bsp_spi_flash.o (puts)
/usr/lib/gcc/arm-none-eabi/9.2.1/../../../arm-none-eabi/lib/thumb/v7-m/nofp/libc_nano.a(lib_a-sprintf.o)
                              build/main.o (sprintf)
/usr/lib/gcc/arm-none-eabi/9.2.1/../../../arm-none-eabi/lib/thumb/v7-m/nofp/libc_nano.a(lib_a-wbuf.o)
                              /usr/lib/gcc/arm-none-eabi/9.2.1/../../../arm-none-eabi/lib/thumb/v7-m/nofp/libc_nano.a(lib_a-puts.o) (__swbuf_r)
/usr/lib/gcc/arm-none-eabi/9.2.1/../../../arm-none-eabi/lib/thumb/v7-m/nofp/libc_nano.a(lib_a-wsetup.o)
                              /usr/lib/gcc/arm-none-eabi/9.2.1/../../../arm-none-eabi/lib/thumb/v7-m/nofp/libc_nano.a(lib_a-puts.o) (__swsetup_r)
/usr/lib/gcc/arm-none-eabi/9.2.1/../../../arm-none-eabi/lib/thumb/v7-m/nofp/libc_nano.a(lib_a-__atexit.o)
                              /usr/lib/gcc/arm-none-eabi/9.2.1/../../../arm-none-eabi/lib/thumb/v7-m/nofp/libc_nano.a(lib_a-atexit.o) (__register_exitproc)
/usr/lib/gcc/arm-none-eabi/9.2.1/../../../arm-none-eabi/lib/thumb/v7-m/nofp/libc_nano.a(lib_a-__call_atexit.o)
                              /usr/lib/gcc/arm-none-eabi/9.2.1/../../../arm-none-eabi/lib/thumb/v7-m/nofp/libc_nano.a(lib_a-__atexit.o) (__call_exitprocs)
/usr/lib/gcc/arm-none-eabi/9.2.1/../../../arm-none-eabi/lib/thumb/v7-m/nofp/libc_nano.a(lib_a-fflush.o)
                              /usr/lib/gcc/arm-none-eabi/9.2.1/../../../arm-none-eabi/lib/thumb/v7-m/nofp/libc_nano.a(lib_a-wbuf.o) (_fflush_r)
/usr/lib/gcc/arm-none-eabi/9.2.1/../../../arm-none-eabi/lib/thumb/v7-m/nofp/libc_nano.a(lib_a-findfp.o)
                              /usr/lib/gcc/arm-none-eabi/9.2.1/../../../arm-none-eabi/lib/thumb/v7-m/nofp/libc_nano.a(lib_a-printf.o) (__sinit)
/usr/lib/gcc/arm-none-eabi/9.2.1/../../../arm-none-eabi/lib/thumb/v7-m/nofp/libc_nano.a(lib_a-fwalk.o)
                              /usr/lib/gcc/arm-none-eabi/9.2.1/../../../arm-none-eabi/lib/thumb/v7-m/nofp/libc_nano.a(lib_a-findfp.o) (_fwalk)
/usr/lib/gcc/arm-none-eabi/9.2.1/../../../arm-none-eabi/lib/thumb/v7-m/nofp/libc_nano.a(lib_a-makebuf.o)
                              /usr/lib/gcc/arm-none-eabi/9.2.1/../../../arm-none-eabi/lib/thumb/v7-m/nofp/libc_nano.a(lib_a-wsetup.o) (__smakebuf_r)
/usr/lib/gcc/arm-none-eabi/9.2.1/../../../arm-none-eabi/lib/thumb/v7-m/nofp/libc_nano.a(lib_a-nano-freer.o)
                              /usr/lib/gcc/arm-none-eabi/9.2.1/../../../arm-none-eabi/lib/thumb/v7-m/nofp/libc_nano.a(lib_a-wsetup.o) (_free_r)
/usr/lib/gcc/arm-none-eabi/9.2.1/../../../arm-none-eabi/lib/thumb/v7-m/nofp/libc_nano.a(lib_a-nano-mallocr.o)
                              /usr/lib/gcc/arm-none-eabi/9.2.1/../../../arm-none-eabi/lib/thumb/v7-m/nofp/libc_nano.a(lib_a-findfp.o) (_malloc_r)
/usr/lib/gcc/arm-none-eabi/9.2.1/../../../arm-none-eabi/lib/thumb/v7-m/nofp/libc_nano.a(lib_a-nano-svfprintf.o)
                              /usr/lib/gcc/arm-none-eabi/9.2.1/../../../arm-none-eabi/lib/thumb/v7-m/nofp/libc_nano.a(lib_a-sprintf.o) (_svfprintf_r)
/usr/lib/gcc/arm-none-eabi/9.2.1/../../../arm-none-eabi/lib/thumb/v7-m/nofp/libc_nano.a(lib_a-nano-vfprintf.o)
                              /usr/lib/gcc/arm-none-eabi/9.2.1/../../../arm-none-eabi/lib/thumb/v7-m/nofp/libc_nano.a(lib_a-printf.o) (_vfprintf_r)
[...]
Memory Configuration

Name             Origin             Length             Attributes
RAM              0x0000000020000000 0x000000000000c000 xrw
FLASH            0x0000000008000000 0x0000000000040000 xr
*default*        0x0000000000000000 0xffffffffffffffff

Linker script and memory map

LOAD /usr/lib/gcc/arm-none-eabi/9.2.1/thumb/v7-m/nofp/crti.o
LOAD /usr/lib/gcc/arm-none-eabi/9.2.1/thumb/v7-m/nofp/crtbegin.o
LOAD /usr/lib/gcc/arm-none-eabi/9.2.1/../../../arm-none-eabi/lib/thumb/v7-m/nofp/crt0.o
LOAD build/main.o
LOAD build/stm32f1xx_it.o
LOAD build/bsp_debug_usart.o
LOAD build/bsp_ili9341_lcd.o
LOAD build/bsp_spi_flash.o
LOAD build/fonts.o
LOAD build/stm32f1xx_hal_msp.o
LOAD build/stm32f1xx_hal_gpio_ex.o
LOAD build/stm32f1xx_hal_tim.o
LOAD build/stm32f1xx_hal_tim_ex.o
LOAD build/stm32f1xx_hal.o
LOAD build/stm32f1xx_hal_rcc.o
LOAD build/stm32f1xx_hal_rcc_ex.o
LOAD build/stm32f1xx_hal_gpio.o
LOAD build/stm32f1xx_hal_dma.o
LOAD build/stm32f1xx_hal_cortex.o
LOAD build/stm32f1xx_hal_pwr.o
LOAD build/stm32f1xx_hal_flash.o
LOAD build/stm32f1xx_hal_flash_ex.o
LOAD build/stm32f1xx_hal_exti.o
LOAD build/system_stm32f1xx.o
LOAD build/stm32f1xx_hal_dac.o
LOAD build/stm32f1xx_hal_dac_ex.o
LOAD build/stm32f1xx_hal_spi.o
LOAD build/stm32f1xx_hal_usart.o
LOAD build/stm32f1xx_hal_uart.o
LOAD build/startup_stm32f103xe.o
LOAD /usr/lib/gcc/arm-none-eabi/9.2.1/../../../arm-none-eabi/lib/thumb/v7-m/nofp/libc_nano.a
LOAD /usr/lib/gcc/arm-none-eabi/9.2.1/../../../arm-none-eabi/lib/thumb/v7-m/nofp/libm.a
LOAD /usr/lib/gcc/arm-none-eabi/9.2.1/../../../arm-none-eabi/lib/thumb/v7-m/nofp/libnosys.a
START GROUP
LOAD /usr/lib/gcc/arm-none-eabi/9.2.1/thumb/v7-m/nofp/libgcc.a
LOAD /usr/lib/gcc/arm-none-eabi/9.2.1/../../../arm-none-eabi/lib/thumb/v7-m/nofp/libc_nano.a
END GROUP
START GROUP
LOAD /usr/lib/gcc/arm-none-eabi/9.2.1/thumb/v7-m/nofp/libgcc.a
LOAD /usr/lib/gcc/arm-none-eabi/9.2.1/../../../arm-none-eabi/lib/thumb/v7-m/nofp/libc_nano.a
END GROUP
LOAD /usr/lib/gcc/arm-none-eabi/9.2.1/thumb/v7-m/nofp/crtend.o
LOAD /usr/lib/gcc/arm-none-eabi/9.2.1/thumb/v7-m/nofp/crtn.o
                0x000000002000c000                _estack = 0x2000c000
                0x0000000000000200                _Min_Heap_Size = 0x200
                0x0000000000000400                _Min_Stack_Size = 0x400

.isr_vector     0x0000000008000000      0x1e4
                0x0000000008000000                . = ALIGN (0x4)
 *(.isr_vector)
 .isr_vector    0x0000000008000000      0x1e4 build/startup_stm32f103xe.o
                0x0000000008000000                g_pfnVectors
                0x00000000080001e4                . = ALIGN (0x4)

.text           0x00000000080001e8     0x3aa8
                0x00000000080001e8                . = ALIGN (0x4)
 *(.text)
 .text          0x00000000080001e8       0x88 /usr/lib/gcc/arm-none-eabi/9.2.1/thumb/v7-m/nofp/crtbegin.o
 .text          0x0000000008000270       0x48 /usr/lib/gcc/arm-none-eabi/9.2.1/../../../arm-none-eabi/lib/thumb/v7-m/nofp/libc_nano.a(lib_a-init.o)
                0x0000000008000270                __libc_init_array
 .text          0x00000000080002b8       0x80 /usr/lib/gcc/arm-none-eabi/9.2.1/../../../arm-none-eabi/lib/thumb/v7-m/nofp/libc_nano.a(lib_a-sprintf.o)
                0x00000000080002b8                _siprintf_r
                0x00000000080002b8                _sprintf_r
                0x00000000080002f4                sprintf
                0x00000000080002f4                siprintf
 .text          0x0000000008000338       0xa8 /usr/lib/gcc/arm-none-eabi/9.2.1/../../../arm-none-eabi/lib/thumb/v7-m/nofp/libc_nano.a(lib_a-nano-freer.o)
                0x0000000008000338                _free_r
 .text          0x00000000080003e0       0xc8 /usr/lib/gcc/arm-none-eabi/9.2.1/../../../arm-none-eabi/lib/thumb/v7-m/nofp/libc_nano.a(lib_a-nano-mallocr.o)
                0x00000000080003e0                _malloc_r
 .text          0x00000000080004a8      0x434 /usr/lib/gcc/arm-none-eabi/9.2.1/../../../arm-none-eabi/lib/thumb/v7-m/nofp/libc_nano.a(lib_a-nano-svfprintf.o)
                0x00000000080004a8                __ssputs_r
                0x000000000800056c                __ssprint_r
                0x0000000008000664                _svfprintf_r
                0x0000000008000664                _svfiprintf_r
 .text          0x00000000080008dc      0x3bc /usr/lib/gcc/arm-none-eabi/9.2.1/../../../arm-none-eabi/lib/thumb/v7-m/nofp/libc_nano.a(lib_a-nano-vfprintf_i.o)
                0x00000000080008dc                _printf_common
                0x0000000008000a04                _printf_i
 .text          0x0000000008000c98       0x24 /usr/lib/gcc/arm-none-eabi/9.2.1/../../../arm-none-eabi/lib/thumb/v7-m/nofp/libc_nano.a(lib_a-sbrkr.o)
                0x0000000008000c98                _sbrk_r
 .text          0x0000000008000cbc       0x8c /usr/lib/gcc/arm-none-eabi/9.2.1/../../../arm-none-eabi/lib/thumb/v7-m/nofp/libc_nano.a(lib_a-memchr-stub.o)
                0x0000000008000cbc                memchr
 .text          0x0000000008000d48       0xec /usr/lib/gcc/arm-none-eabi/9.2.1/../../../arm-none-eabi/lib/thumb/v7-m/nofp/libc_nano.a(lib_a-memcpy.o)
                0x0000000008000d48                memcpy
 .text          0x0000000008000e34       0xcc /usr/lib/gcc/arm-none-eabi/9.2.1/../../../arm-none-eabi/lib/thumb/v7-m/nofp/libc_nano.a(lib_a-memmove.o)
                0x0000000008000e34                memmove
 .text          0x0000000008000f00        0x8 /usr/lib/gcc/arm-none-eabi/9.2.1/../../../arm-none-eabi/lib/thumb/v7-m/nofp/libc_nano.a(lib_a-mlock.o)
                0x0000000008000f00                __malloc_lock
                0x0000000008000f04                __malloc_unlock
 .text          0x0000000008000f08       0x4c /usr/lib/gcc/arm-none-eabi/9.2.1/../../../arm-none-eabi/lib/thumb/v7-m/nofp/libc_nano.a(lib_a-nano-reallocr.o)
                0x0000000008000f08                _realloc_r
 .text          0x0000000008000f54       0x10 /usr/lib/gcc/arm-none-eabi/9.2.1/../../../arm-none-eabi/lib/thumb/v7-m/nofp/libc_nano.a(lib_a-nano-msizer.o)
                0x0000000008000f54                _malloc_usable_size_r
 .text          0x0000000008000f64       0x1c /usr/lib/gcc/arm-none-eabi/9.2.1/../../../arm-none-eabi/lib/thumb/v7-m/nofp/libnosys.a(sbrk.o)
                0x0000000008000f64                _sbrk
 .text          0x0000000008000f80      0x168 /usr/lib/gcc/arm-none-eabi/9.2.1/thumb/v7-m/nofp/libgcc.a(_arm_mulsf3.o)
                0x0000000008000f80                __mulsf3
                0x0000000008000f80                __aeabi_fmul
 .text          0x00000000080010e8      0x378 /usr/lib/gcc/arm-none-eabi/9.2.1/thumb/v7-m/nofp/libgcc.a(_arm_addsubdf3.o)
                0x00000000080010e8                __aeabi_drsub
                0x00000000080010f0                __aeabi_dsub
                0x00000000080010f0                __subdf3
                0x00000000080010f4                __adddf3
                0x00000000080010f4                __aeabi_dadd
                0x000000000800136c                __aeabi_ui2d
                0x000000000800136c                __floatunsidf
                0x000000000800138c                __floatsidf
                0x000000000800138c                __aeabi_i2d
                0x00000000080013b0                __extendsfdf2
                0x00000000080013b0                __aeabi_f2d
                0x00000000080013f4                __aeabi_ul2d
                0x00000000080013f4                __floatundidf
                0x0000000008001404                __floatdidf
                0x0000000008001404                __aeabi_l2d
 .text          0x0000000008001460       0xa0 /usr/lib/gcc/arm-none-eabi/9.2.1/thumb/v7-m/nofp/libgcc.a(_arm_truncdfsf2.o)
                0x0000000008001460                __aeabi_d2f
                0x0000000008001460                __truncdfsf2
 .text          0x0000000008001500      0x21c /usr/lib/gcc/arm-none-eabi/9.2.1/thumb/v7-m/nofp/libgcc.a(_arm_addsubsf3.o)
                0x0000000008001500                __aeabi_frsub
                0x0000000008001508                __subsf3
                0x0000000008001508                __aeabi_fsub
                0x000000000800150c                __aeabi_fadd
                0x000000000800150c                __addsf3
                0x000000000800166c                __aeabi_ui2f
                0x000000000800166c                __floatunsisf
                0x0000000008001674                __aeabi_i2f
                0x0000000008001674                __floatsisf
                0x0000000008001690                __floatundisf
                0x0000000008001690                __aeabi_ul2f
                0x00000000080016a0                __floatdisf
                0x00000000080016a0                __aeabi_l2f
 .text          0x000000000800171c       0xec /usr/lib/gcc/arm-none-eabi/9.2.1/thumb/v7-m/nofp/libgcc.a(_arm_cmpsf2.o)
                0x000000000800171c                __gtsf2
                0x000000000800171c                __gesf2
                0x0000000008001724                __lesf2
                0x0000000008001724                __ltsf2
                0x000000000800172c                __nesf2
                0x000000000800172c                __eqsf2
                0x000000000800172c                __cmpsf2
                0x000000000800178c                __aeabi_cfrcmple
                0x0000000008001794                __aeabi_cfcmple
                0x0000000008001794                __aeabi_cfcmpeq
                0x00000000080017a4                __aeabi_fcmpeq
                0x00000000080017b8                __aeabi_fcmplt
                0x00000000080017cc                __aeabi_fcmple
                0x00000000080017e0                __aeabi_fcmpge
                0x00000000080017f4                __aeabi_fcmpgt
 .text          0x0000000008001808       0x4c /usr/lib/gcc/arm-none-eabi/9.2.1/thumb/v7-m/nofp/libgcc.a(_arm_fixsfsi.o)
                0x0000000008001808                __fixsfsi
                0x0000000008001808                __aeabi_f2iz
 *(.text*)
 .text.MX_GPIO_Init
                0x0000000008001854       0x88 build/main.o
 .text.MX_DMA_Init
                0x00000000080018dc       0x34 build/main.o
 .text.MX_DAC_Init
                0x0000000008001910       0x34 build/main.o
 .text.MX_TIM3_Init
                0x0000000008001944       0x58 build/main.o
 .text.MX_TIM6_Init
                0x000000000800199c       0x3c build/main.o
 .text.MX_TIM1_Init
                0x00000000080019d8       0x58 build/main.o
 .text.SystemClock_Config
                0x0000000008001a30       0x52 build/main.o
                0x0000000008001a30                SystemClock_Config
 *fill*         0x0000000008001a82        0x6 
 .text.Test     0x0000000008001a88      0x1b0 build/main.o
                0x0000000008001a88                Test
 .text.main     0x0000000008001c38       0xb0 build/main.o
                0x0000000008001c38                main
 .text.Error_Handler
                0x0000000008001ce8        0x2 build/main.o
                0x0000000008001ce8                Error_Handler
 .text.NMI_Handler
                0x0000000008001cea        0x2 build/stm32f1xx_it.o
                0x0000000008001cea                NMI_Handler
 .text.HardFault_Handler
                0x0000000008001cec        0x2 build/stm32f1xx_it.o
                0x0000000008001cec                HardFault_Handler
 .text.MemManage_Handler
                0x0000000008001cee        0x2 build/stm32f1xx_it.o
                0x0000000008001cee                MemManage_Handler
 .text.BusFault_Handler
                0x0000000008001cf0        0x2 build/stm32f1xx_it.o
                0x0000000008001cf0                BusFault_Handler
 .text.UsageFault_Handler
                0x0000000008001cf2        0x2 build/stm32f1xx_it.o
                0x0000000008001cf2                UsageFault_Handler
 .text.SVC_Handler
                0x0000000008001cf4        0x2 build/stm32f1xx_it.o
                0x0000000008001cf4                SVC_Handler
 .text.DebugMon_Handler
                0x0000000008001cf6        0x2 build/stm32f1xx_it.o
                0x0000000008001cf6                DebugMon_Handler
 .text.PendSV_Handler
                0x0000000008001cf8        0x2 build/stm32f1xx_it.o
                0x0000000008001cf8                PendSV_Handler
 .text.SysTick_Handler
                0x0000000008001cfa        0x8 build/stm32f1xx_it.o
                0x0000000008001cfa                SysTick_Handler
 *fill*         0x0000000008001d02        0x2 
 .text.TIM3_IRQHandler
                0x0000000008001d04       0x10 build/stm32f1xx_it.o
                0x0000000008001d04                TIM3_IRQHandler
 .text.DMA2_Channel4_5_IRQHandler
                0x0000000008001d14       0x10 build/stm32f1xx_it.o
                0x0000000008001d14                DMA2_Channel4_5_IRQHandler
 .text.HAL_TIM_PeriodElapsedCallback
                0x0000000008001d24       0x3c build/stm32f1xx_it.o
                0x0000000008001d24                HAL_TIM_PeriodElapsedCallback
 .text.DEBUG_USART_Config
                0x0000000008001d60       0x2c build/bsp_debug_usart.o
                0x0000000008001d60                DEBUG_USART_Config
 .text.HAL_UART_MspInit
                0x0000000008001d8c       0x78 build/bsp_debug_usart.o
                0x0000000008001d8c                HAL_UART_MspInit
 .text.ILI9341_Delay
                0x0000000008001e04       0x14 build/bsp_ili9341_lcd.o
 .text.ILI9341_GPIO_Config
                0x0000000008001e18       0xcc build/bsp_ili9341_lcd.o
 .text.ILI9341_Write_Cmd
                0x0000000008001ee4       0x24 build/bsp_ili9341_lcd.o
                0x0000000008001ee4                ILI9341_Write_Cmd
 .text.ILI9341_Write_Data
                0x0000000008001f08       0x24 build/bsp_ili9341_lcd.o
                0x0000000008001f08                ILI9341_Write_Data
 .text.ILI9341_REG_Config
                0x0000000008001f2c      0x2b0 build/bsp_ili9341_lcd.o
 .text.ILI9341_BackLed_Control
                0x00000000080021dc       0x18 build/bsp_ili9341_lcd.o
                0x00000000080021dc                ILI9341_BackLed_Control
 .text.ILI9341_GramScan
                0x00000000080021f4       0xac build/bsp_ili9341_lcd.o
                0x00000000080021f4                ILI9341_GramScan
 .text.ILI9341_Init
                0x00000000080022a0       0x20 build/bsp_ili9341_lcd.o
                0x00000000080022a0                ILI9341_Init
 .text.ILI9341_OpenWindow
                0x00000000080022c0       0x5c build/bsp_ili9341_lcd.o
                0x00000000080022c0                ILI9341_OpenWindow
 .text.ILI9341_Clear
                0x000000000800231c       0x30 build/bsp_ili9341_lcd.o
                0x000000000800231c                ILI9341_Clear
 .text.ILI9341_DispChar_EN
                0x000000000800234c       0x7c build/bsp_ili9341_lcd.o
                0x000000000800234c                ILI9341_DispChar_EN
 .text.ILI9341_DispStringLine_EN
                0x00000000080023c8       0x5c build/bsp_ili9341_lcd.o
                0x00000000080023c8                ILI9341_DispStringLine_EN
 .text.LCD_SetFont
                0x0000000008002424        0xc build/bsp_ili9341_lcd.o
                0x0000000008002424                LCD_SetFont
 .text.LCD_GetFont
                0x0000000008002430        0xc build/bsp_ili9341_lcd.o
                0x0000000008002430                LCD_GetFont
 .text.LCD_SetColors
                0x000000000800243c       0x14 build/bsp_ili9341_lcd.o
                0x000000000800243c                LCD_SetColors
 .text.LCD_SetTextColor
                0x0000000008002450        0xc build/bsp_ili9341_lcd.o
                0x0000000008002450                LCD_SetTextColor
 .text.LCD_ClearLine
                0x000000000800245c       0x20 build/bsp_ili9341_lcd.o
                0x000000000800245c                LCD_ClearLine
 .text.HAL_MspInit
                0x000000000800247c       0x4c build/stm32f1xx_hal_msp.o
                0x000000000800247c                HAL_MspInit
 .text.HAL_DAC_MspInit
                0x00000000080024c8       0xa0 build/stm32f1xx_hal_msp.o
                0x00000000080024c8                HAL_DAC_MspInit
 .text.HAL_TIM_Base_MspInit
                0x0000000008002568       0xb8 build/stm32f1xx_hal_msp.o
                0x0000000008002568                HAL_TIM_Base_MspInit
 .text.TIM_TI1_ConfigInputStage
                0x0000000008002620       0x24 build/stm32f1xx_hal_tim.o
 .text.TIM_TI2_ConfigInputStage
                0x0000000008002644       0x26 build/stm32f1xx_hal_tim.o
 .text.TIM_ITRx_SetConfig
                0x000000000800266a       0x10 build/stm32f1xx_hal_tim.o
 .text.HAL_TIM_Base_Start
                0x000000000800267a       0x24 build/stm32f1xx_hal_tim.o
                0x000000000800267a                HAL_TIM_Base_Start
 .text.HAL_TIM_Base_Stop
                0x000000000800269e       0x2e build/stm32f1xx_hal_tim.o
                0x000000000800269e                HAL_TIM_Base_Stop
 .text.HAL_TIM_Base_Start_IT
                0x00000000080026cc       0x22 build/stm32f1xx_hal_tim.o
                0x00000000080026cc                HAL_TIM_Base_Start_IT
 .text.HAL_TIM_OC_DelayElapsedCallback
                0x00000000080026ee        0x2 build/stm32f1xx_hal_tim.o
                0x00000000080026ee                HAL_TIM_OC_DelayElapsedCallback
 .text.HAL_TIM_IC_CaptureCallback
                0x00000000080026f0        0x2 build/stm32f1xx_hal_tim.o
                0x00000000080026f0                HAL_TIM_IC_CaptureCallback
 .text.HAL_TIM_PWM_PulseFinishedCallback
                0x00000000080026f2        0x2 build/stm32f1xx_hal_tim.o
                0x00000000080026f2                HAL_TIM_PWM_PulseFinishedCallback
 .text.HAL_TIM_TriggerCallback
                0x00000000080026f4        0x2 build/stm32f1xx_hal_tim.o
                0x00000000080026f4                HAL_TIM_TriggerCallback
 .text.HAL_TIM_IRQHandler
                0x00000000080026f6      0x17a build/stm32f1xx_hal_tim.o
                0x00000000080026f6                HAL_TIM_IRQHandler
 .text.TIM_Base_SetConfig
                0x0000000008002870       0x98 build/stm32f1xx_hal_tim.o
                0x0000000008002870                TIM_Base_SetConfig
 .text.HAL_TIM_Base_Init
                0x0000000008002908       0x34 build/stm32f1xx_hal_tim.o
                0x0000000008002908                HAL_TIM_Base_Init
 .text.TIM_ETR_SetConfig
                0x000000000800293c       0x16 build/stm32f1xx_hal_tim.o
                0x000000000800293c                TIM_ETR_SetConfig
 .text.HAL_TIM_ConfigClockSource
                0x0000000008002952       0xda build/stm32f1xx_hal_tim.o
                0x0000000008002952                HAL_TIM_ConfigClockSource
 .text.HAL_TIMEx_MasterConfigSynchronization
                0x0000000008002a2c       0x46 build/stm32f1xx_hal_tim_ex.o
                0x0000000008002a2c                HAL_TIMEx_MasterConfigSynchronization
 .text.HAL_TIMEx_CommutCallback
                0x0000000008002a72        0x2 build/stm32f1xx_hal_tim_ex.o
                0x0000000008002a72                HAL_TIMEx_CommutCallback
 .text.HAL_TIMEx_BreakCallback
                0x0000000008002a74        0x2 build/stm32f1xx_hal_tim_ex.o
                0x0000000008002a74                HAL_TIMEx_BreakCallback
 *fill*         0x0000000008002a76        0x2 
 .text.HAL_InitTick
                0x0000000008002a78       0x4c build/stm32f1xx_hal.o
                0x0000000008002a78                HAL_InitTick
 .text.HAL_Init
                0x0000000008002ac4       0x24 build/stm32f1xx_hal.o
                0x0000000008002ac4                HAL_Init
 .text.HAL_IncTick
                0x0000000008002ae8       0x18 build/stm32f1xx_hal.o
                0x0000000008002ae8                HAL_IncTick
 .text.HAL_GetTick
                0x0000000008002b00        0xc build/stm32f1xx_hal.o
                0x0000000008002b00                HAL_GetTick
 .text.HAL_Delay
                0x0000000008002b0c       0x28 build/stm32f1xx_hal.o
                0x0000000008002b0c                HAL_Delay
 .text.RCC_Delay
                0x0000000008002b34       0x2c build/stm32f1xx_hal_rcc.o
 .text.HAL_RCC_OscConfig
                0x0000000008002b60      0x410 build/stm32f1xx_hal_rcc.o
                0x0000000008002b60                HAL_RCC_OscConfig
 .text.HAL_RCC_GetSysClockFreq
                0x0000000008002f70       0x6c build/stm32f1xx_hal_rcc.o
                0x0000000008002f70                HAL_RCC_GetSysClockFreq
 .text.HAL_RCC_ClockConfig
                0x0000000008002fdc      0x16c build/stm32f1xx_hal_rcc.o
                0x0000000008002fdc                HAL_RCC_ClockConfig
 .text.HAL_RCC_GetHCLKFreq
                0x0000000008003148        0xc build/stm32f1xx_hal_rcc.o
                0x0000000008003148                HAL_RCC_GetHCLKFreq
 .text.HAL_RCC_GetPCLK1Freq
                0x0000000008003154       0x20 build/stm32f1xx_hal_rcc.o
                0x0000000008003154                HAL_RCC_GetPCLK1Freq
 .text.HAL_RCC_GetPCLK2Freq
                0x0000000008003174       0x20 build/stm32f1xx_hal_rcc.o
                0x0000000008003174                HAL_RCC_GetPCLK2Freq
 .text.HAL_GPIO_Init
                0x0000000008003194      0x238 build/stm32f1xx_hal_gpio.o
                0x0000000008003194                HAL_GPIO_Init
 .text.HAL_GPIO_WritePin
                0x00000000080033cc        0xc build/stm32f1xx_hal_gpio.o
                0x00000000080033cc                HAL_GPIO_WritePin
 .text.HAL_GPIO_TogglePin
                0x00000000080033d8        0xe build/stm32f1xx_hal_gpio.o
                0x00000000080033d8                HAL_GPIO_TogglePin
 .text.DMA_SetConfig
                0x00000000080033e6       0x2c build/stm32f1xx_hal_dma.o
 *fill*         0x0000000008003412        0x2 
 .text.HAL_DMA_Init
                0x0000000008003414       0x98 build/stm32f1xx_hal_dma.o
                0x0000000008003414                HAL_DMA_Init
 .text.HAL_DMA_Start_IT
                0x00000000080034ac       0x74 build/stm32f1xx_hal_dma.o
                0x00000000080034ac                HAL_DMA_Start_IT
 .text.HAL_DMA_IRQHandler
                0x0000000008003520      0x2ec build/stm32f1xx_hal_dma.o
                0x0000000008003520                HAL_DMA_IRQHandler
 .text.HAL_NVIC_SetPriorityGrouping
                0x000000000800380c       0x24 build/stm32f1xx_hal_cortex.o
                0x000000000800380c                HAL_NVIC_SetPriorityGrouping
 .text.HAL_NVIC_SetPriority
                0x0000000008003830       0x68 build/stm32f1xx_hal_cortex.o
                0x0000000008003830                HAL_NVIC_SetPriority
 .text.HAL_NVIC_EnableIRQ
                0x0000000008003898       0x1c build/stm32f1xx_hal_cortex.o
                0x0000000008003898                HAL_NVIC_EnableIRQ
 .text.HAL_SYSTICK_Config
                0x00000000080038b4       0x2c build/stm32f1xx_hal_cortex.o
                0x00000000080038b4                HAL_SYSTICK_Config
 .text.SystemInit
                0x00000000080038e0       0x4c build/system_stm32f1xx.o
                0x00000000080038e0                SystemInit
 .text.HAL_DAC_Init
                0x000000000800392c       0x24 build/stm32f1xx_hal_dac.o
                0x000000000800392c                HAL_DAC_Init
 .text.HAL_DAC_Start_DMA
                0x0000000008003950       0xe8 build/stm32f1xx_hal_dac.o
                0x0000000008003950                HAL_DAC_Start_DMA
 .text.HAL_DAC_ConvCpltCallbackCh1
                0x0000000008003a38        0x2 build/stm32f1xx_hal_dac.o
                0x0000000008003a38                HAL_DAC_ConvCpltCallbackCh1
 .text.DAC_DMAConvCpltCh1
                0x0000000008003a3a       0x10 build/stm32f1xx_hal_dac.o
                0x0000000008003a3a                DAC_DMAConvCpltCh1
 .text.HAL_DAC_ConvHalfCpltCallbackCh1
                0x0000000008003a4a        0x2 build/stm32f1xx_hal_dac.o
                0x0000000008003a4a                HAL_DAC_ConvHalfCpltCallbackCh1
 .text.DAC_DMAHalfConvCpltCh1
                0x0000000008003a4c        0xa build/stm32f1xx_hal_dac.o
                0x0000000008003a4c                DAC_DMAHalfConvCpltCh1
 .text.HAL_DAC_ErrorCallbackCh1
                0x0000000008003a56        0x2 build/stm32f1xx_hal_dac.o
                0x0000000008003a56                HAL_DAC_ErrorCallbackCh1
 .text.DAC_DMAErrorCh1
                0x0000000008003a58       0x18 build/stm32f1xx_hal_dac.o
                0x0000000008003a58                DAC_DMAErrorCh1
 .text.HAL_DAC_ConfigChannel
                0x0000000008003a70       0x58 build/stm32f1xx_hal_dac.o
                0x0000000008003a70                HAL_DAC_ConfigChannel
 .text.HAL_DACEx_ConvCpltCallbackCh2
                0x0000000008003ac8        0x2 build/stm32f1xx_hal_dac_ex.o
                0x0000000008003ac8                HAL_DACEx_ConvCpltCallbackCh2
 .text.HAL_DACEx_ConvHalfCpltCallbackCh2
                0x0000000008003aca        0x2 build/stm32f1xx_hal_dac_ex.o
                0x0000000008003aca                HAL_DACEx_ConvHalfCpltCallbackCh2
 .text.HAL_DACEx_ErrorCallbackCh2
                0x0000000008003acc        0x2 build/stm32f1xx_hal_dac_ex.o
                0x0000000008003acc                HAL_DACEx_ErrorCallbackCh2
 .text.DAC_DMAConvCpltCh2
                0x0000000008003ace       0x10 build/stm32f1xx_hal_dac_ex.o
                0x0000000008003ace                DAC_DMAConvCpltCh2
 .text.DAC_DMAHalfConvCpltCh2
                0x0000000008003ade        0xa build/stm32f1xx_hal_dac_ex.o
                0x0000000008003ade                DAC_DMAHalfConvCpltCh2
 .text.DAC_DMAErrorCh2
                0x0000000008003ae8       0x18 build/stm32f1xx_hal_dac_ex.o
                0x0000000008003ae8                DAC_DMAErrorCh2
 .text.UART_SetConfig
                0x0000000008003b00       0xcc build/stm32f1xx_hal_uart.o
 .text.HAL_UART_Init
                0x0000000008003bcc       0x5e build/stm32f1xx_hal_uart.o
                0x0000000008003bcc                HAL_UART_Init
 *fill*         0x0000000008003c2a        0x2 
 .text.Reset_Handler
                0x0000000008003c2c       0x48 build/startup_stm32f103xe.o
                0x0000000008003c2c                Reset_Handler
 .text.Default_Handler
                0x0000000008003c74        0x2 build/startup_stm32f103xe.o
                0x0000000008003c74                RTC_Alarm_IRQHandler
                0x0000000008003c74                EXTI2_IRQHandler
                0x0000000008003c74                TIM8_TRG_COM_IRQHandler
                0x0000000008003c74                TIM8_CC_IRQHandler
                0x0000000008003c74                TIM1_CC_IRQHandler
                0x0000000008003c74                TIM6_IRQHandler
                0x0000000008003c74                PVD_IRQHandler
                0x0000000008003c74                SDIO_IRQHandler
                0x0000000008003c74                EXTI3_IRQHandler
                0x0000000008003c74                EXTI0_IRQHandler
                0x0000000008003c74                I2C2_EV_IRQHandler
                0x0000000008003c74                ADC1_2_IRQHandler
                0x0000000008003c74                SPI1_IRQHandler
                0x0000000008003c74                TAMPER_IRQHandler
                0x0000000008003c74                TIM8_UP_IRQHandler
                0x0000000008003c74                DMA2_Channel2_IRQHandler
                0x0000000008003c74                DMA1_Channel4_IRQHandler
                0x0000000008003c74                USART3_IRQHandler
                0x0000000008003c74                RTC_IRQHandler
                0x0000000008003c74                DMA1_Channel7_IRQHandler
                0x0000000008003c74                CAN1_RX1_IRQHandler
                0x0000000008003c74                UART5_IRQHandler
                0x0000000008003c74                ADC3_IRQHandler
                0x0000000008003c74                TIM4_IRQHandler
                0x0000000008003c74                DMA2_Channel1_IRQHandler
                0x0000000008003c74                I2C1_EV_IRQHandler
                0x0000000008003c74                DMA1_Channel6_IRQHandler
                0x0000000008003c74                UART4_IRQHandler
                0x0000000008003c74                RCC_IRQHandler
                0x0000000008003c74                TIM1_TRG_COM_IRQHandler
                0x0000000008003c74                DMA1_Channel1_IRQHandler
                0x0000000008003c74                Default_Handler
                0x0000000008003c74                EXTI15_10_IRQHandler
                0x0000000008003c74                TIM7_IRQHandler
                0x0000000008003c74                TIM5_IRQHandler
                0x0000000008003c74                EXTI9_5_IRQHandler
                0x0000000008003c74                SPI2_IRQHandler
                0x0000000008003c74                DMA1_Channel5_IRQHandler
                0x0000000008003c74                EXTI4_IRQHandler
                0x0000000008003c74                USB_LP_CAN1_RX0_IRQHandler
                0x0000000008003c74                USB_HP_CAN1_TX_IRQHandler
                0x0000000008003c74                DMA1_Channel3_IRQHandler
                0x0000000008003c74                FSMC_IRQHandler
                0x0000000008003c74                TIM1_UP_IRQHandler
                0x0000000008003c74                WWDG_IRQHandler
                0x0000000008003c74                TIM2_IRQHandler
                0x0000000008003c74                TIM1_BRK_IRQHandler
                0x0000000008003c74                EXTI1_IRQHandler
                0x0000000008003c74                USART2_IRQHandler
                0x0000000008003c74                I2C2_ER_IRQHandler
                0x0000000008003c74                DMA1_Channel2_IRQHandler
                0x0000000008003c74                TIM8_BRK_IRQHandler
                0x0000000008003c74                CAN1_SCE_IRQHandler
                0x0000000008003c74                FLASH_IRQHandler
                0x0000000008003c74                USART1_IRQHandler
                0x0000000008003c74                SPI3_IRQHandler
                0x0000000008003c74                I2C1_ER_IRQHandler
                0x0000000008003c74                USBWakeUp_IRQHandler
                0x0000000008003c74                DMA2_Channel3_IRQHandler
 *(.glue_7)
 .glue_7        0x0000000008003c76        0x0 linker stubs
 *(.glue_7t)
 .glue_7t       0x0000000008003c76        0x0 linker stubs
 *(.eh_frame)
 *fill*         0x0000000008003c76        0x2 
 .eh_frame      0x0000000008003c78        0x0 /usr/lib/gcc/arm-none-eabi/9.2.1/thumb/v7-m/nofp/crtbegin.o
 *(.init)
 .init          0x0000000008003c78        0x4 /usr/lib/gcc/arm-none-eabi/9.2.1/thumb/v7-m/nofp/crti.o
                0x0000000008003c78                _init
 .init          0x0000000008003c7c        0x8 /usr/lib/gcc/arm-none-eabi/9.2.1/thumb/v7-m/nofp/crtn.o
 *(.fini)
 .fini          0x0000000008003c84        0x4 /usr/lib/gcc/arm-none-eabi/9.2.1/thumb/v7-m/nofp/crti.o
                0x0000000008003c84                _fini
 .fini          0x0000000008003c88        0x8 /usr/lib/gcc/arm-none-eabi/9.2.1/thumb/v7-m/nofp/crtn.o
                0x0000000008003c90                . = ALIGN (0x4)
                0x0000000008003c90                _etext = .

.vfp11_veneer   0x0000000008003c90        0x0
 .vfp11_veneer  0x0000000008003c90        0x0 linker stubs

.v4_bx          0x0000000008003c90        0x0
 .v4_bx         0x0000000008003c90        0x0 linker stubs

.iplt           0x0000000008003c90        0x0
 .iplt          0x0000000008003c90        0x0 /usr/lib/gcc/arm-none-eabi/9.2.1/thumb/v7-m/nofp/crtbegin.o

.rodata         0x0000000008003c90     0x2a8c
                0x0000000008003c90                . = ALIGN (0x4)
 *(.rodata)
 .rodata        0x0000000008003c90       0x60 /usr/lib/gcc/arm-none-eabi/9.2.1/../../../arm-none-eabi/lib/thumb/v7-m/nofp/libc_nano.a(lib_a-findfp.o)
                0x0000000008003c90                __sf_fake_stderr
                0x0000000008003cb0                __sf_fake_stdout
                0x0000000008003cd0                __sf_fake_stdin
 *(.rodata*)
 .rodata.Test.str1.4
                0x0000000008003cf0       0x33 build/main.o
 *fill*         0x0000000008003d23        0x1 
 .rodata.ASCII24x32_Table
                0x0000000008003d24     0x23a0 build/fonts.o
                0x0000000008003d24                ASCII24x32_Table
 .rodata.ASCII8x16_Table
                0x00000000080060c4      0x5f0 build/fonts.o
                0x00000000080060c4                ASCII8x16_Table
 .rodata.HAL_RCC_GetSysClockFreq.str1.4
                0x00000000080066b4       0x11 build/stm32f1xx_hal_rcc.o
 *fill*         0x00000000080066c5        0x3 
 .rodata.AHBPrescTable
                0x00000000080066c8       0x10 build/system_stm32f1xx.o
                0x00000000080066c8                AHBPrescTable
 .rodata.APBPrescTable
                0x00000000080066d8        0x8 build/system_stm32f1xx.o
                0x00000000080066d8                APBPrescTable
 .rodata.str1.4
                0x00000000080066e0       0x13 /usr/lib/gcc/arm-none-eabi/9.2.1/../../../arm-none-eabi/lib/thumb/v7-m/nofp/libc_nano.a(lib_a-nano-svfprintf.o)
 *fill*         0x00000000080066f3        0x1 
 .rodata.str1.4
                0x00000000080066f4       0x25 /usr/lib/gcc/arm-none-eabi/9.2.1/../../../arm-none-eabi/lib/thumb/v7-m/nofp/libc_nano.a(lib_a-nano-vfprintf_i.o)
                0x000000000800671c                . = ALIGN (0x4)
 *fill*         0x0000000008006719        0x3 

.rel.dyn        0x000000000800671c        0x0
 .rel.iplt      0x000000000800671c        0x0 /usr/lib/gcc/arm-none-eabi/9.2.1/thumb/v7-m/nofp/crtbegin.o

.ARM.extab
 *(.ARM.extab* .gnu.linkonce.armextab.*)

.ARM            0x000000000800671c        0x0
                0x000000000800671c                __exidx_start = .
 *(.ARM.exidx*)
                0x000000000800671c                __exidx_end = .

.preinit_array  0x000000000800671c        0x0
                0x000000000800671c                PROVIDE (__preinit_array_start = .)
 *(.preinit_array*)
                0x000000000800671c                PROVIDE (__preinit_array_end = .)

.init_array     0x000000000800671c        0x4
                0x000000000800671c                PROVIDE (__init_array_start = .)
 *(SORT_BY_NAME(.init_array.*))
 *(.init_array*)
 .init_array    0x000000000800671c        0x4 /usr/lib/gcc/arm-none-eabi/9.2.1/thumb/v7-m/nofp/crtbegin.o
                0x0000000008006720                PROVIDE (__init_array_end = .)

.fini_array     0x0000000008006720        0x4
                0x0000000008006720                PROVIDE (__fini_array_start = .)
 *(SORT_BY_NAME(.fini_array.*))
 *(.fini_array*)
 .fini_array    0x0000000008006720        0x4 /usr/lib/gcc/arm-none-eabi/9.2.1/thumb/v7-m/nofp/crtbegin.o
                0x0000000008006724                PROVIDE (__fini_array_end = .)
                0x0000000008006724                _sidata = LOADADDR (.data)

.data           0x0000000020000000      0x310 load address 0x0000000008006724
                0x0000000020000000                . = ALIGN (0x4)
                0x0000000020000000                _sdata = .
 *(.data)
 .data          0x0000000020000000       0x64 /usr/lib/gcc/arm-none-eabi/9.2.1/../../../arm-none-eabi/lib/thumb/v7-m/nofp/libc_nano.a(lib_a-impure.o)
                0x0000000020000000                _impure_ptr
 *(.data*)
 .data.CH_Value
                0x0000000020000064      0x280 build/main.o
                0x0000000020000064                CH_Value
 .data.CurrentBackColor
                0x00000000200002e4        0x2 build/bsp_ili9341_lcd.o
 *fill*         0x00000000200002e6        0x2 
 .data.LCD_Currentfonts
                0x00000000200002e8        0x4 build/bsp_ili9341_lcd.o
 .data.LCD_SCAN_MODE
                0x00000000200002ec        0x1 build/bsp_ili9341_lcd.o
                0x00000000200002ec                LCD_SCAN_MODE
 *fill*         0x00000000200002ed        0x1 
 .data.LCD_X_LENGTH
                0x00000000200002ee        0x2 build/bsp_ili9341_lcd.o
                0x00000000200002ee                LCD_X_LENGTH
 .data.LCD_Y_LENGTH
                0x00000000200002f0        0x2 build/bsp_ili9341_lcd.o
                0x00000000200002f0                LCD_Y_LENGTH
 *fill*         0x00000000200002f2        0x2 
 .data.Font24x32
                0x00000000200002f4        0x8 build/fonts.o
                0x00000000200002f4                Font24x32
 .data.Font8x16
                0x00000000200002fc        0x8 build/fonts.o
                0x00000000200002fc                Font8x16
 .data.uwTickFreq
                0x0000000020000304        0x1 build/stm32f1xx_hal.o
                0x0000000020000304                uwTickFreq
 *fill*         0x0000000020000305        0x3 
 .data.uwTickPrio
                0x0000000020000308        0x4 build/stm32f1xx_hal.o
                0x0000000020000308                uwTickPrio
 .data.SystemCoreClock
                0x000000002000030c        0x4 build/system_stm32f1xx.o
                0x000000002000030c                SystemCoreClock
                0x0000000020000310                . = ALIGN (0x4)
                0x0000000020000310                _edata = .

.tm_clone_table
                0x0000000020000310        0x0 load address 0x0000000008006a34
 .tm_clone_table
                0x0000000020000310        0x0 /usr/lib/gcc/arm-none-eabi/9.2.1/thumb/v7-m/nofp/crtbegin.o
 .tm_clone_table
                0x0000000020000310        0x0 /usr/lib/gcc/arm-none-eabi/9.2.1/thumb/v7-m/nofp/crtend.o

.igot.plt       0x0000000020000310        0x0 load address 0x0000000008006a34
 .igot.plt      0x0000000020000310        0x0 /usr/lib/gcc/arm-none-eabi/9.2.1/thumb/v7-m/nofp/crtbegin.o
                0x0000000020000310                . = ALIGN (0x4)

.bss            0x0000000020000310      0x194 load address 0x0000000008006a34
                0x0000000020000310                _sbss = .
                0x0000000020000310                __bss_start__ = _sbss
 *(.bss)
 .bss           0x0000000020000310       0x1c /usr/lib/gcc/arm-none-eabi/9.2.1/thumb/v7-m/nofp/crtbegin.o
 .bss           0x000000002000032c        0x8 /usr/lib/gcc/arm-none-eabi/9.2.1/../../../arm-none-eabi/lib/thumb/v7-m/nofp/libc_nano.a(lib_a-nano-mallocr.o)
                0x000000002000032c                __malloc_free_list
                0x0000000020000330                __malloc_sbrk_start
 .bss           0x0000000020000334        0x4 /usr/lib/gcc/arm-none-eabi/9.2.1/../../../arm-none-eabi/lib/thumb/v7-m/nofp/libnosys.a(sbrk.o)
 *(.bss*)
 .bss.CNT       0x0000000020000338        0x4 build/main.o
                0x0000000020000338                CNT
 .bss.testfloat.8364
                0x000000002000033c        0x4 build/main.o
 .bss.testint.8363
                0x0000000020000340        0x1 build/main.o
 *fill*         0x0000000020000341        0x1 
 .bss.CurrentTextColor
                0x0000000020000342        0x2 build/bsp_ili9341_lcd.o
 *(COMMON)
 COMMON         0x0000000020000344      0x118 build/main.o
                0x0000000020000344                htim3
                0x0000000020000384                hdac
                0x0000000020000398                htim6
                0x00000000200003d8                hdma_dac_ch2
                0x000000002000041c                htim1
 COMMON         0x000000002000045c       0x40 build/bsp_debug_usart.o
                0x000000002000045c                UartHandle
 COMMON         0x000000002000049c        0x4 build/stm32f1xx_hal.o
                0x000000002000049c                uwTick
 COMMON         0x00000000200004a0        0x4 /usr/lib/gcc/arm-none-eabi/9.2.1/../../../arm-none-eabi/lib/thumb/v7-m/nofp/libc_nano.a(lib_a-reent.o)
                0x00000000200004a0                errno
                0x00000000200004a4                . = ALIGN (0x4)
                0x00000000200004a4                _ebss = .
                0x00000000200004a4                __bss_end__ = _ebss

._user_heap_stack
                0x00000000200004a4      0x604 load address 0x0000000008006a34
                0x00000000200004a8                . = ALIGN (0x8)
 *fill*         0x00000000200004a4        0x4 
                0x00000000200004a8                PROVIDE (end = .)
                [!provide]                        PROVIDE (_end = .)
                0x00000000200006a8                . = (. + _Min_Heap_Size)
 *fill*         0x00000000200004a8      0x200 
                0x0000000020000aa8                . = (. + _Min_Stack_Size)
 *fill*         0x00000000200006a8      0x400 
                0x0000000020000aa8                . = ALIGN (0x8)

/DISCARD/
 libc.a(*)
 libm.a(*)
 libgcc.a(*)

.ARM.attributes
                0x0000000000000000       0x29
 *(.ARM.attributes)
 .ARM.attributes
                0x0000000000000000       0x1d /usr/lib/gcc/arm-none-eabi/9.2.1/thumb/v7-m/nofp/crti.o
 .ARM.attributes
                0x000000000000001d       0x2d /usr/lib/gcc/arm-none-eabi/9.2.1/thumb/v7-m/nofp/crtbegin.o
 .ARM.attributes
                0x000000000000004a       0x2d build/main.o
 .ARM.attributes
                0x0000000000000077       0x2d build/stm32f1xx_it.o
 .ARM.attributes
                0x00000000000000a4       0x2d build/bsp_debug_usart.o
 .ARM.attributes
                0x00000000000000d1       0x2d build/bsp_ili9341_lcd.o
 .ARM.attributes
                0x00000000000000fe       0x2d build/fonts.o
 .ARM.attributes
                0x000000000000012b       0x2d build/stm32f1xx_hal_msp.o
 .ARM.attributes
                0x0000000000000158       0x2d build/stm32f1xx_hal_tim.o
 .ARM.attributes
                0x0000000000000185       0x2d build/stm32f1xx_hal_tim_ex.o
 .ARM.attributes
                0x00000000000001b2       0x2d build/stm32f1xx_hal.o
 .ARM.attributes
                0x00000000000001df       0x2d build/stm32f1xx_hal_rcc.o
 .ARM.attributes
                0x000000000000020c       0x2d build/stm32f1xx_hal_gpio.o
 .ARM.attributes
                0x0000000000000239       0x2d build/stm32f1xx_hal_dma.o
 .ARM.attributes
                0x0000000000000266       0x2d build/stm32f1xx_hal_cortex.o
 .ARM.attributes
                0x0000000000000293       0x2d build/system_stm32f1xx.o
 .ARM.attributes
                0x00000000000002c0       0x2d build/stm32f1xx_hal_dac.o
 .ARM.attributes
                0x00000000000002ed       0x2d build/stm32f1xx_hal_dac_ex.o
 .ARM.attributes
                0x000000000000031a       0x2d build/stm32f1xx_hal_uart.o
 .ARM.attributes
                0x0000000000000347       0x21 build/startup_stm32f103xe.o
 .ARM.attributes
                0x0000000000000368       0x2d /usr/lib/gcc/arm-none-eabi/9.2.1/../../../arm-none-eabi/lib/thumb/v7-m/nofp/libc_nano.a(lib_a-impure.o)
 .ARM.attributes
                0x0000000000000395       0x2d /usr/lib/gcc/arm-none-eabi/9.2.1/../../../arm-none-eabi/lib/thumb/v7-m/nofp/libc_nano.a(lib_a-init.o)
 .ARM.attributes
                0x00000000000003c2       0x2d /usr/lib/gcc/arm-none-eabi/9.2.1/../../../arm-none-eabi/lib/thumb/v7-m/nofp/libc_nano.a(lib_a-sprintf.o)
 .ARM.attributes
                0x00000000000003ef       0x2d /usr/lib/gcc/arm-none-eabi/9.2.1/../../../arm-none-eabi/lib/thumb/v7-m/nofp/libc_nano.a(lib_a-findfp.o)
 .ARM.attributes
                0x000000000000041c       0x2d /usr/lib/gcc/arm-none-eabi/9.2.1/../../../arm-none-eabi/lib/thumb/v7-m/nofp/libc_nano.a(lib_a-nano-freer.o)
 .ARM.attributes
                0x0000000000000449       0x2d /usr/lib/gcc/arm-none-eabi/9.2.1/../../../arm-none-eabi/lib/thumb/v7-m/nofp/libc_nano.a(lib_a-nano-mallocr.o)
 .ARM.attributes
                0x0000000000000476       0x2d /usr/lib/gcc/arm-none-eabi/9.2.1/../../../arm-none-eabi/lib/thumb/v7-m/nofp/libc_nano.a(lib_a-nano-svfprintf.o)
 .ARM.attributes
                0x00000000000004a3       0x2d /usr/lib/gcc/arm-none-eabi/9.2.1/../../../arm-none-eabi/lib/thumb/v7-m/nofp/libc_nano.a(lib_a-nano-vfprintf_i.o)
 .ARM.attributes
                0x00000000000004d0       0x2d /usr/lib/gcc/arm-none-eabi/9.2.1/../../../arm-none-eabi/lib/thumb/v7-m/nofp/libc_nano.a(lib_a-sbrkr.o)
 .ARM.attributes
                0x00000000000004fd       0x2d /usr/lib/gcc/arm-none-eabi/9.2.1/../../../arm-none-eabi/lib/thumb/v7-m/nofp/libc_nano.a(lib_a-memchr-stub.o)
 .ARM.attributes
                0x000000000000052a       0x1b /usr/lib/gcc/arm-none-eabi/9.2.1/../../../arm-none-eabi/lib/thumb/v7-m/nofp/libc_nano.a(lib_a-memcpy.o)
 .ARM.attributes
                0x0000000000000545       0x2d /usr/lib/gcc/arm-none-eabi/9.2.1/../../../arm-none-eabi/lib/thumb/v7-m/nofp/libc_nano.a(lib_a-memmove.o)
 .ARM.attributes
                0x0000000000000572       0x2d /usr/lib/gcc/arm-none-eabi/9.2.1/../../../arm-none-eabi/lib/thumb/v7-m/nofp/libc_nano.a(lib_a-mlock.o)
 .ARM.attributes
                0x000000000000059f       0x2d /usr/lib/gcc/arm-none-eabi/9.2.1/../../../arm-none-eabi/lib/thumb/v7-m/nofp/libc_nano.a(lib_a-nano-reallocr.o)
 .ARM.attributes
                0x00000000000005cc       0x2d /usr/lib/gcc/arm-none-eabi/9.2.1/../../../arm-none-eabi/lib/thumb/v7-m/nofp/libc_nano.a(lib_a-reent.o)
 .ARM.attributes
                0x00000000000005f9       0x2d /usr/lib/gcc/arm-none-eabi/9.2.1/../../../arm-none-eabi/lib/thumb/v7-m/nofp/libc_nano.a(lib_a-nano-msizer.o)
 .ARM.attributes
                0x0000000000000626       0x2d /usr/lib/gcc/arm-none-eabi/9.2.1/../../../arm-none-eabi/lib/thumb/v7-m/nofp/libnosys.a(sbrk.o)
 .ARM.attributes
                0x0000000000000653       0x1d /usr/lib/gcc/arm-none-eabi/9.2.1/thumb/v7-m/nofp/libgcc.a(_arm_mulsf3.o)
 .ARM.attributes
                0x0000000000000670       0x1d /usr/lib/gcc/arm-none-eabi/9.2.1/thumb/v7-m/nofp/libgcc.a(_arm_addsubdf3.o)
 .ARM.attributes
                0x000000000000068d       0x1d /usr/lib/gcc/arm-none-eabi/9.2.1/thumb/v7-m/nofp/libgcc.a(_arm_truncdfsf2.o)
 .ARM.attributes
                0x00000000000006aa       0x1d /usr/lib/gcc/arm-none-eabi/9.2.1/thumb/v7-m/nofp/libgcc.a(_arm_addsubsf3.o)
 .ARM.attributes
                0x00000000000006c7       0x1d /usr/lib/gcc/arm-none-eabi/9.2.1/thumb/v7-m/nofp/libgcc.a(_arm_cmpsf2.o)
 .ARM.attributes
                0x00000000000006e4       0x1d /usr/lib/gcc/arm-none-eabi/9.2.1/thumb/v7-m/nofp/libgcc.a(_arm_fixsfsi.o)
 .ARM.attributes
                0x0000000000000701       0x2d /usr/lib/gcc/arm-none-eabi/9.2.1/thumb/v7-m/nofp/crtend.o
 .ARM.attributes
                0x000000000000072e       0x1d /usr/lib/gcc/arm-none-eabi/9.2.1/thumb/v7-m/nofp/crtn.o
OUTPUT(build/F103_Test.elf elf32-littlearm)
LOAD linker stubs
LOAD /usr/lib/gcc/arm-none-eabi/9.2.1/../../../arm-none-eabi/lib/thumb/v7-m/nofp/libc.a
LOAD /usr/lib/gcc/arm-none-eabi/9.2.1/../../../arm-none-eabi/lib/thumb/v7-m/nofp/libm.a
LOAD /usr/lib/gcc/arm-none-eabi/9.2.1/thumb/v7-m/nofp/libgcc.a

.comment        0x0000000000000000       0xa7
 .comment       0x0000000000000000       0x59 /usr/lib/gcc/arm-none-eabi/9.2.1/thumb/v7-m/nofp/crtbegin.o
                                         0x5a (size before relaxing)
 .comment       0x0000000000000059       0x5a build/main.o
 .comment       0x0000000000000059       0x5a build/stm32f1xx_it.o
 .comment       0x0000000000000059       0x5a build/bsp_debug_usart.o
 .comment       0x0000000000000059       0x5a build/bsp_ili9341_lcd.o
 .comment       0x0000000000000059       0x5a build/fonts.o
 .comment       0x0000000000000059       0x5a build/stm32f1xx_hal_msp.o
 .comment       0x0000000000000059       0x5a build/stm32f1xx_hal_tim.o
 .comment       0x0000000000000059       0x5a build/stm32f1xx_hal_tim_ex.o
 .comment       0x0000000000000059       0x5a build/stm32f1xx_hal.o
 .comment       0x0000000000000059       0x5a build/stm32f1xx_hal_rcc.o
 .comment       0x0000000000000059       0x5a build/stm32f1xx_hal_gpio.o
 .comment       0x0000000000000059       0x5a build/stm32f1xx_hal_dma.o
 .comment       0x0000000000000059       0x5a build/stm32f1xx_hal_cortex.o
 .comment       0x0000000000000059       0x5a build/system_stm32f1xx.o
 .comment       0x0000000000000059       0x5a build/stm32f1xx_hal_dac.o
 .comment       0x0000000000000059       0x5a build/stm32f1xx_hal_dac_ex.o
 .comment       0x0000000000000059       0x5a build/stm32f1xx_hal_uart.o
 .comment       0x0000000000000059       0x4e /usr/lib/gcc/arm-none-eabi/9.2.1/../../../arm-none-eabi/lib/thumb/v7-m/nofp/libc_nano.a(lib_a-impure.o)
                                         0x4f (size before relaxing)
 .comment       0x00000000000000a7       0x4f /usr/lib/gcc/arm-none-eabi/9.2.1/../../../arm-none-eabi/lib/thumb/v7-m/nofp/libc_nano.a(lib_a-init.o)
 .comment       0x00000000000000a7       0x4f /usr/lib/gcc/arm-none-eabi/9.2.1/../../../arm-none-eabi/lib/thumb/v7-m/nofp/libc_nano.a(lib_a-sprintf.o)
 .comment       0x00000000000000a7       0x4f /usr/lib/gcc/arm-none-eabi/9.2.1/../../../arm-none-eabi/lib/thumb/v7-m/nofp/libc_nano.a(lib_a-findfp.o)
 .comment       0x00000000000000a7       0x4f /usr/lib/gcc/arm-none-eabi/9.2.1/../../../arm-none-eabi/lib/thumb/v7-m/nofp/libc_nano.a(lib_a-nano-freer.o)
 .comment       0x00000000000000a7       0x4f /usr/lib/gcc/arm-none-eabi/9.2.1/../../../arm-none-eabi/lib/thumb/v7-m/nofp/libc_nano.a(lib_a-nano-mallocr.o)
 .comment       0x00000000000000a7       0x4f /usr/lib/gcc/arm-none-eabi/9.2.1/../../../arm-none-eabi/lib/thumb/v7-m/nofp/libc_nano.a(lib_a-nano-svfprintf.o)
 .comment       0x00000000000000a7       0x4f /usr/lib/gcc/arm-none-eabi/9.2.1/../../../arm-none-eabi/lib/thumb/v7-m/nofp/libc_nano.a(lib_a-nano-vfprintf_i.o)
 .comment       0x00000000000000a7       0x4f /usr/lib/gcc/arm-none-eabi/9.2.1/../../../arm-none-eabi/lib/thumb/v7-m/nofp/libc_nano.a(lib_a-sbrkr.o)
 .comment       0x00000000000000a7       0x4f /usr/lib/gcc/arm-none-eabi/9.2.1/../../../arm-none-eabi/lib/thumb/v7-m/nofp/libc_nano.a(lib_a-memchr-stub.o)
 .comment       0x00000000000000a7       0x4f /usr/lib/gcc/arm-none-eabi/9.2.1/../../../arm-none-eabi/lib/thumb/v7-m/nofp/libc_nano.a(lib_a-memmove.o)
 .comment       0x00000000000000a7       0x4f /usr/lib/gcc/arm-none-eabi/9.2.1/../../../arm-none-eabi/lib/thumb/v7-m/nofp/libc_nano.a(lib_a-mlock.o)
 .comment       0x00000000000000a7       0x4f /usr/lib/gcc/arm-none-eabi/9.2.1/../../../arm-none-eabi/lib/thumb/v7-m/nofp/libc_nano.a(lib_a-nano-reallocr.o)
 .comment       0x00000000000000a7       0x4f /usr/lib/gcc/arm-none-eabi/9.2.1/../../../arm-none-eabi/lib/thumb/v7-m/nofp/libc_nano.a(lib_a-reent.o)
 .comment       0x00000000000000a7       0x4f /usr/lib/gcc/arm-none-eabi/9.2.1/../../../arm-none-eabi/lib/thumb/v7-m/nofp/libc_nano.a(lib_a-nano-msizer.o)
 .comment       0x00000000000000a7       0x4f /usr/lib/gcc/arm-none-eabi/9.2.1/../../../arm-none-eabi/lib/thumb/v7-m/nofp/libnosys.a(sbrk.o)
 .comment       0x00000000000000a7       0x5a /usr/lib/gcc/arm-none-eabi/9.2.1/thumb/v7-m/nofp/crtend.o

.debug_info     0x0000000000000000    0x21a13
 .debug_info    0x0000000000000000     0x23c3 build/main.o
 .debug_info    0x00000000000023c3     0x1551 build/stm32f1xx_it.o
 .debug_info    0x0000000000003914     0x13bf build/bsp_debug_usart.o
 .debug_info    0x0000000000004cd3     0x28f0 build/bsp_ili9341_lcd.o
 .debug_info    0x00000000000075c3     0x1199 build/fonts.o
 .debug_info    0x000000000000875c     0x1c26 build/stm32f1xx_hal_msp.o
 .debug_info    0x000000000000a382     0x3918 build/stm32f1xx_hal_tim.o
 .debug_info    0x000000000000dc9a     0x17e3 build/stm32f1xx_hal_tim_ex.o
 .debug_info    0x000000000000f47d      0x908 build/stm32f1xx_hal.o
 .debug_info    0x000000000000fd85      0xb29 build/stm32f1xx_hal_rcc.o
 .debug_info    0x00000000000108ae      0x778 build/stm32f1xx_hal_gpio.o
 .debug_info    0x0000000000011026      0x982 build/stm32f1xx_hal_dma.o
 .debug_info    0x00000000000119a8      0xf2b build/stm32f1xx_hal_cortex.o
 .debug_info    0x00000000000128d3      0x4ab build/system_stm32f1xx.o
 .debug_info    0x0000000000012d7e      0xc2d build/stm32f1xx_hal_dac.o
 .debug_info    0x00000000000139ab      0x8ce build/stm32f1xx_hal_dac_ex.o
 .debug_info    0x0000000000014279     0x1a6a build/stm32f1xx_hal_uart.o
 .debug_info    0x0000000000015ce3       0x22 build/startup_stm32f103xe.o
 .debug_info    0x0000000000015d05      0x92a /usr/lib/gcc/arm-none-eabi/9.2.1/../../../arm-none-eabi/lib/thumb/v7-m/nofp/libc_nano.a(lib_a-impure.o)
 .debug_info    0x000000000001662f      0x11a /usr/lib/gcc/arm-none-eabi/9.2.1/../../../arm-none-eabi/lib/thumb/v7-m/nofp/libc_nano.a(lib_a-init.o)
 .debug_info    0x0000000000016749      0xc90 /usr/lib/gcc/arm-none-eabi/9.2.1/../../../arm-none-eabi/lib/thumb/v7-m/nofp/libc_nano.a(lib_a-sprintf.o)
 .debug_info    0x00000000000173d9     0x11a8 /usr/lib/gcc/arm-none-eabi/9.2.1/../../../arm-none-eabi/lib/thumb/v7-m/nofp/libc_nano.a(lib_a-findfp.o)
 .debug_info    0x0000000000018581      0xb85 /usr/lib/gcc/arm-none-eabi/9.2.1/../../../arm-none-eabi/lib/thumb/v7-m/nofp/libc_nano.a(lib_a-nano-freer.o)
 .debug_info    0x0000000000019106      0xc5a /usr/lib/gcc/arm-none-eabi/9.2.1/../../../arm-none-eabi/lib/thumb/v7-m/nofp/libc_nano.a(lib_a-nano-mallocr.o)
 .debug_info    0x0000000000019d60     0x17e4 /usr/lib/gcc/arm-none-eabi/9.2.1/../../../arm-none-eabi/lib/thumb/v7-m/nofp/libc_nano.a(lib_a-nano-svfprintf.o)
 .debug_info    0x000000000001b544     0x1592 /usr/lib/gcc/arm-none-eabi/9.2.1/../../../arm-none-eabi/lib/thumb/v7-m/nofp/libc_nano.a(lib_a-nano-vfprintf_i.o)
 .debug_info    0x000000000001cad6      0x9fb /usr/lib/gcc/arm-none-eabi/9.2.1/../../../arm-none-eabi/lib/thumb/v7-m/nofp/libc_nano.a(lib_a-sbrkr.o)
 .debug_info    0x000000000001d4d1      0x9e3 /usr/lib/gcc/arm-none-eabi/9.2.1/../../../arm-none-eabi/lib/thumb/v7-m/nofp/libc_nano.a(lib_a-memchr-stub.o)
 .debug_info    0x000000000001deb4       0x26 /usr/lib/gcc/arm-none-eabi/9.2.1/../../../arm-none-eabi/lib/thumb/v7-m/nofp/libc_nano.a(lib_a-memcpy.o)
 .debug_info    0x000000000001deda      0xf2b /usr/lib/gcc/arm-none-eabi/9.2.1/../../../arm-none-eabi/lib/thumb/v7-m/nofp/libc_nano.a(lib_a-memmove.o)
 .debug_info    0x000000000001ee05      0x961 /usr/lib/gcc/arm-none-eabi/9.2.1/../../../arm-none-eabi/lib/thumb/v7-m/nofp/libc_nano.a(lib_a-mlock.o)
 .debug_info    0x000000000001f766      0xb77 /usr/lib/gcc/arm-none-eabi/9.2.1/../../../arm-none-eabi/lib/thumb/v7-m/nofp/libc_nano.a(lib_a-nano-reallocr.o)
 .debug_info    0x00000000000202dd      0xb0f /usr/lib/gcc/arm-none-eabi/9.2.1/../../../arm-none-eabi/lib/thumb/v7-m/nofp/libc_nano.a(lib_a-reent.o)
 .debug_info    0x0000000000020dec      0xaa6 /usr/lib/gcc/arm-none-eabi/9.2.1/../../../arm-none-eabi/lib/thumb/v7-m/nofp/libc_nano.a(lib_a-nano-msizer.o)
 .debug_info    0x0000000000021892       0x9d /usr/lib/gcc/arm-none-eabi/9.2.1/../../../arm-none-eabi/lib/thumb/v7-m/nofp/libnosys.a(sbrk.o)
 .debug_info    0x000000000002192f       0x26 /usr/lib/gcc/arm-none-eabi/9.2.1/thumb/v7-m/nofp/libgcc.a(_arm_mulsf3.o)
 .debug_info    0x0000000000021955       0x26 /usr/lib/gcc/arm-none-eabi/9.2.1/thumb/v7-m/nofp/libgcc.a(_arm_addsubdf3.o)
 .debug_info    0x000000000002197b       0x26 /usr/lib/gcc/arm-none-eabi/9.2.1/thumb/v7-m/nofp/libgcc.a(_arm_truncdfsf2.o)
 .debug_info    0x00000000000219a1       0x26 /usr/lib/gcc/arm-none-eabi/9.2.1/thumb/v7-m/nofp/libgcc.a(_arm_addsubsf3.o)
 .debug_info    0x00000000000219c7       0x26 /usr/lib/gcc/arm-none-eabi/9.2.1/thumb/v7-m/nofp/libgcc.a(_arm_cmpsf2.o)
 .debug_info    0x00000000000219ed       0x26 /usr/lib/gcc/arm-none-eabi/9.2.1/thumb/v7-m/nofp/libgcc.a(_arm_fixsfsi.o)

.debug_abbrev   0x0000000000000000     0x50df
 .debug_abbrev  0x0000000000000000      0x364 build/main.o
 .debug_abbrev  0x0000000000000364      0x27c build/stm32f1xx_it.o
 .debug_abbrev  0x00000000000005e0      0x2c7 build/bsp_debug_usart.o
 .debug_abbrev  0x00000000000008a7      0x3c7 build/bsp_ili9341_lcd.o
 .debug_abbrev  0x0000000000000c6e      0x2be build/fonts.o
 .debug_abbrev  0x0000000000000f2c      0x29c build/stm32f1xx_hal_msp.o
 .debug_abbrev  0x00000000000011c8      0x2c3 build/stm32f1xx_hal_tim.o
 .debug_abbrev  0x000000000000148b      0x2ab build/stm32f1xx_hal_tim_ex.o
 .debug_abbrev  0x0000000000001736      0x22f build/stm32f1xx_hal.o
 .debug_abbrev  0x0000000000001965      0x2ad build/stm32f1xx_hal_rcc.o
 .debug_abbrev  0x0000000000001c12      0x24f build/stm32f1xx_hal_gpio.o
 .debug_abbrev  0x0000000000001e61      0x2a1 build/stm32f1xx_hal_dma.o
 .debug_abbrev  0x0000000000002102      0x37f build/stm32f1xx_hal_cortex.o
 .debug_abbrev  0x0000000000002481      0x153 build/system_stm32f1xx.o
 .debug_abbrev  0x00000000000025d4      0x222 build/stm32f1xx_hal_dac.o
 .debug_abbrev  0x00000000000027f6      0x2b4 build/stm32f1xx_hal_dac_ex.o
 .debug_abbrev  0x0000000000002aaa      0x2ea build/stm32f1xx_hal_uart.o
 .debug_abbrev  0x0000000000002d94       0x12 build/startup_stm32f103xe.o
 .debug_abbrev  0x0000000000002da6      0x17a /usr/lib/gcc/arm-none-eabi/9.2.1/../../../arm-none-eabi/lib/thumb/v7-m/nofp/libc_nano.a(lib_a-impure.o)
 .debug_abbrev  0x0000000000002f20       0xcc /usr/lib/gcc/arm-none-eabi/9.2.1/../../../arm-none-eabi/lib/thumb/v7-m/nofp/libc_nano.a(lib_a-init.o)
 .debug_abbrev  0x0000000000002fec      0x274 /usr/lib/gcc/arm-none-eabi/9.2.1/../../../arm-none-eabi/lib/thumb/v7-m/nofp/libc_nano.a(lib_a-sprintf.o)
 .debug_abbrev  0x0000000000003260      0x3dc /usr/lib/gcc/arm-none-eabi/9.2.1/../../../arm-none-eabi/lib/thumb/v7-m/nofp/libc_nano.a(lib_a-findfp.o)
 .debug_abbrev  0x000000000000363c      0x286 /usr/lib/gcc/arm-none-eabi/9.2.1/../../../arm-none-eabi/lib/thumb/v7-m/nofp/libc_nano.a(lib_a-nano-freer.o)
 .debug_abbrev  0x00000000000038c2      0x2d1 /usr/lib/gcc/arm-none-eabi/9.2.1/../../../arm-none-eabi/lib/thumb/v7-m/nofp/libc_nano.a(lib_a-nano-mallocr.o)
 .debug_abbrev  0x0000000000003b93      0x33f /usr/lib/gcc/arm-none-eabi/9.2.1/../../../arm-none-eabi/lib/thumb/v7-m/nofp/libc_nano.a(lib_a-nano-svfprintf.o)
 .debug_abbrev  0x0000000000003ed2      0x2dc /usr/lib/gcc/arm-none-eabi/9.2.1/../../../arm-none-eabi/lib/thumb/v7-m/nofp/libc_nano.a(lib_a-nano-vfprintf_i.o)
 .debug_abbrev  0x00000000000041ae      0x212 /usr/lib/gcc/arm-none-eabi/9.2.1/../../../arm-none-eabi/lib/thumb/v7-m/nofp/libc_nano.a(lib_a-sbrkr.o)
 .debug_abbrev  0x00000000000043c0      0x1d7 /usr/lib/gcc/arm-none-eabi/9.2.1/../../../arm-none-eabi/lib/thumb/v7-m/nofp/libc_nano.a(lib_a-memchr-stub.o)
 .debug_abbrev  0x0000000000004597       0x14 /usr/lib/gcc/arm-none-eabi/9.2.1/../../../arm-none-eabi/lib/thumb/v7-m/nofp/libc_nano.a(lib_a-memcpy.o)
 .debug_abbrev  0x00000000000045ab      0x1de /usr/lib/gcc/arm-none-eabi/9.2.1/../../../arm-none-eabi/lib/thumb/v7-m/nofp/libc_nano.a(lib_a-memmove.o)
 .debug_abbrev  0x0000000000004789      0x1c5 /usr/lib/gcc/arm-none-eabi/9.2.1/../../../arm-none-eabi/lib/thumb/v7-m/nofp/libc_nano.a(lib_a-mlock.o)
 .debug_abbrev  0x000000000000494e      0x22a /usr/lib/gcc/arm-none-eabi/9.2.1/../../../arm-none-eabi/lib/thumb/v7-m/nofp/libc_nano.a(lib_a-nano-reallocr.o)
 .debug_abbrev  0x0000000000004b78      0x268 /usr/lib/gcc/arm-none-eabi/9.2.1/../../../arm-none-eabi/lib/thumb/v7-m/nofp/libc_nano.a(lib_a-reent.o)
 .debug_abbrev  0x0000000000004de0      0x1e5 /usr/lib/gcc/arm-none-eabi/9.2.1/../../../arm-none-eabi/lib/thumb/v7-m/nofp/libc_nano.a(lib_a-nano-msizer.o)
 .debug_abbrev  0x0000000000004fc5       0xa2 /usr/lib/gcc/arm-none-eabi/9.2.1/../../../arm-none-eabi/lib/thumb/v7-m/nofp/libnosys.a(sbrk.o)
 .debug_abbrev  0x0000000000005067       0x14 /usr/lib/gcc/arm-none-eabi/9.2.1/thumb/v7-m/nofp/libgcc.a(_arm_mulsf3.o)
 .debug_abbrev  0x000000000000507b       0x14 /usr/lib/gcc/arm-none-eabi/9.2.1/thumb/v7-m/nofp/libgcc.a(_arm_addsubdf3.o)
 .debug_abbrev  0x000000000000508f       0x14 /usr/lib/gcc/arm-none-eabi/9.2.1/thumb/v7-m/nofp/libgcc.a(_arm_truncdfsf2.o)
 .debug_abbrev  0x00000000000050a3       0x14 /usr/lib/gcc/arm-none-eabi/9.2.1/thumb/v7-m/nofp/libgcc.a(_arm_addsubsf3.o)
 .debug_abbrev  0x00000000000050b7       0x14 /usr/lib/gcc/arm-none-eabi/9.2.1/thumb/v7-m/nofp/libgcc.a(_arm_cmpsf2.o)
 .debug_abbrev  0x00000000000050cb       0x14 /usr/lib/gcc/arm-none-eabi/9.2.1/thumb/v7-m/nofp/libgcc.a(_arm_fixsfsi.o)

.debug_loc      0x0000000000000000     0xeec4
 .debug_loc     0x0000000000000000      0x24d build/main.o
 .debug_loc     0x000000000000024d       0xa5 build/stm32f1xx_it.o
 .debug_loc     0x00000000000002f2      0x1cf build/bsp_debug_usart.o
 .debug_loc     0x00000000000004c1     0x1deb build/bsp_ili9341_lcd.o
 .debug_loc     0x00000000000022ac       0xff build/fonts.o
 .debug_loc     0x00000000000023ab      0x25e build/stm32f1xx_hal_msp.o
 .debug_loc     0x0000000000002609     0x455f build/stm32f1xx_hal_tim.o
 .debug_loc     0x0000000000006b68     0x15ad build/stm32f1xx_hal_tim_ex.o
 .debug_loc     0x0000000000008115      0x1bb build/stm32f1xx_hal.o
 .debug_loc     0x00000000000082d0      0x7c0 build/stm32f1xx_hal_rcc.o
 .debug_loc     0x0000000000008a90      0x501 build/stm32f1xx_hal_gpio.o
 .debug_loc     0x0000000000008f91      0x8ea build/stm32f1xx_hal_dma.o
 .debug_loc     0x000000000000987b      0x7af build/stm32f1xx_hal_cortex.o
 .debug_loc     0x000000000000a02a       0xff build/system_stm32f1xx.o
 .debug_loc     0x000000000000a129      0x8ff build/stm32f1xx_hal_dac.o
 .debug_loc     0x000000000000aa28      0x447 build/stm32f1xx_hal_dac_ex.o
 .debug_loc     0x000000000000ae6f     0x1d1b build/stm32f1xx_hal_uart.o
 .debug_loc     0x000000000000cb8a       0xba /usr/lib/gcc/arm-none-eabi/9.2.1/../../../arm-none-eabi/lib/thumb/v7-m/nofp/libc_nano.a(lib_a-init.o)
 .debug_loc     0x000000000000cc44       0xd1 /usr/lib/gcc/arm-none-eabi/9.2.1/../../../arm-none-eabi/lib/thumb/v7-m/nofp/libc_nano.a(lib_a-sprintf.o)
 .debug_loc     0x000000000000cd15      0x339 /usr/lib/gcc/arm-none-eabi/9.2.1/../../../arm-none-eabi/lib/thumb/v7-m/nofp/libc_nano.a(lib_a-findfp.o)
 .debug_loc     0x000000000000d04e      0x1f7 /usr/lib/gcc/arm-none-eabi/9.2.1/../../../arm-none-eabi/lib/thumb/v7-m/nofp/libc_nano.a(lib_a-nano-freer.o)
 .debug_loc     0x000000000000d245      0x424 /usr/lib/gcc/arm-none-eabi/9.2.1/../../../arm-none-eabi/lib/thumb/v7-m/nofp/libc_nano.a(lib_a-nano-mallocr.o)
 .debug_loc     0x000000000000d669      0x80e /usr/lib/gcc/arm-none-eabi/9.2.1/../../../arm-none-eabi/lib/thumb/v7-m/nofp/libc_nano.a(lib_a-nano-svfprintf.o)
 .debug_loc     0x000000000000de77      0x7ab /usr/lib/gcc/arm-none-eabi/9.2.1/../../../arm-none-eabi/lib/thumb/v7-m/nofp/libc_nano.a(lib_a-nano-vfprintf_i.o)
 .debug_loc     0x000000000000e622       0x6c /usr/lib/gcc/arm-none-eabi/9.2.1/../../../arm-none-eabi/lib/thumb/v7-m/nofp/libc_nano.a(lib_a-sbrkr.o)
 .debug_loc     0x000000000000e68e      0x226 /usr/lib/gcc/arm-none-eabi/9.2.1/../../../arm-none-eabi/lib/thumb/v7-m/nofp/libc_nano.a(lib_a-memchr-stub.o)
 .debug_loc     0x000000000000e8b4      0x2e4 /usr/lib/gcc/arm-none-eabi/9.2.1/../../../arm-none-eabi/lib/thumb/v7-m/nofp/libc_nano.a(lib_a-memmove.o)
 .debug_loc     0x000000000000eb98      0x133 /usr/lib/gcc/arm-none-eabi/9.2.1/../../../arm-none-eabi/lib/thumb/v7-m/nofp/libc_nano.a(lib_a-nano-reallocr.o)
 .debug_loc     0x000000000000eccb      0x135 /usr/lib/gcc/arm-none-eabi/9.2.1/../../../arm-none-eabi/lib/thumb/v7-m/nofp/libc_nano.a(lib_a-reent.o)
 .debug_loc     0x000000000000ee00       0x86 /usr/lib/gcc/arm-none-eabi/9.2.1/../../../arm-none-eabi/lib/thumb/v7-m/nofp/libc_nano.a(lib_a-nano-msizer.o)
 .debug_loc     0x000000000000ee86       0x3e /usr/lib/gcc/arm-none-eabi/9.2.1/../../../arm-none-eabi/lib/thumb/v7-m/nofp/libnosys.a(sbrk.o)

.debug_aranges  0x0000000000000000     0x10c8
 .debug_aranges
                0x0000000000000000       0x68 build/main.o
 .debug_aranges
                0x0000000000000068       0x78 build/stm32f1xx_it.o
 .debug_aranges
                0x00000000000000e0       0x40 build/bsp_debug_usart.o
 .debug_aranges
                0x0000000000000120      0x150 build/bsp_ili9341_lcd.o
 .debug_aranges
                0x0000000000000270       0x20 build/fonts.o
 .debug_aranges
                0x0000000000000290       0x40 build/stm32f1xx_hal_msp.o
 .debug_aranges
                0x00000000000002d0      0x3a8 build/stm32f1xx_hal_tim.o
 .debug_aranges
                0x0000000000000678      0x150 build/stm32f1xx_hal_tim_ex.o
 .debug_aranges
                0x00000000000007c8       0xe0 build/stm32f1xx_hal.o
 .debug_aranges
                0x00000000000008a8       0x90 build/stm32f1xx_hal_rcc.o
 .debug_aranges
                0x0000000000000938       0x58 build/stm32f1xx_hal_gpio.o
 .debug_aranges
                0x0000000000000990       0x80 build/stm32f1xx_hal_dma.o
 .debug_aranges
                0x0000000000000a10       0x90 build/stm32f1xx_hal_cortex.o
 .debug_aranges
                0x0000000000000aa0       0x28 build/system_stm32f1xx.o
 .debug_aranges
                0x0000000000000ac8       0xc0 build/stm32f1xx_hal_dac.o
 .debug_aranges
                0x0000000000000b88       0x70 build/stm32f1xx_hal_dac_ex.o
 .debug_aranges
                0x0000000000000bf8      0x1d0 build/stm32f1xx_hal_uart.o
 .debug_aranges
                0x0000000000000dc8       0x28 build/startup_stm32f103xe.o
 .debug_aranges
                0x0000000000000df0       0x18 /usr/lib/gcc/arm-none-eabi/9.2.1/../../../arm-none-eabi/lib/thumb/v7-m/nofp/libc_nano.a(lib_a-impure.o)
 .debug_aranges
                0x0000000000000e08       0x20 /usr/lib/gcc/arm-none-eabi/9.2.1/../../../arm-none-eabi/lib/thumb/v7-m/nofp/libc_nano.a(lib_a-init.o)
 .debug_aranges
                0x0000000000000e28       0x20 /usr/lib/gcc/arm-none-eabi/9.2.1/../../../arm-none-eabi/lib/thumb/v7-m/nofp/libc_nano.a(lib_a-sprintf.o)
 .debug_aranges
                0x0000000000000e48       0x20 /usr/lib/gcc/arm-none-eabi/9.2.1/../../../arm-none-eabi/lib/thumb/v7-m/nofp/libc_nano.a(lib_a-findfp.o)
 .debug_aranges
                0x0000000000000e68       0x20 /usr/lib/gcc/arm-none-eabi/9.2.1/../../../arm-none-eabi/lib/thumb/v7-m/nofp/libc_nano.a(lib_a-nano-freer.o)
 .debug_aranges
                0x0000000000000e88       0x20 /usr/lib/gcc/arm-none-eabi/9.2.1/../../../arm-none-eabi/lib/thumb/v7-m/nofp/libc_nano.a(lib_a-nano-mallocr.o)
 .debug_aranges
                0x0000000000000ea8       0x20 /usr/lib/gcc/arm-none-eabi/9.2.1/../../../arm-none-eabi/lib/thumb/v7-m/nofp/libc_nano.a(lib_a-nano-svfprintf.o)
 .debug_aranges
                0x0000000000000ec8       0x20 /usr/lib/gcc/arm-none-eabi/9.2.1/../../../arm-none-eabi/lib/thumb/v7-m/nofp/libc_nano.a(lib_a-nano-vfprintf_i.o)
 .debug_aranges
                0x0000000000000ee8       0x20 /usr/lib/gcc/arm-none-eabi/9.2.1/../../../arm-none-eabi/lib/thumb/v7-m/nofp/libc_nano.a(lib_a-sbrkr.o)
 .debug_aranges
                0x0000000000000f08       0x20 /usr/lib/gcc/arm-none-eabi/9.2.1/../../../arm-none-eabi/lib/thumb/v7-m/nofp/libc_nano.a(lib_a-memchr-stub.o)
 .debug_aranges
                0x0000000000000f28       0x20 /usr/lib/gcc/arm-none-eabi/9.2.1/../../../arm-none-eabi/lib/thumb/v7-m/nofp/libc_nano.a(lib_a-memcpy.o)
 .debug_aranges
                0x0000000000000f48       0x20 /usr/lib/gcc/arm-none-eabi/9.2.1/../../../arm-none-eabi/lib/thumb/v7-m/nofp/libc_nano.a(lib_a-memmove.o)
 .debug_aranges
                0x0000000000000f68       0x20 /usr/lib/gcc/arm-none-eabi/9.2.1/../../../arm-none-eabi/lib/thumb/v7-m/nofp/libc_nano.a(lib_a-mlock.o)
 .debug_aranges
                0x0000000000000f88       0x20 /usr/lib/gcc/arm-none-eabi/9.2.1/../../../arm-none-eabi/lib/thumb/v7-m/nofp/libc_nano.a(lib_a-nano-reallocr.o)
 .debug_aranges
                0x0000000000000fa8       0x20 /usr/lib/gcc/arm-none-eabi/9.2.1/../../../arm-none-eabi/lib/thumb/v7-m/nofp/libc_nano.a(lib_a-reent.o)
 .debug_aranges
                0x0000000000000fc8       0x20 /usr/lib/gcc/arm-none-eabi/9.2.1/../../../arm-none-eabi/lib/thumb/v7-m/nofp/libc_nano.a(lib_a-nano-msizer.o)
 .debug_aranges
                0x0000000000000fe8       0x20 /usr/lib/gcc/arm-none-eabi/9.2.1/../../../arm-none-eabi/lib/thumb/v7-m/nofp/libnosys.a(sbrk.o)
 .debug_aranges
                0x0000000000001008       0x20 /usr/lib/gcc/arm-none-eabi/9.2.1/thumb/v7-m/nofp/libgcc.a(_arm_mulsf3.o)
 .debug_aranges
                0x0000000000001028       0x20 /usr/lib/gcc/arm-none-eabi/9.2.1/thumb/v7-m/nofp/libgcc.a(_arm_addsubdf3.o)
 .debug_aranges
                0x0000000000001048       0x20 /usr/lib/gcc/arm-none-eabi/9.2.1/thumb/v7-m/nofp/libgcc.a(_arm_truncdfsf2.o)
 .debug_aranges
                0x0000000000001068       0x20 /usr/lib/gcc/arm-none-eabi/9.2.1/thumb/v7-m/nofp/libgcc.a(_arm_addsubsf3.o)
 .debug_aranges
                0x0000000000001088       0x20 /usr/lib/gcc/arm-none-eabi/9.2.1/thumb/v7-m/nofp/libgcc.a(_arm_cmpsf2.o)
 .debug_aranges
                0x00000000000010a8       0x20 /usr/lib/gcc/arm-none-eabi/9.2.1/thumb/v7-m/nofp/libgcc.a(_arm_fixsfsi.o)

.debug_ranges   0x0000000000000000      0xfe8
 .debug_ranges  0x0000000000000000       0x58 build/main.o
 .debug_ranges  0x0000000000000058       0x68 build/stm32f1xx_it.o
 .debug_ranges  0x00000000000000c0       0x30 build/bsp_debug_usart.o
 .debug_ranges  0x00000000000000f0      0x170 build/bsp_ili9341_lcd.o
 .debug_ranges  0x0000000000000260       0x10 build/fonts.o
 .debug_ranges  0x0000000000000270       0x30 build/stm32f1xx_hal_msp.o
 .debug_ranges  0x00000000000002a0      0x398 build/stm32f1xx_hal_tim.o
 .debug_ranges  0x0000000000000638      0x140 build/stm32f1xx_hal_tim_ex.o
 .debug_ranges  0x0000000000000778       0xd0 build/stm32f1xx_hal.o
 .debug_ranges  0x0000000000000848       0xa0 build/stm32f1xx_hal_rcc.o
 .debug_ranges  0x00000000000008e8       0x48 build/stm32f1xx_hal_gpio.o
 .debug_ranges  0x0000000000000930       0x70 build/stm32f1xx_hal_dma.o
 .debug_ranges  0x00000000000009a0       0xe0 build/stm32f1xx_hal_cortex.o
 .debug_ranges  0x0000000000000a80       0x18 build/system_stm32f1xx.o
 .debug_ranges  0x0000000000000a98       0xb0 build/stm32f1xx_hal_dac.o
 .debug_ranges  0x0000000000000b48       0x60 build/stm32f1xx_hal_dac_ex.o
 .debug_ranges  0x0000000000000ba8      0x1c0 build/stm32f1xx_hal_uart.o
 .debug_ranges  0x0000000000000d68       0x20 build/startup_stm32f103xe.o
 .debug_ranges  0x0000000000000d88      0x128 /usr/lib/gcc/arm-none-eabi/9.2.1/../../../arm-none-eabi/lib/thumb/v7-m/nofp/libc_nano.a(lib_a-findfp.o)
 .debug_ranges  0x0000000000000eb0       0x18 /usr/lib/gcc/arm-none-eabi/9.2.1/../../../arm-none-eabi/lib/thumb/v7-m/nofp/libc_nano.a(lib_a-nano-freer.o)
 .debug_ranges  0x0000000000000ec8       0x38 /usr/lib/gcc/arm-none-eabi/9.2.1/../../../arm-none-eabi/lib/thumb/v7-m/nofp/libc_nano.a(lib_a-nano-mallocr.o)
 .debug_ranges  0x0000000000000f00       0x50 /usr/lib/gcc/arm-none-eabi/9.2.1/../../../arm-none-eabi/lib/thumb/v7-m/nofp/libc_nano.a(lib_a-nano-svfprintf.o)
 .debug_ranges  0x0000000000000f50       0x98 /usr/lib/gcc/arm-none-eabi/9.2.1/../../../arm-none-eabi/lib/thumb/v7-m/nofp/libc_nano.a(lib_a-nano-vfprintf_i.o)

.debug_line     0x0000000000000000     0xf2a0
 .debug_line    0x0000000000000000      0x6de build/main.o
 .debug_line    0x00000000000006de      0x366 build/stm32f1xx_it.o
 .debug_line    0x0000000000000a44      0x33b build/bsp_debug_usart.o
 .debug_line    0x0000000000000d7f     0x1311 build/bsp_ili9341_lcd.o
 .debug_line    0x0000000000002090      0x226 build/fonts.o
 .debug_line    0x00000000000022b6      0x43d build/stm32f1xx_hal_msp.o
 .debug_line    0x00000000000026f3     0x3614 build/stm32f1xx_hal_tim.o
 .debug_line    0x0000000000005d07     0x1139 build/stm32f1xx_hal_tim_ex.o
 .debug_line    0x0000000000006e40      0x484 build/stm32f1xx_hal.o
 .debug_line    0x00000000000072c4      0xba5 build/stm32f1xx_hal_rcc.o
 .debug_line    0x0000000000007e69      0x59c build/stm32f1xx_hal_gpio.o
 .debug_line    0x0000000000008405      0xc95 build/stm32f1xx_hal_dma.o
 .debug_line    0x000000000000909a      0x5de build/stm32f1xx_hal_cortex.o
 .debug_line    0x0000000000009678      0x22e build/system_stm32f1xx.o
 .debug_line    0x00000000000098a6      0x78e build/stm32f1xx_hal_dac.o
 .debug_line    0x000000000000a034      0x3f3 build/stm32f1xx_hal_dac_ex.o
 .debug_line    0x000000000000a427     0x1b47 build/stm32f1xx_hal_uart.o
 .debug_line    0x000000000000bf6e       0x72 build/startup_stm32f103xe.o
 .debug_line    0x000000000000bfe0       0xe3 /usr/lib/gcc/arm-none-eabi/9.2.1/../../../arm-none-eabi/lib/thumb/v7-m/nofp/libc_nano.a(lib_a-impure.o)
 .debug_line    0x000000000000c0c3      0x114 /usr/lib/gcc/arm-none-eabi/9.2.1/../../../arm-none-eabi/lib/thumb/v7-m/nofp/libc_nano.a(lib_a-init.o)
 .debug_line    0x000000000000c1d7      0x22d /usr/lib/gcc/arm-none-eabi/9.2.1/../../../arm-none-eabi/lib/thumb/v7-m/nofp/libc_nano.a(lib_a-sprintf.o)
 .debug_line    0x000000000000c404      0x56b /usr/lib/gcc/arm-none-eabi/9.2.1/../../../arm-none-eabi/lib/thumb/v7-m/nofp/libc_nano.a(lib_a-findfp.o)
 .debug_line    0x000000000000c96f      0x29d /usr/lib/gcc/arm-none-eabi/9.2.1/../../../arm-none-eabi/lib/thumb/v7-m/nofp/libc_nano.a(lib_a-nano-freer.o)
 .debug_line    0x000000000000cc0c      0x2f0 /usr/lib/gcc/arm-none-eabi/9.2.1/../../../arm-none-eabi/lib/thumb/v7-m/nofp/libc_nano.a(lib_a-nano-mallocr.o)
 .debug_line    0x000000000000cefc      0x8a7 /usr/lib/gcc/arm-none-eabi/9.2.1/../../../arm-none-eabi/lib/thumb/v7-m/nofp/libc_nano.a(lib_a-nano-svfprintf.o)
 .debug_line    0x000000000000d7a3      0x7a1 /usr/lib/gcc/arm-none-eabi/9.2.1/../../../arm-none-eabi/lib/thumb/v7-m/nofp/libc_nano.a(lib_a-nano-vfprintf_i.o)
 .debug_line    0x000000000000df44      0x182 /usr/lib/gcc/arm-none-eabi/9.2.1/../../../arm-none-eabi/lib/thumb/v7-m/nofp/libc_nano.a(lib_a-sbrkr.o)
 .debug_line    0x000000000000e0c6      0x20c /usr/lib/gcc/arm-none-eabi/9.2.1/../../../arm-none-eabi/lib/thumb/v7-m/nofp/libc_nano.a(lib_a-memchr-stub.o)
 .debug_line    0x000000000000e2d2       0xc1 /usr/lib/gcc/arm-none-eabi/9.2.1/../../../arm-none-eabi/lib/thumb/v7-m/nofp/libc_nano.a(lib_a-memcpy.o)
 .debug_line    0x000000000000e393      0x28c /usr/lib/gcc/arm-none-eabi/9.2.1/../../../arm-none-eabi/lib/thumb/v7-m/nofp/libc_nano.a(lib_a-memmove.o)
 .debug_line    0x000000000000e61f      0x13d /usr/lib/gcc/arm-none-eabi/9.2.1/../../../arm-none-eabi/lib/thumb/v7-m/nofp/libc_nano.a(lib_a-mlock.o)
 .debug_line    0x000000000000e75c      0x1c5 /usr/lib/gcc/arm-none-eabi/9.2.1/../../../arm-none-eabi/lib/thumb/v7-m/nofp/libc_nano.a(lib_a-nano-reallocr.o)
 .debug_line    0x000000000000e921      0x275 /usr/lib/gcc/arm-none-eabi/9.2.1/../../../arm-none-eabi/lib/thumb/v7-m/nofp/libc_nano.a(lib_a-reent.o)
 .debug_line    0x000000000000eb96      0x166 /usr/lib/gcc/arm-none-eabi/9.2.1/../../../arm-none-eabi/lib/thumb/v7-m/nofp/libc_nano.a(lib_a-nano-msizer.o)
 .debug_line    0x000000000000ecfc       0x79 /usr/lib/gcc/arm-none-eabi/9.2.1/../../../arm-none-eabi/lib/thumb/v7-m/nofp/libnosys.a(sbrk.o)
 .debug_line    0x000000000000ed75       0xd4 /usr/lib/gcc/arm-none-eabi/9.2.1/thumb/v7-m/nofp/libgcc.a(_arm_mulsf3.o)
 .debug_line    0x000000000000ee49      0x186 /usr/lib/gcc/arm-none-eabi/9.2.1/thumb/v7-m/nofp/libgcc.a(_arm_addsubdf3.o)
 .debug_line    0x000000000000efcf       0x8d /usr/lib/gcc/arm-none-eabi/9.2.1/thumb/v7-m/nofp/libgcc.a(_arm_truncdfsf2.o)
 .debug_line    0x000000000000f05c      0x11a /usr/lib/gcc/arm-none-eabi/9.2.1/thumb/v7-m/nofp/libgcc.a(_arm_addsubsf3.o)
 .debug_line    0x000000000000f176       0xb1 /usr/lib/gcc/arm-none-eabi/9.2.1/thumb/v7-m/nofp/libgcc.a(_arm_cmpsf2.o)
 .debug_line    0x000000000000f227       0x79 /usr/lib/gcc/arm-none-eabi/9.2.1/thumb/v7-m/nofp/libgcc.a(_arm_fixsfsi.o)

.debug_str      0x0000000000000000     0x53cc
 .debug_str     0x0000000000000000     0x14ff build/main.o
                                       0x1633 (size before relaxing)
 .debug_str     0x00000000000014ff      0x135 build/stm32f1xx_it.o
                                        0xd66 (size before relaxing)
 .debug_str     0x0000000000001634       0x7b build/bsp_debug_usart.o
                                        0xae5 (size before relaxing)
 .debug_str     0x00000000000016af      0x5a4 build/bsp_ili9341_lcd.o
                                        0x990 (size before relaxing)
 .debug_str     0x0000000000001c53       0x84 build/fonts.o
                                        0xa94 (size before relaxing)
 .debug_str     0x0000000000001cd7       0xd9 build/stm32f1xx_hal_msp.o
                                       0x12d1 (size before relaxing)
 .debug_str     0x0000000000001db0      0xd3f build/stm32f1xx_hal_tim.o
                                       0x14e0 (size before relaxing)
 .debug_str     0x0000000000002aef      0x4d5 build/stm32f1xx_hal_tim_ex.o
                                        0xcf8 (size before relaxing)
 .debug_str     0x0000000000002fc4      0x24b build/stm32f1xx_hal.o
                                        0x92b (size before relaxing)
 .debug_str     0x000000000000320f      0x1e2 build/stm32f1xx_hal_rcc.o
                                        0x691 (size before relaxing)
 .debug_str     0x00000000000033f1      0x104 build/stm32f1xx_hal_gpio.o
                                        0x4af (size before relaxing)
 .debug_str     0x00000000000034f5      0x1e6 build/stm32f1xx_hal_dma.o
                                        0x6b7 (size before relaxing)
 .debug_str     0x00000000000036db      0x391 build/stm32f1xx_hal_cortex.o
                                        0xa4d (size before relaxing)
 .debug_str     0x0000000000003a6c       0x4a build/system_stm32f1xx.o
                                        0x329 (size before relaxing)
 .debug_str     0x0000000000003ab6      0x185 build/stm32f1xx_hal_dac.o
                                        0x7c5 (size before relaxing)
 .debug_str     0x0000000000003c3b      0x161 build/stm32f1xx_hal_dac_ex.o
                                        0x6e0 (size before relaxing)
 .debug_str     0x0000000000003d9c      0x4f5 build/stm32f1xx_hal_uart.o
                                        0xc28 (size before relaxing)
 .debug_str     0x0000000000004291       0x22 build/startup_stm32f103xe.o
                                         0x51 (size before relaxing)
 .debug_str     0x00000000000042b3      0x1a2 /usr/lib/gcc/arm-none-eabi/9.2.1/../../../arm-none-eabi/lib/thumb/v7-m/nofp/libc_nano.a(lib_a-impure.o)
                                        0x5da (size before relaxing)
 .debug_str     0x0000000000004455       0xec /usr/lib/gcc/arm-none-eabi/9.2.1/../../../arm-none-eabi/lib/thumb/v7-m/nofp/libc_nano.a(lib_a-init.o)
                                        0x221 (size before relaxing)
 .debug_str     0x0000000000004541      0x1e7 /usr/lib/gcc/arm-none-eabi/9.2.1/../../../arm-none-eabi/lib/thumb/v7-m/nofp/libc_nano.a(lib_a-sprintf.o)
                                        0x755 (size before relaxing)
 .debug_str     0x0000000000004728      0x1a8 /usr/lib/gcc/arm-none-eabi/9.2.1/../../../arm-none-eabi/lib/thumb/v7-m/nofp/libc_nano.a(lib_a-findfp.o)
                                        0x89c (size before relaxing)
 .debug_str     0x00000000000048d0      0x186 /usr/lib/gcc/arm-none-eabi/9.2.1/../../../arm-none-eabi/lib/thumb/v7-m/nofp/libc_nano.a(lib_a-nano-freer.o)
                                        0x70a (size before relaxing)
 .debug_str     0x0000000000004a56       0x32 /usr/lib/gcc/arm-none-eabi/9.2.1/../../../arm-none-eabi/lib/thumb/v7-m/nofp/libc_nano.a(lib_a-nano-mallocr.o)
                                        0x721 (size before relaxing)
 .debug_str     0x0000000000004a88      0x401 /usr/lib/gcc/arm-none-eabi/9.2.1/../../../arm-none-eabi/lib/thumb/v7-m/nofp/libc_nano.a(lib_a-nano-svfprintf.o)
                                        0xc0d (size before relaxing)
 .debug_str     0x0000000000004e89       0x94 /usr/lib/gcc/arm-none-eabi/9.2.1/../../../arm-none-eabi/lib/thumb/v7-m/nofp/libc_nano.a(lib_a-nano-vfprintf_i.o)
                                        0xba4 (size before relaxing)
 .debug_str     0x0000000000004f1d       0x47 /usr/lib/gcc/arm-none-eabi/9.2.1/../../../arm-none-eabi/lib/thumb/v7-m/nofp/libc_nano.a(lib_a-sbrkr.o)
                                        0x61d (size before relaxing)
 .debug_str     0x0000000000004f64       0xbe /usr/lib/gcc/arm-none-eabi/9.2.1/../../../arm-none-eabi/lib/thumb/v7-m/nofp/libc_nano.a(lib_a-memchr-stub.o)
                                        0x60a (size before relaxing)
 .debug_str     0x0000000000005022       0x43 /usr/lib/gcc/arm-none-eabi/9.2.1/../../../arm-none-eabi/lib/thumb/v7-m/nofp/libc_nano.a(lib_a-memcpy.o)
                                         0xb2 (size before relaxing)
 .debug_str     0x0000000000005065       0xb4 /usr/lib/gcc/arm-none-eabi/9.2.1/../../../arm-none-eabi/lib/thumb/v7-m/nofp/libc_nano.a(lib_a-memmove.o)
                                        0x926 (size before relaxing)
 .debug_str     0x0000000000005119       0x4c /usr/lib/gcc/arm-none-eabi/9.2.1/../../../arm-none-eabi/lib/thumb/v7-m/nofp/libc_nano.a(lib_a-mlock.o)
                                        0x606 (size before relaxing)
 .debug_str     0x0000000000005165       0x23 /usr/lib/gcc/arm-none-eabi/9.2.1/../../../arm-none-eabi/lib/thumb/v7-m/nofp/libc_nano.a(lib_a-nano-reallocr.o)
                                        0x707 (size before relaxing)
 .debug_str     0x0000000000005188       0x5e /usr/lib/gcc/arm-none-eabi/9.2.1/../../../arm-none-eabi/lib/thumb/v7-m/nofp/libc_nano.a(lib_a-reent.o)
                                        0x616 (size before relaxing)
 .debug_str     0x00000000000051e6        0xf /usr/lib/gcc/arm-none-eabi/9.2.1/../../../arm-none-eabi/lib/thumb/v7-m/nofp/libc_nano.a(lib_a-nano-msizer.o)
                                        0x6e5 (size before relaxing)
 .debug_str     0x00000000000051f5      0x10e /usr/lib/gcc/arm-none-eabi/9.2.1/../../../arm-none-eabi/lib/thumb/v7-m/nofp/libnosys.a(sbrk.o)
                                        0x127 (size before relaxing)
 .debug_str     0x0000000000005303       0x98 /usr/lib/gcc/arm-none-eabi/9.2.1/thumb/v7-m/nofp/libgcc.a(_arm_mulsf3.o)
                                         0xa4 (size before relaxing)
 .debug_str     0x000000000000539b       0x31 /usr/lib/gcc/arm-none-eabi/9.2.1/thumb/v7-m/nofp/libgcc.a(_arm_addsubdf3.o)
                                         0xa4 (size before relaxing)
 .debug_str     0x00000000000053cc       0xa4 /usr/lib/gcc/arm-none-eabi/9.2.1/thumb/v7-m/nofp/libgcc.a(_arm_truncdfsf2.o)
 .debug_str     0x00000000000053cc       0xa4 /usr/lib/gcc/arm-none-eabi/9.2.1/thumb/v7-m/nofp/libgcc.a(_arm_addsubsf3.o)
 .debug_str     0x00000000000053cc       0xa4 /usr/lib/gcc/arm-none-eabi/9.2.1/thumb/v7-m/nofp/libgcc.a(_arm_cmpsf2.o)
 .debug_str     0x00000000000053cc       0xa4 /usr/lib/gcc/arm-none-eabi/9.2.1/thumb/v7-m/nofp/libgcc.a(_arm_fixsfsi.o)

.debug_frame    0x0000000000000000     0x2bf4
 .debug_frame   0x0000000000000000      0x140 build/main.o
 .debug_frame   0x0000000000000140       0xf4 build/stm32f1xx_it.o
 .debug_frame   0x0000000000000234       0x9c build/bsp_debug_usart.o
 .debug_frame   0x00000000000002d0      0x43c build/bsp_ili9341_lcd.o
 .debug_frame   0x000000000000070c       0x2c build/fonts.o
 .debug_frame   0x0000000000000738       0xa0 build/stm32f1xx_hal_msp.o
 .debug_frame   0x00000000000007d8      0xa7c build/stm32f1xx_hal_tim.o
 .debug_frame   0x0000000000001254      0x3b8 build/stm32f1xx_hal_tim_ex.o
 .debug_frame   0x000000000000160c      0x1cc build/stm32f1xx_hal.o
 .debug_frame   0x00000000000017d8      0x190 build/stm32f1xx_hal_rcc.o
 .debug_frame   0x0000000000001968       0xe8 build/stm32f1xx_hal_gpio.o
 .debug_frame   0x0000000000001a50      0x144 build/stm32f1xx_hal_dma.o
 .debug_frame   0x0000000000001b94      0x12c build/stm32f1xx_hal_cortex.o
 .debug_frame   0x0000000000001cc0       0x30 build/system_stm32f1xx.o
 .debug_frame   0x0000000000001cf0      0x1ec build/stm32f1xx_hal_dac.o
 .debug_frame   0x0000000000001edc       0xf8 build/stm32f1xx_hal_dac_ex.o
 .debug_frame   0x0000000000001fd4      0x4ec build/stm32f1xx_hal_uart.o
 .debug_frame   0x00000000000024c0       0x2c /usr/lib/gcc/arm-none-eabi/9.2.1/../../../arm-none-eabi/lib/thumb/v7-m/nofp/libc_nano.a(lib_a-init.o)
 .debug_frame   0x00000000000024ec       0x80 /usr/lib/gcc/arm-none-eabi/9.2.1/../../../arm-none-eabi/lib/thumb/v7-m/nofp/libc_nano.a(lib_a-sprintf.o)
 .debug_frame   0x000000000000256c      0x120 /usr/lib/gcc/arm-none-eabi/9.2.1/../../../arm-none-eabi/lib/thumb/v7-m/nofp/libc_nano.a(lib_a-findfp.o)
 .debug_frame   0x000000000000268c       0x58 /usr/lib/gcc/arm-none-eabi/9.2.1/../../../arm-none-eabi/lib/thumb/v7-m/nofp/libc_nano.a(lib_a-nano-freer.o)
 .debug_frame   0x00000000000026e4       0x30 /usr/lib/gcc/arm-none-eabi/9.2.1/../../../arm-none-eabi/lib/thumb/v7-m/nofp/libc_nano.a(lib_a-nano-mallocr.o)
 .debug_frame   0x0000000000002714       0x98 /usr/lib/gcc/arm-none-eabi/9.2.1/../../../arm-none-eabi/lib/thumb/v7-m/nofp/libc_nano.a(lib_a-nano-svfprintf.o)
 .debug_frame   0x00000000000027ac       0x68 /usr/lib/gcc/arm-none-eabi/9.2.1/../../../arm-none-eabi/lib/thumb/v7-m/nofp/libc_nano.a(lib_a-nano-vfprintf_i.o)
 .debug_frame   0x0000000000002814       0x2c /usr/lib/gcc/arm-none-eabi/9.2.1/../../../arm-none-eabi/lib/thumb/v7-m/nofp/libc_nano.a(lib_a-sbrkr.o)
 .debug_frame   0x0000000000002840       0x34 /usr/lib/gcc/arm-none-eabi/9.2.1/../../../arm-none-eabi/lib/thumb/v7-m/nofp/libc_nano.a(lib_a-memchr-stub.o)
 .debug_frame   0x0000000000002874       0x40 /usr/lib/gcc/arm-none-eabi/9.2.1/../../../arm-none-eabi/lib/thumb/v7-m/nofp/libc_nano.a(lib_a-memmove.o)
 .debug_frame   0x00000000000028b4       0x30 /usr/lib/gcc/arm-none-eabi/9.2.1/../../../arm-none-eabi/lib/thumb/v7-m/nofp/libc_nano.a(lib_a-mlock.o)
 .debug_frame   0x00000000000028e4       0x38 /usr/lib/gcc/arm-none-eabi/9.2.1/../../../arm-none-eabi/lib/thumb/v7-m/nofp/libc_nano.a(lib_a-nano-reallocr.o)
 .debug_frame   0x000000000000291c       0x6c /usr/lib/gcc/arm-none-eabi/9.2.1/../../../arm-none-eabi/lib/thumb/v7-m/nofp/libc_nano.a(lib_a-reent.o)
 .debug_frame   0x0000000000002988       0x20 /usr/lib/gcc/arm-none-eabi/9.2.1/../../../arm-none-eabi/lib/thumb/v7-m/nofp/libc_nano.a(lib_a-nano-msizer.o)
 .debug_frame   0x00000000000029a8       0x20 /usr/lib/gcc/arm-none-eabi/9.2.1/../../../arm-none-eabi/lib/thumb/v7-m/nofp/libnosys.a(sbrk.o)
 .debug_frame   0x00000000000029c8       0x24 /usr/lib/gcc/arm-none-eabi/9.2.1/thumb/v7-m/nofp/libgcc.a(_arm_mulsf3.o)
 .debug_frame   0x00000000000029ec       0xac /usr/lib/gcc/arm-none-eabi/9.2.1/thumb/v7-m/nofp/libgcc.a(_arm_addsubdf3.o)
 .debug_frame   0x0000000000002a98       0x24 /usr/lib/gcc/arm-none-eabi/9.2.1/thumb/v7-m/nofp/libgcc.a(_arm_truncdfsf2.o)
 .debug_frame   0x0000000000002abc       0x4c /usr/lib/gcc/arm-none-eabi/9.2.1/thumb/v7-m/nofp/libgcc.a(_arm_addsubsf3.o)
 .debug_frame   0x0000000000002b08       0xc8 /usr/lib/gcc/arm-none-eabi/9.2.1/thumb/v7-m/nofp/libgcc.a(_arm_cmpsf2.o)
 .debug_frame   0x0000000000002bd0       0x24 /usr/lib/gcc/arm-none-eabi/9.2.1/thumb/v7-m/nofp/libgcc.a(_arm_fixsfsi.o)

.stabstr        0x0000000000000000      0x14d
 .stabstr       0x0000000000000000      0x14d /usr/lib/gcc/arm-none-eabi/9.2.1/../../../arm-none-eabi/lib/thumb/v7-m/nofp/libnosys.a(close.o)

Cross Reference Table

Symbol                                            File
ADC1_2_IRQHandler                                 build/startup_stm32f103xe.o
ADC3_IRQHandler                                   build/startup_stm32f103xe.o
AHBPrescTable                                     build/system_stm32f1xx.o
                                                  build/stm32f1xx_hal_rcc.o
APBPrescTable                                     build/system_stm32f1xx.o
                                                  build/stm32f1xx_hal_rcc.o
ASCII16x24_Table                                  build/fonts.o
ASCII24x32_Table                                  build/fonts.o
ASCII8x16_Table                                   build/fonts.o
BusFault_Handler                                  build/stm32f1xx_it.o
CAN1_RX1_IRQHandler                               build/startup_stm32f103xe.o
CAN1_SCE_IRQHandler                               build/startup_stm32f103xe.o
CH_Value                                          build/main.o
CNT                                               build/main.o
                                                  build/stm32f1xx_it.o
DAC_DMAConvCpltCh1                                build/stm32f1xx_hal_dac.o
DAC_DMAConvCpltCh2                                build/stm32f1xx_hal_dac_ex.o
                                                  build/stm32f1xx_hal_dac.o
DAC_DMAErrorCh1                                   build/stm32f1xx_hal_dac.o
DAC_DMAErrorCh2                                   build/stm32f1xx_hal_dac_ex.o
                                                  build/stm32f1xx_hal_dac.o
DAC_DMAHalfConvCpltCh1                            build/stm32f1xx_hal_dac.o
DAC_DMAHalfConvCpltCh2                            build/stm32f1xx_hal_dac_ex.o
                                                  build/stm32f1xx_hal_dac.o
DEBUG_USART_Config                                build/bsp_debug_usart.o
                                                  build/main.o
DMA1_Channel1_IRQHandler                          build/startup_stm32f103xe.o
DMA1_Channel2_IRQHandler                          build/startup_stm32f103xe.o
DMA1_Channel3_IRQHandler                          build/startup_stm32f103xe.o
DMA1_Channel4_IRQHandler                          build/startup_stm32f103xe.o
DMA1_Channel5_IRQHandler                          build/startup_stm32f103xe.o
DMA1_Channel6_IRQHandler                          build/startup_stm32f103xe.o
DMA1_Channel7_IRQHandler                          build/startup_stm32f103xe.o
DMA2_Channel1_IRQHandler                          build/startup_stm32f103xe.o
DMA2_Channel2_IRQHandler                          build/startup_stm32f103xe.o
DMA2_Channel3_IRQHandler                          build/startup_stm32f103xe.o
DMA2_Channel4_5_IRQHandler                        build/stm32f1xx_it.o
DebugMon_Handler                                  build/stm32f1xx_it.o
Default_Handler                                   build/startup_stm32f103xe.o
EXTI0_IRQHandler                                  build/startup_stm32f103xe.o
EXTI15_10_IRQHandler                              build/startup_stm32f103xe.o
EXTI1_IRQHandler                                  build/startup_stm32f103xe.o
EXTI2_IRQHandler                                  build/startup_stm32f103xe.o
EXTI3_IRQHandler                                  build/startup_stm32f103xe.o
EXTI4_IRQHandler                                  build/startup_stm32f103xe.o
EXTI9_5_IRQHandler                                build/startup_stm32f103xe.o
Error_Handler                                     build/main.o
                                                  build/stm32f1xx_hal_msp.o
FLASH_IRQHandler                                  build/startup_stm32f103xe.o
FLASH_PageErase                                   build/stm32f1xx_hal_flash_ex.o
                                                  build/stm32f1xx_hal_flash.o
FLASH_WaitForLastOperation                        build/stm32f1xx_hal_flash.o
                                                  build/stm32f1xx_hal_flash_ex.o
FSMC_IRQHandler                                   build/startup_stm32f103xe.o
Font16x24                                         build/fonts.o
                                                  build/bsp_ili9341_lcd.o
Font24x32                                         build/fonts.o
                                                  build/main.o
Font8x16                                          build/fonts.o
                                                  build/bsp_ili9341_lcd.o
                                                  build/main.o
GetGBKCode_from_EXFlash                           build/fonts.o
                                                  build/bsp_ili9341_lcd.o
HAL_DACEx_ConvCpltCallbackCh2                     build/stm32f1xx_hal_dac_ex.o
HAL_DACEx_ConvHalfCpltCallbackCh2                 build/stm32f1xx_hal_dac_ex.o
HAL_DACEx_DMAUnderrunCallbackCh2                  build/stm32f1xx_hal_dac_ex.o
HAL_DACEx_DualGetValue                            build/stm32f1xx_hal_dac_ex.o
HAL_DACEx_DualSetValue                            build/stm32f1xx_hal_dac_ex.o
HAL_DACEx_ErrorCallbackCh2                        build/stm32f1xx_hal_dac_ex.o
HAL_DACEx_NoiseWaveGenerate                       build/stm32f1xx_hal_dac_ex.o
HAL_DACEx_TriangleWaveGenerate                    build/stm32f1xx_hal_dac_ex.o
HAL_DAC_ConfigChannel                             build/stm32f1xx_hal_dac.o
                                                  build/main.o
HAL_DAC_ConvCpltCallbackCh1                       build/stm32f1xx_hal_dac.o
HAL_DAC_ConvHalfCpltCallbackCh1                   build/stm32f1xx_hal_dac.o
HAL_DAC_DMAUnderrunCallbackCh1                    build/stm32f1xx_hal_dac.o
HAL_DAC_DeInit                                    build/stm32f1xx_hal_dac.o
HAL_DAC_ErrorCallbackCh1                          build/stm32f1xx_hal_dac.o
HAL_DAC_GetError                                  build/stm32f1xx_hal_dac.o
HAL_DAC_GetState                                  build/stm32f1xx_hal_dac.o
HAL_DAC_GetValue                                  build/stm32f1xx_hal_dac.o
HAL_DAC_IRQHandler                                build/stm32f1xx_hal_dac.o
HAL_DAC_Init                                      build/stm32f1xx_hal_dac.o
                                                  build/main.o
HAL_DAC_MspDeInit                                 build/stm32f1xx_hal_msp.o
HAL_DAC_MspInit                                   build/stm32f1xx_hal_msp.o
HAL_DAC_SetValue                                  build/stm32f1xx_hal_dac.o
HAL_DAC_Start                                     build/stm32f1xx_hal_dac.o
HAL_DAC_Start_DMA                                 build/stm32f1xx_hal_dac.o
                                                  build/main.o
HAL_DAC_Stop                                      build/stm32f1xx_hal_dac.o
HAL_DAC_Stop_DMA                                  build/stm32f1xx_hal_dac.o
HAL_DBGMCU_DisableDBGSleepMode                    build/stm32f1xx_hal.o
HAL_DBGMCU_DisableDBGStandbyMode                  build/stm32f1xx_hal.o
HAL_DBGMCU_DisableDBGStopMode                     build/stm32f1xx_hal.o
HAL_DBGMCU_EnableDBGSleepMode                     build/stm32f1xx_hal.o
HAL_DBGMCU_EnableDBGStandbyMode                   build/stm32f1xx_hal.o
HAL_DBGMCU_EnableDBGStopMode                      build/stm32f1xx_hal.o
HAL_DMA_Abort                                     build/stm32f1xx_hal_dma.o
                                                  build/stm32f1xx_hal_uart.o