Archive member included to satisfy reference by file (symbol)

/usr/lib/gcc/arm-none-eabi/6.3.1/../../../arm-none-eabi/lib/thumb/v7-m/libc_nano.a(lib_a-atexit.o)
                              /usr/lib/gcc/arm-none-eabi/6.3.1/../../../arm-none-eabi/lib/thumb/v7-m/crt0.o (atexit)
/usr/lib/gcc/arm-none-eabi/6.3.1/../../../arm-none-eabi/lib/thumb/v7-m/libc_nano.a(lib_a-exit.o)
                              /usr/lib/gcc/arm-none-eabi/6.3.1/../../../arm-none-eabi/lib/thumb/v7-m/crt0.o (exit)
/usr/lib/gcc/arm-none-eabi/6.3.1/../../../arm-none-eabi/lib/thumb/v7-m/libc_nano.a(lib_a-fini.o)
                              /usr/lib/gcc/arm-none-eabi/6.3.1/../../../arm-none-eabi/lib/thumb/v7-m/crt0.o (__libc_fini_array)
/usr/lib/gcc/arm-none-eabi/6.3.1/../../../arm-none-eabi/lib/thumb/v7-m/libc_nano.a(lib_a-impure.o)
                              /usr/lib/gcc/arm-none-eabi/6.3.1/../../../arm-none-eabi/lib/thumb/v7-m/libc_nano.a(lib_a-exit.o) (_global_impure_ptr)
/usr/lib/gcc/arm-none-eabi/6.3.1/../../../arm-none-eabi/lib/thumb/v7-m/libc_nano.a(lib_a-init.o)
                              /usr/lib/gcc/arm-none-eabi/6.3.1/../../../arm-none-eabi/lib/thumb/v7-m/crt0.o (__libc_init_array)
/usr/lib/gcc/arm-none-eabi/6.3.1/../../../arm-none-eabi/lib/thumb/v7-m/libc_nano.a(lib_a-memset.o)
                              /usr/lib/gcc/arm-none-eabi/6.3.1/../../../arm-none-eabi/lib/thumb/v7-m/crt0.o (memset)
/usr/lib/gcc/arm-none-eabi/6.3.1/../../../arm-none-eabi/lib/thumb/v7-m/libc_nano.a(lib_a-printf.o)
                              Output/bsp_spi_flash.o (printf)
/usr/lib/gcc/arm-none-eabi/6.3.1/../../../arm-none-eabi/lib/thumb/v7-m/libc_nano.a(lib_a-putchar.o)
                              Output/main.o (putchar)
/usr/lib/gcc/arm-none-eabi/6.3.1/../../../arm-none-eabi/lib/thumb/v7-m/libc_nano.a(lib_a-puts.o)
                              Output/main.o (puts)
/usr/lib/gcc/arm-none-eabi/6.3.1/../../../arm-none-eabi/lib/thumb/v7-m/libc_nano.a(lib_a-sprintf.o)
                              Output/main.o (sprintf)
/usr/lib/gcc/arm-none-eabi/6.3.1/../../../arm-none-eabi/lib/thumb/v7-m/libc_nano.a(lib_a-wbuf.o)
                              /usr/lib/gcc/arm-none-eabi/6.3.1/../../../arm-none-eabi/lib/thumb/v7-m/libc_nano.a(lib_a-puts.o) (__swbuf_r)
/usr/lib/gcc/arm-none-eabi/6.3.1/../../../arm-none-eabi/lib/thumb/v7-m/libc_nano.a(lib_a-wsetup.o)
                              /usr/lib/gcc/arm-none-eabi/6.3.1/../../../arm-none-eabi/lib/thumb/v7-m/libc_nano.a(lib_a-puts.o) (__swsetup_r)
/usr/lib/gcc/arm-none-eabi/6.3.1/../../../arm-none-eabi/lib/thumb/v7-m/libc_nano.a(lib_a-__atexit.o)
                              /usr/lib/gcc/arm-none-eabi/6.3.1/../../../arm-none-eabi/lib/thumb/v7-m/libc_nano.a(lib_a-atexit.o) (__register_exitproc)
/usr/lib/gcc/arm-none-eabi/6.3.1/../../../arm-none-eabi/lib/thumb/v7-m/libc_nano.a(lib_a-__call_atexit.o)
                              /usr/lib/gcc/arm-none-eabi/6.3.1/../../../arm-none-eabi/lib/thumb/v7-m/libc_nano.a(lib_a-__atexit.o) (__call_exitprocs)
/usr/lib/gcc/arm-none-eabi/6.3.1/../../../arm-none-eabi/lib/thumb/v7-m/libc_nano.a(lib_a-fflush.o)
                              /usr/lib/gcc/arm-none-eabi/6.3.1/../../../arm-none-eabi/lib/thumb/v7-m/libc_nano.a(lib_a-wbuf.o) (_fflush_r)
/usr/lib/gcc/arm-none-eabi/6.3.1/../../../arm-none-eabi/lib/thumb/v7-m/libc_nano.a(lib_a-findfp.o)
                              /usr/lib/gcc/arm-none-eabi/6.3.1/../../../arm-none-eabi/lib/thumb/v7-m/libc_nano.a(lib_a-printf.o) (__sinit)
/usr/lib/gcc/arm-none-eabi/6.3.1/../../../arm-none-eabi/lib/thumb/v7-m/libc_nano.a(lib_a-fwalk.o)
                              /usr/lib/gcc/arm-none-eabi/6.3.1/../../../arm-none-eabi/lib/thumb/v7-m/libc_nano.a(lib_a-findfp.o) (_fwalk)
/usr/lib/gcc/arm-none-eabi/6.3.1/../../../arm-none-eabi/lib/thumb/v7-m/libc_nano.a(lib_a-makebuf.o)
                              /usr/lib/gcc/arm-none-eabi/6.3.1/../../../arm-none-eabi/lib/thumb/v7-m/libc_nano.a(lib_a-wsetup.o) (__smakebuf_r)
/usr/lib/gcc/arm-none-eabi/6.3.1/../../../arm-none-eabi/lib/thumb/v7-m/libc_nano.a(lib_a-nano-freer.o)
                              /usr/lib/gcc/arm-none-eabi/6.3.1/../../../arm-none-eabi/lib/thumb/v7-m/libc_nano.a(lib_a-wsetup.o) (_free_r)
/usr/lib/gcc/arm-none-eabi/6.3.1/../../../arm-none-eabi/lib/thumb/v7-m/libc_nano.a(lib_a-nano-mallocr.o)
                              /usr/lib/gcc/arm-none-eabi/6.3.1/../../../arm-none-eabi/lib/thumb/v7-m/libc_nano.a(lib_a-findfp.o) (_malloc_r)
/usr/lib/gcc/arm-none-eabi/6.3.1/../../../arm-none-eabi/lib/thumb/v7-m/libc_nano.a(lib_a-nano-svfprintf.o)
                              /usr/lib/gcc/arm-none-eabi/6.3.1/../../../arm-none-eabi/lib/thumb/v7-m/libc_nano.a(lib_a-sprintf.o) (_svfprintf_r)
/usr/lib/gcc/arm-none-eabi/6.3.1/../../../arm-none-eabi/lib/thumb/v7-m/libc_nano.a(lib_a-nano-vfprintf.o)
                              /usr/lib/gcc/arm-none-eabi/6.3.1/../../../arm-none-eabi/lib/thumb/v7-m/libc_nano.a(lib_a-printf.o) (_vfprintf_r)
[...]
Memory Configuration

Name             Origin             Length             Attributes
RAM              0x0000000020000000 0x000000000000c000 xrw
FLASH            0x0000000008000000 0x0000000000040000 xr
*default*        0x0000000000000000 0xffffffffffffffff

Linker script and memory map

LOAD /usr/lib/gcc/arm-none-eabi/6.3.1/thumb/v7-m/crti.o
LOAD /usr/lib/gcc/arm-none-eabi/6.3.1/thumb/v7-m/crtbegin.o
LOAD /usr/lib/gcc/arm-none-eabi/6.3.1/../../../arm-none-eabi/lib/thumb/v7-m/crt0.o
LOAD Output/main.o
LOAD Output/stm32f1xx_it.o
LOAD Output/system_stm32f1xx.o
LOAD Output/bsp_spi_flash.o
LOAD Output/fonts.o
LOAD Output/bsp_ili9341_lcd.o
LOAD Output/bsp_led.o
LOAD Output/bsp_debug_usart.o
LOAD Output/stm32f1xx_hal_adc_ex.o
LOAD Output/stm32f1xx_hal_adc.o
LOAD Output/stm32f1xx_hal_can.o
LOAD Output/stm32f1xx_hal_cec.o
LOAD Output/stm32f1xx_hal_cortex.o
LOAD Output/stm32f1xx_hal_crc.o
LOAD Output/stm32f1xx_hal_dac_ex.o
LOAD Output/stm32f1xx_hal_dac.o
LOAD Output/stm32f1xx_hal_dma.o
LOAD Output/stm32f1xx_hal_flash_ex.o
LOAD Output/stm32f1xx_hal_flash.o
LOAD Output/stm32f1xx_hal_gpio_ex.o
LOAD Output/stm32f1xx_hal_gpio.o
LOAD Output/stm32f1xx_hal_hcd.o
LOAD Output/stm32f1xx_hal_i2c.o
LOAD Output/stm32f1xx_hal_i2s.o
LOAD Output/stm32f1xx_hal_irda.o
LOAD Output/stm32f1xx_hal_iwdg.o
LOAD Output/stm32f1xx_hal_mmc.o
LOAD Output/stm32f1xx_hal_nand.o
LOAD Output/stm32f1xx_hal_nor.o
LOAD Output/stm32f1xx_hal_pccard.o
LOAD Output/stm32f1xx_hal_pcd_ex.o
LOAD Output/stm32f1xx_hal_pcd.o
LOAD Output/stm32f1xx_hal_pwr.o
LOAD Output/stm32f1xx_hal_rcc_ex.o
LOAD Output/stm32f1xx_hal_rcc.o
LOAD Output/stm32f1xx_hal_rtc_ex.o
LOAD Output/stm32f1xx_hal_rtc.o
LOAD Output/stm32f1xx_hal_sd.o
LOAD Output/stm32f1xx_hal_smartcard.o
LOAD Output/stm32f1xx_hal_spi.o
LOAD Output/stm32f1xx_hal_sram.o
LOAD Output/stm32f1xx_hal_tim_ex.o
LOAD Output/stm32f1xx_hal_tim.o
LOAD Output/stm32f1xx_hal_uart.o
LOAD Output/stm32f1xx_hal_usart.o
LOAD Output/stm32f1xx_hal_wwdg.o
LOAD Output/stm32f1xx_hal.o
LOAD Output/startup_stm32f103xe.o
LOAD /usr/lib/gcc/arm-none-eabi/6.3.1/../../../arm-none-eabi/lib/thumb/v7-m/libc_nano.a
LOAD /usr/lib/gcc/arm-none-eabi/6.3.1/../../../arm-none-eabi/lib/thumb/v7-m/libm.a
LOAD /usr/lib/gcc/arm-none-eabi/6.3.1/../../../arm-none-eabi/lib/thumb/v7-m/libnosys.a
START GROUP
LOAD /usr/lib/gcc/arm-none-eabi/6.3.1/thumb/v7-m/libgcc.a
LOAD /usr/lib/gcc/arm-none-eabi/6.3.1/../../../arm-none-eabi/lib/thumb/v7-m/libc_nano.a
END GROUP
START GROUP
LOAD /usr/lib/gcc/arm-none-eabi/6.3.1/thumb/v7-m/libgcc.a
LOAD /usr/lib/gcc/arm-none-eabi/6.3.1/../../../arm-none-eabi/lib/thumb/v7-m/libc_nano.a
END GROUP
LOAD /usr/lib/gcc/arm-none-eabi/6.3.1/thumb/v7-m/crtend.o
LOAD /usr/lib/gcc/arm-none-eabi/6.3.1/thumb/v7-m/crtn.o
                0x000000002000c000                _estack = 0x2000c000
                0x0000000000000200                _Min_Heap_Size = 0x200
                0x0000000000000400                _Min_Stack_Size = 0x400

.isr_vector     0x0000000008000000      0x1e4
                0x0000000008000000                . = ALIGN (0x4)
 *(.isr_vector)
 .isr_vector    0x0000000008000000      0x1e4 Output/startup_stm32f103xe.o
                0x0000000008000000                g_pfnVectors
                0x00000000080001e4                . = ALIGN (0x4)

.text           0x00000000080001e8     0x3da0
                0x00000000080001e8                . = ALIGN (0x4)
 *(.text)
 .text          0x00000000080001e8       0xa4 /usr/lib/gcc/arm-none-eabi/6.3.1/thumb/v7-m/crtbegin.o
 .text          0x000000000800028c       0x50 /usr/lib/gcc/arm-none-eabi/6.3.1/../../../arm-none-eabi/lib/thumb/v7-m/libc_nano.a(lib_a-init.o)
                0x000000000800028c                __libc_init_array
 .text          0x00000000080002dc       0x9c /usr/lib/gcc/arm-none-eabi/6.3.1/../../../arm-none-eabi/lib/thumb/v7-m/libc_nano.a(lib_a-memset.o)
                0x00000000080002dc                memset
 .text          0x0000000008000378       0x60 /usr/lib/gcc/arm-none-eabi/6.3.1/../../../arm-none-eabi/lib/thumb/v7-m/libc_nano.a(lib_a-printf.o)
                0x0000000008000378                _printf_r
                0x0000000008000378                _iprintf_r
                0x00000000080003a4                printf
                0x00000000080003a4                iprintf
 .text          0x00000000080003d8       0x4c /usr/lib/gcc/arm-none-eabi/6.3.1/../../../arm-none-eabi/lib/thumb/v7-m/libc_nano.a(lib_a-putchar.o)
                0x00000000080003d8                _putchar_r
                0x00000000080003fc                putchar
 .text          0x0000000008000424       0xdc /usr/lib/gcc/arm-none-eabi/6.3.1/../../../arm-none-eabi/lib/thumb/v7-m/libc_nano.a(lib_a-puts.o)
                0x0000000008000424                _puts_r
                0x00000000080004f0                puts
 .text          0x0000000008000500       0x90 /usr/lib/gcc/arm-none-eabi/6.3.1/../../../arm-none-eabi/lib/thumb/v7-m/libc_nano.a(lib_a-sprintf.o)
                0x0000000008000500                _siprintf_r
                0x0000000008000500                _sprintf_r
                0x0000000008000544                sprintf
                0x0000000008000544                siprintf
 .text          0x0000000008000590       0xc4 /usr/lib/gcc/arm-none-eabi/6.3.1/../../../arm-none-eabi/lib/thumb/v7-m/libc_nano.a(lib_a-wbuf.o)
                0x0000000008000590                __swbuf_r
                0x0000000008000644                __swbuf
 .text          0x0000000008000654       0xf4 /usr/lib/gcc/arm-none-eabi/6.3.1/../../../arm-none-eabi/lib/thumb/v7-m/libc_nano.a(lib_a-wsetup.o)
                0x0000000008000654                __swsetup_r
 .text          0x0000000008000748      0x1a4 /usr/lib/gcc/arm-none-eabi/6.3.1/../../../arm-none-eabi/lib/thumb/v7-m/libc_nano.a(lib_a-fflush.o)
                0x0000000008000748                __sflush_r
                0x0000000008000864                _fflush_r
                0x00000000080008c8                fflush
 .text          0x00000000080008ec      0x230 /usr/lib/gcc/arm-none-eabi/6.3.1/../../../arm-none-eabi/lib/thumb/v7-m/libc_nano.a(lib_a-findfp.o)
                0x00000000080008f0                _cleanup_r
                0x0000000008000900                __sfmoreglue
                0x0000000008000930                __sfp
                0x0000000008000ac8                _cleanup
                0x0000000008000adc                __sinit
                0x0000000008000ae4                __sfp_lock_acquire
                0x0000000008000ae8                __sfp_lock_release
                0x0000000008000aec                __sinit_lock_acquire
                0x0000000008000af0                __sinit_lock_release
                0x0000000008000af4                __fp_lock_all
                0x0000000008000b08                __fp_unlock_all
 .text          0x0000000008000b1c       0x98 /usr/lib/gcc/arm-none-eabi/6.3.1/../../../arm-none-eabi/lib/thumb/v7-m/libc_nano.a(lib_a-fwalk.o)
                0x0000000008000b1c                _fwalk
                0x0000000008000b64                _fwalk_reent
 .text          0x0000000008000bb4       0xe4 /usr/lib/gcc/arm-none-eabi/6.3.1/../../../arm-none-eabi/lib/thumb/v7-m/libc_nano.a(lib_a-makebuf.o)
                0x0000000008000bb4                __swhatbuf_r
                0x0000000008000c10                __smakebuf_r
 .text          0x0000000008000c98       0x90 /usr/lib/gcc/arm-none-eabi/6.3.1/../../../arm-none-eabi/lib/thumb/v7-m/libc_nano.a(lib_a-nano-freer.o)
                0x0000000008000c98                _free_r
 .text          0x0000000008000d28       0xbc /usr/lib/gcc/arm-none-eabi/6.3.1/../../../arm-none-eabi/lib/thumb/v7-m/libc_nano.a(lib_a-nano-mallocr.o)
                0x0000000008000d28                _malloc_r
 .text          0x0000000008000de4      0x408 /usr/lib/gcc/arm-none-eabi/6.3.1/../../../arm-none-eabi/lib/thumb/v7-m/libc_nano.a(lib_a-nano-svfprintf.o)
                0x0000000008000de4                __ssputs_r
                0x0000000008000ea8                __ssprint_r
                0x0000000008000fa4                _svfprintf_r
                0x0000000008000fa4                _svfiprintf_r
 .text          0x00000000080011ec      0x314 /usr/lib/gcc/arm-none-eabi/6.3.1/../../../arm-none-eabi/lib/thumb/v7-m/libc_nano.a(lib_a-nano-vfprintf.o)
                0x000000000800121c                __sfputs_r
                0x0000000008001248                __sprint_r
                0x0000000008001264                _vfiprintf_r
                0x0000000008001264                _vfprintf_r
                0x00000000080014e8                vfiprintf
                0x00000000080014e8                vfprintf
 .text          0x0000000008001500      0x3cc /usr/lib/gcc/arm-none-eabi/6.3.1/../../../arm-none-eabi/lib/thumb/v7-m/libc_nano.a(lib_a-nano-vfprintf_i.o)
                0x0000000008001500                _printf_common
                0x0000000008001630                _printf_i
 .text          0x00000000080018cc       0xe8 /usr/lib/gcc/arm-none-eabi/6.3.1/../../../arm-none-eabi/lib/thumb/v7-m/libc_nano.a(lib_a-putc.o)
                0x00000000080018cc                _putc_r
                0x000000000800193c                putc
 .text          0x00000000080019b4       0x24 /usr/lib/gcc/arm-none-eabi/6.3.1/../../../arm-none-eabi/lib/thumb/v7-m/libc_nano.a(lib_a-sbrkr.o)
                0x00000000080019b4                _sbrk_r
 .text          0x00000000080019d8       0x8c /usr/lib/gcc/arm-none-eabi/6.3.1/../../../arm-none-eabi/lib/thumb/v7-m/libc_nano.a(lib_a-stdio.o)
                0x00000000080019d8                __sread
                0x00000000080019fc                __seofread
                0x0000000008001a00                __swrite
                0x0000000008001a3c                __sseek
                0x0000000008001a5c                __sclose
 .text          0x0000000008001a64       0x2c /usr/lib/gcc/arm-none-eabi/6.3.1/../../../arm-none-eabi/lib/thumb/v7-m/libc_nano.a(lib_a-writer.o)
                0x0000000008001a64                _write_r
 .text          0x0000000008001a90       0x24 /usr/lib/gcc/arm-none-eabi/6.3.1/../../../arm-none-eabi/lib/thumb/v7-m/libc_nano.a(lib_a-closer.o)
                0x0000000008001a90                _close_r
 .text          0x0000000008001ab4       0x28 /usr/lib/gcc/arm-none-eabi/6.3.1/../../../arm-none-eabi/lib/thumb/v7-m/libc_nano.a(lib_a-fstatr.o)
                0x0000000008001ab4                _fstat_r
 .text          0x0000000008001adc      0x2f4 /usr/lib/gcc/arm-none-eabi/6.3.1/../../../arm-none-eabi/lib/thumb/v7-m/libc_nano.a(lib_a-fvwrite.o)
                0x0000000008001adc                __sfvwrite_r
 .text          0x0000000008001dd0       0x24 /usr/lib/gcc/arm-none-eabi/6.3.1/../../../arm-none-eabi/lib/thumb/v7-m/libc_nano.a(lib_a-isattyr.o)
                0x0000000008001dd0                _isatty_r
 .text          0x0000000008001df4       0x2c /usr/lib/gcc/arm-none-eabi/6.3.1/../../../arm-none-eabi/lib/thumb/v7-m/libc_nano.a(lib_a-lseekr.o)
                0x0000000008001df4                _lseek_r
 .text          0x0000000008001e20       0x8c /usr/lib/gcc/arm-none-eabi/6.3.1/../../../arm-none-eabi/lib/thumb/v7-m/libc_nano.a(lib_a-memchr-stub.o)
                0x0000000008001e20                memchr
 .text          0x0000000008001eac       0xec /usr/lib/gcc/arm-none-eabi/6.3.1/../../../arm-none-eabi/lib/thumb/v7-m/libc_nano.a(lib_a-memcpy.o)
                0x0000000008001eac                memcpy
 .text          0x0000000008001f98       0xc8 /usr/lib/gcc/arm-none-eabi/6.3.1/../../../arm-none-eabi/lib/thumb/v7-m/libc_nano.a(lib_a-memmove.o)
                0x0000000008001f98                memmove
 .text          0x0000000008002060       0x50 /usr/lib/gcc/arm-none-eabi/6.3.1/../../../arm-none-eabi/lib/thumb/v7-m/libc_nano.a(lib_a-nano-reallocr.o)
                0x0000000008002060                _realloc_r
 .text          0x00000000080020b0       0x2c /usr/lib/gcc/arm-none-eabi/6.3.1/../../../arm-none-eabi/lib/thumb/v7-m/libc_nano.a(lib_a-readr.o)
                0x00000000080020b0                _read_r
 .text          0x00000000080020dc       0x14 /usr/lib/gcc/arm-none-eabi/6.3.1/../../../arm-none-eabi/lib/thumb/v7-m/libc_nano.a(lib_a-nano-msizer.o)
                0x00000000080020dc                _malloc_usable_size_r
 .text          0x00000000080020f0       0x10 /usr/lib/gcc/arm-none-eabi/6.3.1/../../../arm-none-eabi/lib/thumb/v7-m/libnosys.a(close.o)
                0x00000000080020f0                _close
 .text          0x0000000008002100       0x10 /usr/lib/gcc/arm-none-eabi/6.3.1/../../../arm-none-eabi/lib/thumb/v7-m/libnosys.a(fstat.o)
                0x0000000008002100                _fstat
 .text          0x0000000008002110       0x10 /usr/lib/gcc/arm-none-eabi/6.3.1/../../../arm-none-eabi/lib/thumb/v7-m/libnosys.a(isatty.o)
                0x0000000008002110                _isatty
 .text          0x0000000008002120       0x10 /usr/lib/gcc/arm-none-eabi/6.3.1/../../../arm-none-eabi/lib/thumb/v7-m/libnosys.a(lseek.o)
                0x0000000008002120                _lseek
 .text          0x0000000008002130       0x10 /usr/lib/gcc/arm-none-eabi/6.3.1/../../../arm-none-eabi/lib/thumb/v7-m/libnosys.a(read.o)
                0x0000000008002130                _read
 .text          0x0000000008002140       0x1c /usr/lib/gcc/arm-none-eabi/6.3.1/../../../arm-none-eabi/lib/thumb/v7-m/libnosys.a(sbrk.o)
                0x0000000008002140                _sbrk
 .text          0x000000000800215c       0x10 /usr/lib/gcc/arm-none-eabi/6.3.1/../../../arm-none-eabi/lib/thumb/v7-m/libnosys.a(write.o)
                0x000000000800215c                _write
 .text          0x000000000800216c      0x370 /usr/lib/gcc/arm-none-eabi/6.3.1/thumb/v7-m/libgcc.a(_arm_addsubdf3.o)
                0x000000000800216c                __aeabi_drsub
                0x0000000008002174                __aeabi_dsub
                0x0000000008002174                __subdf3
                0x0000000008002178                __adddf3
                0x0000000008002178                __aeabi_dadd
                0x00000000080023f0                __aeabi_ui2d
                0x00000000080023f0                __floatunsidf
                0x0000000008002410                __floatsidf
                0x0000000008002410                __aeabi_i2d
                0x0000000008002434                __extendsfdf2
                0x0000000008002434                __aeabi_f2d
                0x0000000008002470                __aeabi_ul2d
                0x0000000008002470                __floatundidf
                0x0000000008002480                __floatdidf
                0x0000000008002480                __aeabi_l2d
 .text          0x00000000080024dc       0xa0 /usr/lib/gcc/arm-none-eabi/6.3.1/thumb/v7-m/libgcc.a(_arm_truncdfsf2.o)
                0x00000000080024dc                __aeabi_d2f
                0x00000000080024dc                __truncdfsf2
 *(.text*)
 .text.Delay    0x000000000800257c       0x16 Output/main.o
 .text.SystemClock_Config
                0x0000000008002592       0x5c Output/main.o
 *fill*         0x00000000080025ee        0x2 
 .text.LCD_Test
                0x00000000080025f0      0x23c Output/main.o
 .text.Printf_Charater
                0x000000000800282c       0x70 Output/main.o
                0x000000000800282c                Printf_Charater
 .text.main     0x000000000800289c       0x38 Output/main.o
                0x000000000800289c                main
 .text.NMI_Handler
                0x00000000080028d4        0x2 Output/stm32f1xx_it.o
                0x00000000080028d4                NMI_Handler
 .text.HardFault_Handler
                0x00000000080028d6        0x2 Output/stm32f1xx_it.o
                0x00000000080028d6                HardFault_Handler
 .text.MemManage_Handler
                0x00000000080028d8        0x2 Output/stm32f1xx_it.o
                0x00000000080028d8                MemManage_Handler
 .text.BusFault_Handler
                0x00000000080028da        0x2 Output/stm32f1xx_it.o
                0x00000000080028da                BusFault_Handler
 .text.UsageFault_Handler
                0x00000000080028dc        0x2 Output/stm32f1xx_it.o
                0x00000000080028dc                UsageFault_Handler
 .text.SVC_Handler
                0x00000000080028de        0x2 Output/stm32f1xx_it.o
                0x00000000080028de                SVC_Handler
 .text.DebugMon_Handler
                0x00000000080028e0        0x2 Output/stm32f1xx_it.o
                0x00000000080028e0                DebugMon_Handler
 .text.PendSV_Handler
                0x00000000080028e2        0x2 Output/stm32f1xx_it.o
                0x00000000080028e2                PendSV_Handler
 .text.SysTick_Handler
                0x00000000080028e4        0x8 Output/stm32f1xx_it.o
                0x00000000080028e4                SysTick_Handler
 .text.EXTI0_IRQHandler
                0x00000000080028ec        0x2 Output/stm32f1xx_it.o
                0x00000000080028ec                EXTI0_IRQHandler
 *fill*         0x00000000080028ee        0x2 
 .text.SystemInit
                0x00000000080028f0       0x4c Output/system_stm32f1xx.o
                0x00000000080028f0                SystemInit
 .text.SPI_TIMEOUT_UserCallback
                0x000000000800293c       0x14 Output/bsp_spi_flash.o
 .text.HAL_SPI_MspInit
                0x0000000008002950       0xac Output/bsp_spi_flash.o
                0x0000000008002950                HAL_SPI_MspInit
 .text.SPI_FLASH_Init
                0x00000000080029fc       0x4c Output/bsp_spi_flash.o
                0x00000000080029fc                SPI_FLASH_Init
 .text.SPI_FLASH_SendByte
                0x0000000008002a48       0x64 Output/bsp_spi_flash.o
                0x0000000008002a48                SPI_FLASH_SendByte
 .text.SPI_FLASH_BufferRead
                0x0000000008002aac       0x50 Output/bsp_spi_flash.o
                0x0000000008002aac                SPI_FLASH_BufferRead
 .text.GetGBKCode_from_EXFlash
                0x0000000008002afc       0x44 Output/fonts.o
                0x0000000008002afc                GetGBKCode_from_EXFlash
 .text.ILI9341_Delay
                0x0000000008002b40       0x16 Output/bsp_ili9341_lcd.o
 *fill*         0x0000000008002b56        0x2 
 .text.ILI9341_GPIO_Config
                0x0000000008002b58       0xd4 Output/bsp_ili9341_lcd.o
 .text.ILI9341_Write_Cmd
                0x0000000008002c2c       0x24 Output/bsp_ili9341_lcd.o
                0x0000000008002c2c                ILI9341_Write_Cmd
 .text.ILI9341_Write_Data
                0x0000000008002c50       0x24 Output/bsp_ili9341_lcd.o
                0x0000000008002c50                ILI9341_Write_Data
 .text.ILI9341_REG_Config
                0x0000000008002c74      0x2b0 Output/bsp_ili9341_lcd.o
 .text.ILI9341_BackLed_Control
                0x0000000008002f24       0x18 Output/bsp_ili9341_lcd.o
                0x0000000008002f24                ILI9341_BackLed_Control
 .text.ILI9341_GramScan
                0x0000000008002f3c       0xac Output/bsp_ili9341_lcd.o
                0x0000000008002f3c                ILI9341_GramScan
 .text.ILI9341_Init
                0x0000000008002fe8       0x20 Output/bsp_ili9341_lcd.o
                0x0000000008002fe8                ILI9341_Init
 .text.ILI9341_OpenWindow
                0x0000000008003008       0x5c Output/bsp_ili9341_lcd.o
                0x0000000008003008                ILI9341_OpenWindow
 .text.ILI9341_Clear
                0x0000000008003064       0x30 Output/bsp_ili9341_lcd.o
                0x0000000008003064                ILI9341_Clear
 .text.ILI9341_DispChar_EN
                0x0000000008003094       0x7c Output/bsp_ili9341_lcd.o
                0x0000000008003094                ILI9341_DispChar_EN
 .text.ILI9341_DispChar_CH
                0x0000000008003110       0x74 Output/bsp_ili9341_lcd.o
                0x0000000008003110                ILI9341_DispChar_CH
 .text.ILI9341_DispStringLine_EN_CH
                0x0000000008003184       0x98 Output/bsp_ili9341_lcd.o
                0x0000000008003184                ILI9341_DispStringLine_EN_CH
 .text.LCD_SetFont
                0x000000000800321c        0xc Output/bsp_ili9341_lcd.o
                0x000000000800321c                LCD_SetFont
 .text.LCD_GetFont
                0x0000000008003228        0xc Output/bsp_ili9341_lcd.o
                0x0000000008003228                LCD_GetFont
 .text.LCD_SetColors
                0x0000000008003234       0x14 Output/bsp_ili9341_lcd.o
                0x0000000008003234                LCD_SetColors
 .text.LCD_SetTextColor
                0x0000000008003248        0xc Output/bsp_ili9341_lcd.o
                0x0000000008003248                LCD_SetTextColor
 .text.LCD_ClearLine
                0x0000000008003254       0x20 Output/bsp_ili9341_lcd.o
                0x0000000008003254                LCD_ClearLine
 .text.LED_GPIO_Config
                0x0000000008003274       0x60 Output/bsp_led.o
                0x0000000008003274                LED_GPIO_Config
 .text.DEBUG_USART_Config
                0x00000000080032d4       0x2c Output/bsp_debug_usart.o
                0x00000000080032d4                DEBUG_USART_Config
 .text.HAL_UART_MspInit
                0x0000000008003300       0x78 Output/bsp_debug_usart.o
                0x0000000008003300                HAL_UART_MspInit
 .text.HAL_NVIC_SetPriority
                0x0000000008003378       0x64 Output/stm32f1xx_hal_cortex.o
                0x0000000008003378                HAL_NVIC_SetPriority
 .text.HAL_SYSTICK_Config
                0x00000000080033dc       0x2c Output/stm32f1xx_hal_cortex.o
                0x00000000080033dc                HAL_SYSTICK_Config
 .text.HAL_GPIO_Init
                0x0000000008003408      0x1fc Output/stm32f1xx_hal_gpio.o
                0x0000000008003408                HAL_GPIO_Init
 .text.RCC_Delay
                0x0000000008003604       0x2c Output/stm32f1xx_hal_rcc.o
 .text.HAL_RCC_OscConfig
                0x0000000008003630      0x3e0 Output/stm32f1xx_hal_rcc.o
                0x0000000008003630                HAL_RCC_OscConfig
 .text.HAL_RCC_GetSysClockFreq
                0x0000000008003a10       0x6c Output/stm32f1xx_hal_rcc.o
                0x0000000008003a10                HAL_RCC_GetSysClockFreq
 .text.HAL_RCC_ClockConfig
                0x0000000008003a7c      0x178 Output/stm32f1xx_hal_rcc.o
                0x0000000008003a7c                HAL_RCC_ClockConfig
 .text.HAL_RCC_GetHCLKFreq
                0x0000000008003bf4        0xc Output/stm32f1xx_hal_rcc.o
                0x0000000008003bf4                HAL_RCC_GetHCLKFreq
 .text.HAL_RCC_GetPCLK1Freq
                0x0000000008003c00       0x20 Output/stm32f1xx_hal_rcc.o
                0x0000000008003c00                HAL_RCC_GetPCLK1Freq
 .text.HAL_RCC_GetPCLK2Freq
                0x0000000008003c20       0x20 Output/stm32f1xx_hal_rcc.o
                0x0000000008003c20                HAL_RCC_GetPCLK2Freq
 .text.HAL_SPI_Init
                0x0000000008003c40       0x8c Output/stm32f1xx_hal_spi.o
                0x0000000008003c40                HAL_SPI_Init
 .text.UART_SetConfig
                0x0000000008003ccc      0x1b0 Output/stm32f1xx_hal_uart.o
 .text.HAL_UART_Init
                0x0000000008003e7c       0x5e Output/stm32f1xx_hal_uart.o
                0x0000000008003e7c                HAL_UART_Init
 *fill*         0x0000000008003eda        0x2 
 .text.HAL_InitTick
                0x0000000008003edc       0x2c Output/stm32f1xx_hal.o
                0x0000000008003edc                HAL_InitTick
 .text.HAL_IncTick
                0x0000000008003f08       0x10 Output/stm32f1xx_hal.o
                0x0000000008003f08                HAL_IncTick
 .text.HAL_GetTick
                0x0000000008003f18        0xc Output/stm32f1xx_hal.o
                0x0000000008003f18                HAL_GetTick
 .text.Reset_Handler
                0x0000000008003f24       0x48 Output/startup_stm32f103xe.o
                0x0000000008003f24                Reset_Handler
 .text.Default_Handler
                0x0000000008003f6c        0x2 Output/startup_stm32f103xe.o
                0x0000000008003f6c                RTC_Alarm_IRQHandler
                0x0000000008003f6c                EXTI2_IRQHandler
                0x0000000008003f6c                TIM8_TRG_COM_IRQHandler
                0x0000000008003f6c                TIM8_CC_IRQHandler
                0x0000000008003f6c                TIM1_CC_IRQHandler
                0x0000000008003f6c                TIM6_IRQHandler
                0x0000000008003f6c                PVD_IRQHandler
                0x0000000008003f6c                SDIO_IRQHandler
                0x0000000008003f6c                EXTI3_IRQHandler
                0x0000000008003f6c                I2C2_EV_IRQHandler
                0x0000000008003f6c                ADC1_2_IRQHandler
                0x0000000008003f6c                SPI1_IRQHandler
                0x0000000008003f6c                TAMPER_IRQHandler
                0x0000000008003f6c                TIM8_UP_IRQHandler
                0x0000000008003f6c                DMA2_Channel2_IRQHandler
                0x0000000008003f6c                DMA1_Channel4_IRQHandler
                0x0000000008003f6c                USART3_IRQHandler
                0x0000000008003f6c                RTC_IRQHandler
                0x0000000008003f6c                DMA1_Channel7_IRQHandler
                0x0000000008003f6c                CAN1_RX1_IRQHandler
                0x0000000008003f6c                UART5_IRQHandler
                0x0000000008003f6c                ADC3_IRQHandler
                0x0000000008003f6c                TIM4_IRQHandler
                0x0000000008003f6c                DMA2_Channel1_IRQHandler
                0x0000000008003f6c                I2C1_EV_IRQHandler
                0x0000000008003f6c                DMA1_Channel6_IRQHandler
                0x0000000008003f6c                UART4_IRQHandler
                0x0000000008003f6c                TIM3_IRQHandler
                0x0000000008003f6c                RCC_IRQHandler
                0x0000000008003f6c                TIM1_TRG_COM_IRQHandler
                0x0000000008003f6c                DMA1_Channel1_IRQHandler
                0x0000000008003f6c                Default_Handler
                0x0000000008003f6c                EXTI15_10_IRQHandler
                0x0000000008003f6c                TIM7_IRQHandler
                0x0000000008003f6c                TIM5_IRQHandler
                0x0000000008003f6c                EXTI9_5_IRQHandler
                0x0000000008003f6c                SPI2_IRQHandler
                0x0000000008003f6c                DMA1_Channel5_IRQHandler
                0x0000000008003f6c                EXTI4_IRQHandler
                0x0000000008003f6c                USB_LP_CAN1_RX0_IRQHandler
                0x0000000008003f6c                USB_HP_CAN1_TX_IRQHandler
                0x0000000008003f6c                DMA1_Channel3_IRQHandler
                0x0000000008003f6c                FSMC_IRQHandler
                0x0000000008003f6c                TIM1_UP_IRQHandler
                0x0000000008003f6c                WWDG_IRQHandler
                0x0000000008003f6c                TIM2_IRQHandler
                0x0000000008003f6c                TIM1_BRK_IRQHandler
                0x0000000008003f6c                EXTI1_IRQHandler
                0x0000000008003f6c                DMA2_Channel4_5_IRQHandler
                0x0000000008003f6c                USART2_IRQHandler
                0x0000000008003f6c                I2C2_ER_IRQHandler
                0x0000000008003f6c                DMA1_Channel2_IRQHandler
                0x0000000008003f6c                TIM8_BRK_IRQHandler
                0x0000000008003f6c                CAN1_SCE_IRQHandler
                0x0000000008003f6c                FLASH_IRQHandler
                0x0000000008003f6c                USART1_IRQHandler
                0x0000000008003f6c                SPI3_IRQHandler
                0x0000000008003f6c                I2C1_ER_IRQHandler
                0x0000000008003f6c                USBWakeUp_IRQHandler
                0x0000000008003f6c                DMA2_Channel3_IRQHandler
 *(.glue_7)
 .glue_7        0x0000000008003f6e        0x0 linker stubs
 *(.glue_7t)
 .glue_7t       0x0000000008003f6e        0x0 linker stubs
 *(.eh_frame)
 *fill*         0x0000000008003f6e        0x2 
 .eh_frame      0x0000000008003f70        0x0 /usr/lib/gcc/arm-none-eabi/6.3.1/thumb/v7-m/crtbegin.o
 *(.init)
 .init          0x0000000008003f70        0x4 /usr/lib/gcc/arm-none-eabi/6.3.1/thumb/v7-m/crti.o
                0x0000000008003f70                _init
 .init          0x0000000008003f74        0x8 /usr/lib/gcc/arm-none-eabi/6.3.1/thumb/v7-m/crtn.o
 *(.fini)
 .fini          0x0000000008003f7c        0x4 /usr/lib/gcc/arm-none-eabi/6.3.1/thumb/v7-m/crti.o
                0x0000000008003f7c                _fini
 .fini          0x0000000008003f80        0x8 /usr/lib/gcc/arm-none-eabi/6.3.1/thumb/v7-m/crtn.o
                0x0000000008003f88                . = ALIGN (0x4)
                0x0000000008003f88                _etext = .

.vfp11_veneer   0x0000000008003f88        0x0
 .vfp11_veneer  0x0000000008003f88        0x0 linker stubs

.v4_bx          0x0000000008003f88        0x0
 .v4_bx         0x0000000008003f88        0x0 linker stubs

.iplt           0x0000000008003f88        0x0
 .iplt          0x0000000008003f88        0x0 /usr/lib/gcc/arm-none-eabi/6.3.1/thumb/v7-m/crtbegin.o

.rodata         0x0000000008003f88     0x2bd4
                0x0000000008003f88                . = ALIGN (0x4)
 *(.rodata)
 .rodata        0x0000000008003f88       0x12 Output/stm32f1xx_hal_rcc.o
 *fill*         0x0000000008003f9a        0x2 
 .rodata        0x0000000008003f9c        0x4 /usr/lib/gcc/arm-none-eabi/6.3.1/../../../arm-none-eabi/lib/thumb/v7-m/libc_nano.a(lib_a-impure.o)
                0x0000000008003f9c                _global_impure_ptr
 .rodata        0x0000000008003fa0       0x60 /usr/lib/gcc/arm-none-eabi/6.3.1/../../../arm-none-eabi/lib/thumb/v7-m/libc_nano.a(lib_a-findfp.o)
                0x0000000008003fa0                __sf_fake_stderr
                0x0000000008003fc0                __sf_fake_stdout
                0x0000000008003fe0                __sf_fake_stdin
 *(.rodata*)
 .rodata.LCD_Test.str1.4
                0x0000000008004000       0xaa Output/main.o
 *fill*         0x00000000080040aa        0x2 
 .rodata.Printf_Charater.str1.4
                0x00000000080040ac        0x2 Output/main.o
 *fill*         0x00000000080040ae        0x2 
 .rodata.main.str1.4
                0x00000000080040b0       0x94 Output/main.o
 .rodata.AHBPrescTable
                0x0000000008004144       0x10 Output/system_stm32f1xx.o
                0x0000000008004144                AHBPrescTable
 .rodata.APBPrescTable
                0x0000000008004154        0x8 Output/system_stm32f1xx.o
                0x0000000008004154                APBPrescTable
 .rodata.SPI_TIMEOUT_UserCallback.str1.4
                0x000000000800415c       0x2f Output/bsp_spi_flash.o
 *fill*         0x000000000800418b        0x1 
 .rodata.ASCII24x32_Table
                0x000000000800418c     0x23a0 Output/fonts.o
                0x000000000800418c                ASCII24x32_Table
 .rodata.ASCII8x16_Table
                0x000000000800652c      0x5f0 Output/fonts.o
                0x000000000800652c                ASCII8x16_Table
 .rodata.str1.4
                0x0000000008006b1c        0x2 /usr/lib/gcc/arm-none-eabi/6.3.1/../../../arm-none-eabi/lib/thumb/v7-m/libc_nano.a(lib_a-impure.o)
 *fill*         0x0000000008006b1e        0x2 
 .rodata.str1.4
                0x0000000008006b20       0x13 /usr/lib/gcc/arm-none-eabi/6.3.1/../../../arm-none-eabi/lib/thumb/v7-m/libc_nano.a(lib_a-nano-svfprintf.o)
 .rodata.str1.4
                0x0000000008006b33       0x13 /usr/lib/gcc/arm-none-eabi/6.3.1/../../../arm-none-eabi/lib/thumb/v7-m/libc_nano.a(lib_a-nano-vfprintf.o)
 *fill*         0x0000000008006b33        0x1 
 .rodata.str1.4
                0x0000000008006b34       0x28 /usr/lib/gcc/arm-none-eabi/6.3.1/../../../arm-none-eabi/lib/thumb/v7-m/libc_nano.a(lib_a-nano-vfprintf_i.o)
                                         0x25 (size before relaxing)
                0x0000000008006b5c                . = ALIGN (0x4)

.rel.dyn        0x0000000008006b5c        0x0
 .rel.iplt      0x0000000008006b5c        0x0 /usr/lib/gcc/arm-none-eabi/6.3.1/thumb/v7-m/crtbegin.o

.ARM.extab
 *(.ARM.extab* .gnu.linkonce.armextab.*)

.ARM            0x0000000008006b5c        0x0
                0x0000000008006b5c                __exidx_start = .
 *(.ARM.exidx*)
                0x0000000008006b5c                __exidx_end = .

.preinit_array  0x0000000008006b5c        0x0
                0x0000000008006b5c                PROVIDE (__preinit_array_start, .)
 *(.preinit_array*)
                0x0000000008006b5c                PROVIDE (__preinit_array_end, .)

.init_array     0x0000000008006b5c        0x4
                0x0000000008006b5c                PROVIDE (__init_array_start, .)
 *(SORT(.init_array.*))
 *(.init_array*)
 .init_array    0x0000000008006b5c        0x4 /usr/lib/gcc/arm-none-eabi/6.3.1/thumb/v7-m/crtbegin.o
                0x0000000008006b60                PROVIDE (__init_array_end, .)

.fini_array     0x0000000008006b60        0x4
                0x0000000008006b60                PROVIDE (__fini_array_start, .)
 *(SORT(.fini_array.*))
 *(.fini_array*)
 .fini_array    0x0000000008006b60        0x4 /usr/lib/gcc/arm-none-eabi/6.3.1/thumb/v7-m/crtbegin.o
                0x0000000008006b64                PROVIDE (__fini_array_end, .)
                0x0000000008006b64                _sidata = LOADADDR (.data)

.data           0x0000000020000000       0xac load address 0x0000000008006b64
                0x0000000020000000                . = ALIGN (0x4)
                0x0000000020000000                _sdata = .
 *(.data)
 .data          0x0000000020000000       0x64 /usr/lib/gcc/arm-none-eabi/6.3.1/../../../arm-none-eabi/lib/thumb/v7-m/libc_nano.a(lib_a-impure.o)
                0x0000000020000000                _impure_ptr
 *(.data*)
 .data.charater_matrix
                0x0000000020000064       0x20 Output/main.o
                0x0000000020000064                charater_matrix
 .data.SystemCoreClock
                0x0000000020000084        0x4 Output/system_stm32f1xx.o
                0x0000000020000084                SystemCoreClock
 .data.SPITimeout
                0x0000000020000088        0x4 Output/bsp_spi_flash.o
 .data.Font24x32
                0x000000002000008c        0x8 Output/fonts.o
                0x000000002000008c                Font24x32
 .data.Font8x16
                0x0000000020000094        0x8 Output/fonts.o
                0x0000000020000094                Font8x16
 .data.CurrentBackColor
                0x000000002000009c        0x2 Output/bsp_ili9341_lcd.o
 *fill*         0x000000002000009e        0x2 
 .data.LCD_Currentfonts
                0x00000000200000a0        0x4 Output/bsp_ili9341_lcd.o
 .data.LCD_SCAN_MODE
                0x00000000200000a4        0x1 Output/bsp_ili9341_lcd.o
                0x00000000200000a4                LCD_SCAN_MODE
 *fill*         0x00000000200000a5        0x1 
 .data.LCD_X_LENGTH
                0x00000000200000a6        0x2 Output/bsp_ili9341_lcd.o
                0x00000000200000a6                LCD_X_LENGTH
 .data.LCD_Y_LENGTH
                0x00000000200000a8        0x2 Output/bsp_ili9341_lcd.o
                0x00000000200000a8                LCD_Y_LENGTH
                0x00000000200000ac                . = ALIGN (0x4)
 *fill*         0x00000000200000aa        0x2 
                0x00000000200000ac                _edata = .

.jcr            0x00000000200000ac        0x0 load address 0x0000000008006c10
 .jcr           0x00000000200000ac        0x0 /usr/lib/gcc/arm-none-eabi/6.3.1/thumb/v7-m/crtbegin.o

.tm_clone_table
                0x00000000200000ac        0x0 load address 0x0000000008006c10
 .tm_clone_table
                0x00000000200000ac        0x0 /usr/lib/gcc/arm-none-eabi/6.3.1/thumb/v7-m/crtbegin.o
 .tm_clone_table
                0x00000000200000ac        0x0 /usr/lib/gcc/arm-none-eabi/6.3.1/thumb/v7-m/crtend.o

.igot.plt       0x00000000200000ac        0x0 load address 0x0000000008006c10
 .igot.plt      0x00000000200000ac        0x0 /usr/lib/gcc/arm-none-eabi/6.3.1/thumb/v7-m/crtbegin.o
                0x00000000200000ac                . = ALIGN (0x4)

.bss            0x00000000200000ac       0xd0 load address 0x0000000008006c10
                0x00000000200000ac                _sbss = .
                0x00000000200000ac                __bss_start__ = _sbss
 *(.bss)
 .bss           0x00000000200000ac       0x1c /usr/lib/gcc/arm-none-eabi/6.3.1/thumb/v7-m/crtbegin.o
 .bss           0x00000000200000c8        0x8 /usr/lib/gcc/arm-none-eabi/6.3.1/../../../arm-none-eabi/lib/thumb/v7-m/libc_nano.a(lib_a-nano-mallocr.o)
                0x00000000200000c8                __malloc_free_list
                0x00000000200000cc                __malloc_sbrk_start
 .bss           0x00000000200000d0        0x4 /usr/lib/gcc/arm-none-eabi/6.3.1/../../../arm-none-eabi/lib/thumb/v7-m/libnosys.a(sbrk.o)
 *(.bss*)
 .bss.testFloatCNT.9629
                0x00000000200000d4        0x4 Output/main.o
 .bss.testIntCNT.9628
                0x00000000200000d8        0x1 Output/main.o
 .bss.everRead.9352
                0x00000000200000d9        0x1 Output/fonts.o
 .bss.CurrentTextColor
                0x00000000200000da        0x2 Output/bsp_ili9341_lcd.o
 *(COMMON)
 COMMON         0x00000000200000dc       0x58 Output/bsp_spi_flash.o
                0x00000000200000dc                SpiHandle
 COMMON         0x0000000020000134       0x40 Output/bsp_debug_usart.o
                0x0000000020000134                UartHandle
 COMMON         0x0000000020000174        0x4 Output/stm32f1xx_hal.o
                0x0000000020000174                uwTick
 COMMON         0x0000000020000178        0x4 /usr/lib/gcc/arm-none-eabi/6.3.1/../../../arm-none-eabi/lib/thumb/v7-m/libc_nano.a(lib_a-reent.o)
                0x0000000020000178                errno
                0x000000002000017c                . = ALIGN (0x4)
                0x000000002000017c                _ebss = .
                0x000000002000017c                __bss_end__ = _ebss

._user_heap_stack
                0x000000002000017c      0x604 load address 0x0000000008006c10
                0x0000000020000180                . = ALIGN (0x8)
 *fill*         0x000000002000017c        0x4 
                0x0000000020000180                PROVIDE (end, .)
                [!provide]                        PROVIDE (_end, .)
                0x0000000020000380                . = (. + _Min_Heap_Size)
 *fill*         0x0000000020000180      0x200 
                0x0000000020000780                . = (. + _Min_Stack_Size)
 *fill*         0x0000000020000380      0x400 
                0x0000000020000780                . = ALIGN (0x8)

/DISCARD/
 libc.a(*)
 libm.a(*)
 libgcc.a(*)

.ARM.attributes
                0x0000000000000000       0x29
 *(.ARM.attributes)
 .ARM.attributes
                0x0000000000000000       0x1d /usr/lib/gcc/arm-none-eabi/6.3.1/thumb/v7-m/crti.o
 .ARM.attributes
                0x000000000000001d       0x2d /usr/lib/gcc/arm-none-eabi/6.3.1/thumb/v7-m/crtbegin.o
 .ARM.attributes
                0x000000000000004a       0x33 Output/main.o
 .ARM.attributes
                0x000000000000007d       0x33 Output/stm32f1xx_it.o
 .ARM.attributes
                0x00000000000000b0       0x33 Output/system_stm32f1xx.o
 .ARM.attributes
                0x00000000000000e3       0x33 Output/bsp_spi_flash.o
 .ARM.attributes
                0x0000000000000116       0x33 Output/fonts.o
 .ARM.attributes
                0x0000000000000149       0x33 Output/bsp_ili9341_lcd.o
 .ARM.attributes
                0x000000000000017c       0x33 Output/bsp_led.o
 .ARM.attributes
                0x00000000000001af       0x33 Output/bsp_debug_usart.o
 .ARM.attributes
                0x00000000000001e2       0x33 Output/stm32f1xx_hal_cortex.o
 .ARM.attributes
                0x0000000000000215       0x33 Output/stm32f1xx_hal_gpio.o
 .ARM.attributes
                0x0000000000000248       0x33 Output/stm32f1xx_hal_rcc.o
 .ARM.attributes
                0x000000000000027b       0x33 Output/stm32f1xx_hal_spi.o
 .ARM.attributes
                0x00000000000002ae       0x33 Output/stm32f1xx_hal_uart.o
 .ARM.attributes
                0x00000000000002e1       0x33 Output/stm32f1xx_hal.o
 .ARM.attributes
                0x0000000000000314       0x21 Output/startup_stm32f103xe.o
 .ARM.attributes
                0x0000000000000335       0x2d /usr/lib/gcc/arm-none-eabi/6.3.1/../../../arm-none-eabi/lib/thumb/v7-m/libc_nano.a(lib_a-impure.o)
 .ARM.attributes
                0x0000000000000362       0x2d /usr/lib/gcc/arm-none-eabi/6.3.1/../../../arm-none-eabi/lib/thumb/v7-m/libc_nano.a(lib_a-init.o)
 .ARM.attributes
                0x000000000000038f       0x2d /usr/lib/gcc/arm-none-eabi/6.3.1/../../../arm-none-eabi/lib/thumb/v7-m/libc_nano.a(lib_a-memset.o)
 .ARM.attributes
                0x00000000000003bc       0x2d /usr/lib/gcc/arm-none-eabi/6.3.1/../../../arm-none-eabi/lib/thumb/v7-m/libc_nano.a(lib_a-printf.o)
 .ARM.attributes
                0x00000000000003e9       0x2d /usr/lib/gcc/arm-none-eabi/6.3.1/../../../arm-none-eabi/lib/thumb/v7-m/libc_nano.a(lib_a-putchar.o)
 .ARM.attributes
                0x0000000000000416       0x2d /usr/lib/gcc/arm-none-eabi/6.3.1/../../../arm-none-eabi/lib/thumb/v7-m/libc_nano.a(lib_a-puts.o)
 .ARM.attributes
                0x0000000000000443       0x2d /usr/lib/gcc/arm-none-eabi/6.3.1/../../../arm-none-eabi/lib/thumb/v7-m/libc_nano.a(lib_a-sprintf.o)
 .ARM.attributes
                0x0000000000000470       0x2d /usr/lib/gcc/arm-none-eabi/6.3.1/../../../arm-none-eabi/lib/thumb/v7-m/libc_nano.a(lib_a-wbuf.o)
 .ARM.attributes
                0x000000000000049d       0x2d /usr/lib/gcc/arm-none-eabi/6.3.1/../../../arm-none-eabi/lib/thumb/v7-m/libc_nano.a(lib_a-wsetup.o)
 .ARM.attributes
                0x00000000000004ca       0x2d /usr/lib/gcc/arm-none-eabi/6.3.1/../../../arm-none-eabi/lib/thumb/v7-m/libc_nano.a(lib_a-fflush.o)
 .ARM.attributes
                0x00000000000004f7       0x2d /usr/lib/gcc/arm-none-eabi/6.3.1/../../../arm-none-eabi/lib/thumb/v7-m/libc_nano.a(lib_a-findfp.o)
 .ARM.attributes
                0x0000000000000524       0x2d /usr/lib/gcc/arm-none-eabi/6.3.1/../../../arm-none-eabi/lib/thumb/v7-m/libc_nano.a(lib_a-fwalk.o)
 .ARM.attributes
                0x0000000000000551       0x2d /usr/lib/gcc/arm-none-eabi/6.3.1/../../../arm-none-eabi/lib/thumb/v7-m/libc_nano.a(lib_a-makebuf.o)
 .ARM.attributes
                0x000000000000057e       0x2d /usr/lib/gcc/arm-none-eabi/6.3.1/../../../arm-none-eabi/lib/thumb/v7-m/libc_nano.a(lib_a-nano-freer.o)
 .ARM.attributes
                0x00000000000005ab       0x2d /usr/lib/gcc/arm-none-eabi/6.3.1/../../../arm-none-eabi/lib/thumb/v7-m/libc_nano.a(lib_a-nano-mallocr.o)
 .ARM.attributes
                0x00000000000005d8       0x2d /usr/lib/gcc/arm-none-eabi/6.3.1/../../../arm-none-eabi/lib/thumb/v7-m/libc_nano.a(lib_a-nano-svfprintf.o)
 .ARM.attributes
                0x0000000000000605       0x2d /usr/lib/gcc/arm-none-eabi/6.3.1/../../../arm-none-eabi/lib/thumb/v7-m/libc_nano.a(lib_a-nano-vfprintf.o)
 .ARM.attributes
                0x0000000000000632       0x2d /usr/lib/gcc/arm-none-eabi/6.3.1/../../../arm-none-eabi/lib/thumb/v7-m/libc_nano.a(lib_a-nano-vfprintf_i.o)
 .ARM.attributes
                0x000000000000065f       0x2d /usr/lib/gcc/arm-none-eabi/6.3.1/../../../arm-none-eabi/lib/thumb/v7-m/libc_nano.a(lib_a-putc.o)
 .ARM.attributes
                0x000000000000068c       0x2d /usr/lib/gcc/arm-none-eabi/6.3.1/../../../arm-none-eabi/lib/thumb/v7-m/libc_nano.a(lib_a-sbrkr.o)
 .ARM.attributes
                0x00000000000006b9       0x2d /usr/lib/gcc/arm-none-eabi/6.3.1/../../../arm-none-eabi/lib/thumb/v7-m/libc_nano.a(lib_a-stdio.o)
 .ARM.attributes
                0x00000000000006e6       0x2d /usr/lib/gcc/arm-none-eabi/6.3.1/../../../arm-none-eabi/lib/thumb/v7-m/libc_nano.a(lib_a-writer.o)
 .ARM.attributes
                0x0000000000000713       0x2d /usr/lib/gcc/arm-none-eabi/6.3.1/../../../arm-none-eabi/lib/thumb/v7-m/libc_nano.a(lib_a-closer.o)
 .ARM.attributes
                0x0000000000000740       0x2d /usr/lib/gcc/arm-none-eabi/6.3.1/../../../arm-none-eabi/lib/thumb/v7-m/libc_nano.a(lib_a-fstatr.o)
 .ARM.attributes
                0x000000000000076d       0x2d /usr/lib/gcc/arm-none-eabi/6.3.1/../../../arm-none-eabi/lib/thumb/v7-m/libc_nano.a(lib_a-fvwrite.o)
 .ARM.attributes
                0x000000000000079a       0x2d /usr/lib/gcc/arm-none-eabi/6.3.1/../../../arm-none-eabi/lib/thumb/v7-m/libc_nano.a(lib_a-isattyr.o)
 .ARM.attributes
                0x00000000000007c7       0x2d /usr/lib/gcc/arm-none-eabi/6.3.1/../../../arm-none-eabi/lib/thumb/v7-m/libc_nano.a(lib_a-lseekr.o)
 .ARM.attributes
                0x00000000000007f4       0x2d /usr/lib/gcc/arm-none-eabi/6.3.1/../../../arm-none-eabi/lib/thumb/v7-m/libc_nano.a(lib_a-memchr-stub.o)
 .ARM.attributes
                0x0000000000000821       0x1b /usr/lib/gcc/arm-none-eabi/6.3.1/../../../arm-none-eabi/lib/thumb/v7-m/libc_nano.a(lib_a-memcpy.o)
 .ARM.attributes
                0x000000000000083c       0x2d /usr/lib/gcc/arm-none-eabi/6.3.1/../../../arm-none-eabi/lib/thumb/v7-m/libc_nano.a(lib_a-memmove.o)
 .ARM.attributes
                0x0000000000000869       0x2d /usr/lib/gcc/arm-none-eabi/6.3.1/../../../arm-none-eabi/lib/thumb/v7-m/libc_nano.a(lib_a-nano-reallocr.o)
 .ARM.attributes
                0x0000000000000896       0x2d /usr/lib/gcc/arm-none-eabi/6.3.1/../../../arm-none-eabi/lib/thumb/v7-m/libc_nano.a(lib_a-readr.o)
 .ARM.attributes
                0x00000000000008c3       0x2d /usr/lib/gcc/arm-none-eabi/6.3.1/../../../arm-none-eabi/lib/thumb/v7-m/libc_nano.a(lib_a-reent.o)
 .ARM.attributes
                0x00000000000008f0       0x2d /usr/lib/gcc/arm-none-eabi/6.3.1/../../../arm-none-eabi/lib/thumb/v7-m/libc_nano.a(lib_a-nano-msizer.o)
 .ARM.attributes
                0x000000000000091d       0x2d /usr/lib/gcc/arm-none-eabi/6.3.1/../../../arm-none-eabi/lib/thumb/v7-m/libnosys.a(close.o)
 .ARM.attributes
                0x000000000000094a       0x2d /usr/lib/gcc/arm-none-eabi/6.3.1/../../../arm-none-eabi/lib/thumb/v7-m/libnosys.a(fstat.o)
 .ARM.attributes
                0x0000000000000977       0x2d /usr/lib/gcc/arm-none-eabi/6.3.1/../../../arm-none-eabi/lib/thumb/v7-m/libnosys.a(isatty.o)
 .ARM.attributes
                0x00000000000009a4       0x2d /usr/lib/gcc/arm-none-eabi/6.3.1/../../../arm-none-eabi/lib/thumb/v7-m/libnosys.a(lseek.o)
 .ARM.attributes
                0x00000000000009d1       0x2d /usr/lib/gcc/arm-none-eabi/6.3.1/../../../arm-none-eabi/lib/thumb/v7-m/libnosys.a(read.o)
 .ARM.attributes
                0x00000000000009fe       0x2d /usr/lib/gcc/arm-none-eabi/6.3.1/../../../arm-none-eabi/lib/thumb/v7-m/libnosys.a(sbrk.o)
 .ARM.attributes
                0x0000000000000a2b       0x2d /usr/lib/gcc/arm-none-eabi/6.3.1/../../../arm-none-eabi/lib/thumb/v7-m/libnosys.a(write.o)
 .ARM.attributes
                0x0000000000000a58       0x1d /usr/lib/gcc/arm-none-eabi/6.3.1/thumb/v7-m/libgcc.a(_arm_addsubdf3.o)
 .ARM.attributes
                0x0000000000000a75       0x1d /usr/lib/gcc/arm-none-eabi/6.3.1/thumb/v7-m/libgcc.a(_arm_truncdfsf2.o)
 .ARM.attributes
                0x0000000000000a92       0x2d /usr/lib/gcc/arm-none-eabi/6.3.1/thumb/v7-m/crtend.o
 .ARM.attributes
                0x0000000000000abf       0x1d /usr/lib/gcc/arm-none-eabi/6.3.1/thumb/v7-m/crtn.o
OUTPUT(Output/LCD.elf elf32-littlearm)

.comment        0x0000000000000000       0x31
 .comment       0x0000000000000000       0x31 /usr/lib/gcc/arm-none-eabi/6.3.1/thumb/v7-m/crtbegin.o
                                         0x32 (size before relaxing)
 .comment       0x0000000000000031       0x32 Output/main.o
 .comment       0x0000000000000031       0x32 Output/stm32f1xx_it.o
 .comment       0x0000000000000031       0x32 Output/system_stm32f1xx.o
 .comment       0x0000000000000031       0x32 Output/bsp_spi_flash.o
 .comment       0x0000000000000031       0x32 Output/fonts.o
 .comment       0x0000000000000031       0x32 Output/bsp_ili9341_lcd.o
 .comment       0x0000000000000031       0x32 Output/bsp_led.o
 .comment       0x0000000000000031       0x32 Output/bsp_debug_usart.o
 .comment       0x0000000000000031       0x32 Output/stm32f1xx_hal_cortex.o
 .comment       0x0000000000000031       0x32 Output/stm32f1xx_hal_gpio.o
 .comment       0x0000000000000031       0x32 Output/stm32f1xx_hal_rcc.o
 .comment       0x0000000000000031       0x32 Output/stm32f1xx_hal_spi.o
 .comment       0x0000000000000031       0x32 Output/stm32f1xx_hal_uart.o
 .comment       0x0000000000000031       0x32 Output/stm32f1xx_hal.o
 .comment       0x0000000000000031       0x32 /usr/lib/gcc/arm-none-eabi/6.3.1/../../../arm-none-eabi/lib/thumb/v7-m/libc_nano.a(lib_a-impure.o)
 .comment       0x0000000000000031       0x32 /usr/lib/gcc/arm-none-eabi/6.3.1/../../../arm-none-eabi/lib/thumb/v7-m/libc_nano.a(lib_a-init.o)
 .comment       0x0000000000000031       0x32 /usr/lib/gcc/arm-none-eabi/6.3.1/../../../arm-none-eabi/lib/thumb/v7-m/libc_nano.a(lib_a-memset.o)
 .comment       0x0000000000000031       0x32 /usr/lib/gcc/arm-none-eabi/6.3.1/../../../arm-none-eabi/lib/thumb/v7-m/libc_nano.a(lib_a-printf.o)
 .comment       0x0000000000000031       0x32 /usr/lib/gcc/arm-none-eabi/6.3.1/../../../arm-none-eabi/lib/thumb/v7-m/libc_nano.a(lib_a-putchar.o)
 .comment       0x0000000000000031       0x32 /usr/lib/gcc/arm-none-eabi/6.3.1/../../../arm-none-eabi/lib/thumb/v7-m/libc_nano.a(lib_a-puts.o)
 .comment       0x0000000000000031       0x32 /usr/lib/gcc/arm-none-eabi/6.3.1/../../../arm-none-eabi/lib/thumb/v7-m/libc_nano.a(lib_a-sprintf.o)
 .comment       0x0000000000000031       0x32 /usr/lib/gcc/arm-none-eabi/6.3.1/../../../arm-none-eabi/lib/thumb/v7-m/libc_nano.a(lib_a-wbuf.o)
 .comment       0x0000000000000031       0x32 /usr/lib/gcc/arm-none-eabi/6.3.1/../../../arm-none-eabi/lib/thumb/v7-m/libc_nano.a(lib_a-wsetup.o)
 .comment       0x0000000000000031       0x32 /usr/lib/gcc/arm-none-eabi/6.3.1/../../../arm-none-eabi/lib/thumb/v7-m/libc_nano.a(lib_a-fflush.o)
 .comment       0x0000000000000031       0x32 /usr/lib/gcc/arm-none-eabi/6.3.1/../../../arm-none-eabi/lib/thumb/v7-m/libc_nano.a(lib_a-findfp.o)
 .comment       0x0000000000000031       0x32 /usr/lib/gcc/arm-none-eabi/6.3.1/../../../arm-none-eabi/lib/thumb/v7-m/libc_nano.a(lib_a-fwalk.o)
 .comment       0x0000000000000031       0x32 /usr/lib/gcc/arm-none-eabi/6.3.1/../../../arm-none-eabi/lib/thumb/v7-m/libc_nano.a(lib_a-makebuf.o)
 .comment       0x0000000000000031       0x32 /usr/lib/gcc/arm-none-eabi/6.3.1/../../../arm-none-eabi/lib/thumb/v7-m/libc_nano.a(lib_a-nano-freer.o)
 .comment       0x0000000000000031       0x32 /usr/lib/gcc/arm-none-eabi/6.3.1/../../../arm-none-eabi/lib/thumb/v7-m/libc_nano.a(lib_a-nano-mallocr.o)
 .comment       0x0000000000000031       0x32 /usr/lib/gcc/arm-none-eabi/6.3.1/../../../arm-none-eabi/lib/thumb/v7-m/libc_nano.a(lib_a-nano-svfprintf.o)
 .comment       0x0000000000000031       0x32 /usr/lib/gcc/arm-none-eabi/6.3.1/../../../arm-none-eabi/lib/thumb/v7-m/libc_nano.a(lib_a-nano-vfprintf.o)
 .comment       0x0000000000000031       0x32 /usr/lib/gcc/arm-none-eabi/6.3.1/../../../arm-none-eabi/lib/thumb/v7-m/libc_nano.a(lib_a-nano-vfprintf_i.o)
 .comment       0x0000000000000031       0x32 /usr/lib/gcc/arm-none-eabi/6.3.1/../../../arm-none-eabi/lib/thumb/v7-m/libc_nano.a(lib_a-putc.o)
 .comment       0x0000000000000031       0x32 /usr/lib/gcc/arm-none-eabi/6.3.1/../../../arm-none-eabi/lib/thumb/v7-m/libc_nano.a(lib_a-sbrkr.o)
 .comment       0x0000000000000031       0x32 /usr/lib/gcc/arm-none-eabi/6.3.1/../../../arm-none-eabi/lib/thumb/v7-m/libc_nano.a(lib_a-stdio.o)
 .comment       0x0000000000000031       0x32 /usr/lib/gcc/arm-none-eabi/6.3.1/../../../arm-none-eabi/lib/thumb/v7-m/libc_nano.a(lib_a-writer.o)
 .comment       0x0000000000000031       0x32 /usr/lib/gcc/arm-none-eabi/6.3.1/../../../arm-none-eabi/lib/thumb/v7-m/libc_nano.a(lib_a-closer.o)
 .comment       0x0000000000000031       0x32 /usr/lib/gcc/arm-none-eabi/6.3.1/../../../arm-none-eabi/lib/thumb/v7-m/libc_nano.a(lib_a-fstatr.o)
 .comment       0x0000000000000031       0x32 /usr/lib/gcc/arm-none-eabi/6.3.1/../../../arm-none-eabi/lib/thumb/v7-m/libc_nano.a(lib_a-fvwrite.o)
 .comment       0x0000000000000031       0x32 /usr/lib/gcc/arm-none-eabi/6.3.1/../../../arm-none-eabi/lib/thumb/v7-m/libc_nano.a(lib_a-isattyr.o)
 .comment       0x0000000000000031       0x32 /usr/lib/gcc/arm-none-eabi/6.3.1/../../../arm-none-eabi/lib/thumb/v7-m/libc_nano.a(lib_a-lseekr.o)
 .comment       0x0000000000000031       0x32 /usr/lib/gcc/arm-none-eabi/6.3.1/../../../arm-none-eabi/lib/thumb/v7-m/libc_nano.a(lib_a-memchr-stub.o)
 .comment       0x0000000000000031       0x32 /usr/lib/gcc/arm-none-eabi/6.3.1/../../../arm-none-eabi/lib/thumb/v7-m/libc_nano.a(lib_a-memmove.o)
 .comment       0x0000000000000031       0x32 /usr/lib/gcc/arm-none-eabi/6.3.1/../../../arm-none-eabi/lib/thumb/v7-m/libc_nano.a(lib_a-nano-reallocr.o)
 .comment       0x0000000000000031       0x32 /usr/lib/gcc/arm-none-eabi/6.3.1/../../../arm-none-eabi/lib/thumb/v7-m/libc_nano.a(lib_a-readr.o)
 .comment       0x0000000000000031       0x32 /usr/lib/gcc/arm-none-eabi/6.3.1/../../../arm-none-eabi/lib/thumb/v7-m/libc_nano.a(lib_a-reent.o)
 .comment       0x0000000000000031       0x32 /usr/lib/gcc/arm-none-eabi/6.3.1/../../../arm-none-eabi/lib/thumb/v7-m/libc_nano.a(lib_a-nano-msizer.o)
 .comment       0x0000000000000031       0x32 /usr/lib/gcc/arm-none-eabi/6.3.1/../../../arm-none-eabi/lib/thumb/v7-m/libnosys.a(close.o)
 .comment       0x0000000000000031       0x32 /usr/lib/gcc/arm-none-eabi/6.3.1/../../../arm-none-eabi/lib/thumb/v7-m/libnosys.a(fstat.o)
 .comment       0x0000000000000031       0x32 /usr/lib/gcc/arm-none-eabi/6.3.1/../../../arm-none-eabi/lib/thumb/v7-m/libnosys.a(isatty.o)
 .comment       0x0000000000000031       0x32 /usr/lib/gcc/arm-none-eabi/6.3.1/../../../arm-none-eabi/lib/thumb/v7-m/libnosys.a(lseek.o)
 .comment       0x0000000000000031       0x32 /usr/lib/gcc/arm-none-eabi/6.3.1/../../../arm-none-eabi/lib/thumb/v7-m/libnosys.a(read.o)
 .comment       0x0000000000000031       0x32 /usr/lib/gcc/arm-none-eabi/6.3.1/../../../arm-none-eabi/lib/thumb/v7-m/libnosys.a(sbrk.o)
 .comment       0x0000000000000031       0x32 /usr/lib/gcc/arm-none-eabi/6.3.1/../../../arm-none-eabi/lib/thumb/v7-m/libnosys.a(write.o)
 .comment       0x0000000000000031       0x32 /usr/lib/gcc/arm-none-eabi/6.3.1/thumb/v7-m/crtend.o

.debug_info     0x0000000000000000    0x2edfa
 .debug_info    0x0000000000000000     0x16fb Output/main.o
 .debug_info    0x00000000000016fb      0xf8d Output/stm32f1xx_it.o
 .debug_info    0x0000000000002688      0xd32 Output/system_stm32f1xx.o
 .debug_info    0x00000000000033ba     0x1c3b Output/bsp_spi_flash.o
 .debug_info    0x0000000000004ff5     0x106d Output/fonts.o
 .debug_info    0x0000000000006062     0x2e6a Output/bsp_ili9341_lcd.o
 .debug_info    0x0000000000008ecc      0xc48 Output/bsp_led.o
 .debug_info    0x0000000000009b14     0x1275 Output/bsp_debug_usart.o
 .debug_info    0x000000000000ad89     0x164f Output/stm32f1xx_hal_cortex.o
 .debug_info    0x000000000000c3d8      0xfbf Output/stm32f1xx_hal_gpio.o
 .debug_info    0x000000000000d397     0x12fb Output/stm32f1xx_hal_rcc.o
 .debug_info    0x000000000000e692     0x26c9 Output/stm32f1xx_hal_spi.o
 .debug_info    0x0000000000010d5b     0x20b0 Output/stm32f1xx_hal_uart.o
 .debug_info    0x0000000000012e0b     0x10a9 Output/stm32f1xx_hal.o
 .debug_info    0x0000000000013eb4       0x8c Output/startup_stm32f103xe.o
 .debug_info    0x0000000000013f40      0x8a0 /usr/lib/gcc/arm-none-eabi/6.3.1/../../../arm-none-eabi/lib/thumb/v7-m/libc_nano.a(lib_a-impure.o)
 .debug_info    0x00000000000147e0      0x110 /usr/lib/gcc/arm-none-eabi/6.3.1/../../../arm-none-eabi/lib/thumb/v7-m/libc_nano.a(lib_a-init.o)
 .debug_info    0x00000000000148f0      0x916 /usr/lib/gcc/arm-none-eabi/6.3.1/../../../arm-none-eabi/lib/thumb/v7-m/libc_nano.a(lib_a-memset.o)
 .debug_info    0x0000000000015206      0xbb0 /usr/lib/gcc/arm-none-eabi/6.3.1/../../../arm-none-eabi/lib/thumb/v7-m/libc_nano.a(lib_a-printf.o)
 .debug_info    0x0000000000015db6      0xb2e /usr/lib/gcc/arm-none-eabi/6.3.1/../../../arm-none-eabi/lib/thumb/v7-m/libc_nano.a(lib_a-putchar.o)
 .debug_info    0x00000000000168e4      0xc3e /usr/lib/gcc/arm-none-eabi/6.3.1/../../../arm-none-eabi/lib/thumb/v7-m/libc_nano.a(lib_a-puts.o)
 .debug_info    0x0000000000017522      0xbcb /usr/lib/gcc/arm-none-eabi/6.3.1/../../../arm-none-eabi/lib/thumb/v7-m/libc_nano.a(lib_a-sprintf.o)
 .debug_info    0x00000000000180ed      0xbc9 /usr/lib/gcc/arm-none-eabi/6.3.1/../../../arm-none-eabi/lib/thumb/v7-m/libc_nano.a(lib_a-wbuf.o)
 .debug_info    0x0000000000018cb6      0xb48 /usr/lib/gcc/arm-none-eabi/6.3.1/../../../arm-none-eabi/lib/thumb/v7-m/libc_nano.a(lib_a-wsetup.o)
 .debug_info    0x00000000000197fe      0xc8a /usr/lib/gcc/arm-none-eabi/6.3.1/../../../arm-none-eabi/lib/thumb/v7-m/libc_nano.a(lib_a-fflush.o)
 .debug_info    0x000000000001a488      0xff9 /usr/lib/gcc/arm-none-eabi/6.3.1/../../../arm-none-eabi/lib/thumb/v7-m/libc_nano.a(lib_a-findfp.o)
 .debug_info    0x000000000001b481      0xbc7 /usr/lib/gcc/arm-none-eabi/6.3.1/../../../arm-none-eabi/lib/thumb/v7-m/libc_nano.a(lib_a-fwalk.o)
 .debug_info    0x000000000001c048      0xe43 /usr/lib/gcc/arm-none-eabi/6.3.1/../../../arm-none-eabi/lib/thumb/v7-m/libc_nano.a(lib_a-makebuf.o)
 .debug_info    0x000000000001ce8b      0xa51 /usr/lib/gcc/arm-none-eabi/6.3.1/../../../arm-none-eabi/lib/thumb/v7-m/libc_nano.a(lib_a-nano-freer.o)
 .debug_info    0x000000000001d8dc      0xb1f /usr/lib/gcc/arm-none-eabi/6.3.1/../../../arm-none-eabi/lib/thumb/v7-m/libc_nano.a(lib_a-nano-mallocr.o)
 .debug_info    0x000000000001e3fb     0x11b2 /usr/lib/gcc/arm-none-eabi/6.3.1/../../../arm-none-eabi/lib/thumb/v7-m/libc_nano.a(lib_a-nano-svfprintf.o)
 .debug_info    0x000000000001f5ad     0x113f /usr/lib/gcc/arm-none-eabi/6.3.1/../../../arm-none-eabi/lib/thumb/v7-m/libc_nano.a(lib_a-nano-vfprintf.o)
 .debug_info    0x00000000000206ec      0xfb4 /usr/lib/gcc/arm-none-eabi/6.3.1/../../../arm-none-eabi/lib/thumb/v7-m/libc_nano.a(lib_a-nano-vfprintf_i.o)
 .debug_info    0x00000000000216a0      0xc25 /usr/lib/gcc/arm-none-eabi/6.3.1/../../../arm-none-eabi/lib/thumb/v7-m/libc_nano.a(lib_a-putc.o)
 .debug_info    0x00000000000222c5      0x955 /usr/lib/gcc/arm-none-eabi/6.3.1/../../../arm-none-eabi/lib/thumb/v7-m/libc_nano.a(lib_a-sbrkr.o)
 .debug_info    0x0000000000022c1a      0xd51 /usr/lib/gcc/arm-none-eabi/6.3.1/../../../arm-none-eabi/lib/thumb/v7-m/libc_nano.a(lib_a-stdio.o)
 .debug_info    0x000000000002396b      0x993 /usr/lib/gcc/arm-none-eabi/6.3.1/../../../arm-none-eabi/lib/thumb/v7-m/libc_nano.a(lib_a-writer.o)
 .debug_info    0x00000000000242fe      0x94b /usr/lib/gcc/arm-none-eabi/6.3.1/../../../arm-none-eabi/lib/thumb/v7-m/libc_nano.a(lib_a-closer.o)
 .debug_info    0x0000000000024c49      0xb5c /usr/lib/gcc/arm-none-eabi/6.3.1/../../../arm-none-eabi/lib/thumb/v7-m/libc_nano.a(lib_a-fstatr.o)
 .debug_info    0x00000000000257a5      0xe12 /usr/lib/gcc/arm-none-eabi/6.3.1/../../../arm-none-eabi/lib/thumb/v7-m/libc_nano.a(lib_a-fvwrite.o)
 .debug_info    0x00000000000265b7      0x94b /usr/lib/gcc/arm-none-eabi/6.3.1/../../../arm-none-eabi/lib/thumb/v7-m/libc_nano.a(lib_a-isattyr.o)
 .debug_info    0x0000000000026f02      0x976 /usr/lib/gcc/arm-none-eabi/6.3.1/../../../arm-none-eabi/lib/thumb/v7-m/libc_nano.a(lib_a-lseekr.o)
 .debug_info    0x0000000000027878      0x930 /usr/lib/gcc/arm-none-eabi/6.3.1/../../../arm-none-eabi/lib/thumb/v7-m/libc_nano.a(lib_a-memchr-stub.o)
 .debug_info    0x00000000000281a8       0xcd /usr/lib/gcc/arm-none-eabi/6.3.1/../../../arm-none-eabi/lib/thumb/v7-m/libc_nano.a(lib_a-memcpy.o)
 .debug_info    0x0000000000028275      0x925 /usr/lib/gcc/arm-none-eabi/6.3.1/../../../arm-none-eabi/lib/thumb/v7-m/libc_nano.a(lib_a-memmove.o)
 .debug_info    0x0000000000028b9a      0xac0 /usr/lib/gcc/arm-none-eabi/6.3.1/../../../arm-none-eabi/lib/thumb/v7-m/libc_nano.a(lib_a-nano-reallocr.o)
 .debug_info    0x000000000002965a      0x98c /usr/lib/gcc/arm-none-eabi/6.3.1/../../../arm-none-eabi/lib/thumb/v7-m/libc_nano.a(lib_a-readr.o)
 .debug_info    0x0000000000029fe6      0xa67 /usr/lib/gcc/arm-none-eabi/6.3.1/../../../arm-none-eabi/lib/thumb/v7-m/libc_nano.a(lib_a-reent.o)
 .debug_info    0x000000000002aa4d      0x9f7 /usr/lib/gcc/arm-none-eabi/6.3.1/../../../arm-none-eabi/lib/thumb/v7-m/libc_nano.a(lib_a-nano-msizer.o)
 .debug_info    0x000000000002b444      0x8e1 /usr/lib/gcc/arm-none-eabi/6.3.1/../../../arm-none-eabi/lib/thumb/v7-m/libnosys.a(close.o)
 .debug_info    0x000000000002bd25      0xaed /usr/lib/gcc/arm-none-eabi/6.3.1/../../../arm-none-eabi/lib/thumb/v7-m/libnosys.a(fstat.o)
 .debug_info    0x000000000002c812      0x8e1 /usr/lib/gcc/arm-none-eabi/6.3.1/../../../arm-none-eabi/lib/thumb/v7-m/libnosys.a(isatty.o)
 .debug_info    0x000000000002d0f3      0x8fd /usr/lib/gcc/arm-none-eabi/6.3.1/../../../arm-none-eabi/lib/thumb/v7-m/libnosys.a(lseek.o)
 .debug_info    0x000000000002d9f0      0x8fd /usr/lib/gcc/arm-none-eabi/6.3.1/../../../arm-none-eabi/lib/thumb/v7-m/libnosys.a(read.o)
 .debug_info    0x000000000002e2ed       0x90 /usr/lib/gcc/arm-none-eabi/6.3.1/../../../arm-none-eabi/lib/thumb/v7-m/libnosys.a(sbrk.o)
 .debug_info    0x000000000002e37d      0x8fd /usr/lib/gcc/arm-none-eabi/6.3.1/../../../arm-none-eabi/lib/thumb/v7-m/libnosys.a(write.o)
 .debug_info    0x000000000002ec7a       0xc0 /usr/lib/gcc/arm-none-eabi/6.3.1/thumb/v7-m/libgcc.a(_arm_addsubdf3.o)
 .debug_info    0x000000000002ed3a       0xc0 /usr/lib/gcc/arm-none-eabi/6.3.1/thumb/v7-m/libgcc.a(_arm_truncdfsf2.o)

.debug_abbrev   0x0000000000000000     0x76f6
 .debug_abbrev  0x0000000000000000      0x2c1 Output/main.o
 .debug_abbrev  0x00000000000002c1      0x1e7 Output/stm32f1xx_it.o
 .debug_abbrev  0x00000000000004a8      0x1fe Output/system_stm32f1xx.o
 .debug_abbrev  0x00000000000006a6      0x2da Output/bsp_spi_flash.o
 .debug_abbrev  0x0000000000000980      0x26d Output/fonts.o
 .debug_abbrev  0x0000000000000bed      0x3ec Output/bsp_ili9341_lcd.o
 .debug_abbrev  0x0000000000000fd9      0x1ea Output/bsp_led.o
 .debug_abbrev  0x00000000000011c3      0x279 Output/bsp_debug_usart.o
 .debug_abbrev  0x000000000000143c      0x3c8 Output/stm32f1xx_hal_cortex.o
 .debug_abbrev  0x0000000000001804      0x2b3 Output/stm32f1xx_hal_gpio.o
 .debug_abbrev  0x0000000000001ab7      0x314 Output/stm32f1xx_hal_rcc.o
 .debug_abbrev  0x0000000000001dcb      0x306 Output/stm32f1xx_hal_spi.o
 .debug_abbrev  0x00000000000020d1      0x32d Output/stm32f1xx_hal_uart.o
 .debug_abbrev  0x00000000000023fe      0x2d8 Output/stm32f1xx_hal.o
 .debug_abbrev  0x00000000000026d6       0x12 Output/startup_stm32f103xe.o
 .debug_abbrev  0x00000000000026e8      0x153 /usr/lib/gcc/arm-none-eabi/6.3.1/../../../arm-none-eabi/lib/thumb/v7-m/libc_nano.a(lib_a-impure.o)
 .debug_abbrev  0x000000000000283b       0xba /usr/lib/gcc/arm-none-eabi/6.3.1/../../../arm-none-eabi/lib/thumb/v7-m/libc_nano.a(lib_a-init.o)
 .debug_abbrev  0x00000000000028f5      0x197 /usr/lib/gcc/arm-none-eabi/6.3.1/../../../arm-none-eabi/lib/thumb/v7-m/libc_nano.a(lib_a-memset.o)
 .debug_abbrev  0x0000000000002a8c      0x244 /usr/lib/gcc/arm-none-eabi/6.3.1/../../../arm-none-eabi/lib/thumb/v7-m/libc_nano.a(lib_a-printf.o)
 .debug_abbrev  0x0000000000002cd0      0x210 /usr/lib/gcc/arm-none-eabi/6.3.1/../../../arm-none-eabi/lib/thumb/v7-m/libc_nano.a(lib_a-putchar.o)
 .debug_abbrev  0x0000000000002ee0      0x28c /usr/lib/gcc/arm-none-eabi/6.3.1/../../../arm-none-eabi/lib/thumb/v7-m/libc_nano.a(lib_a-puts.o)
 .debug_abbrev  0x000000000000316c      0x217 /usr/lib/gcc/arm-none-eabi/6.3.1/../../../arm-none-eabi/lib/thumb/v7-m/libc_nano.a(lib_a-sprintf.o)
 .debug_abbrev  0x0000000000003383      0x243 /usr/lib/gcc/arm-none-eabi/6.3.1/../../../arm-none-eabi/lib/thumb/v7-m/libc_nano.a(lib_a-wbuf.o)
 .debug_abbrev  0x00000000000035c6      0x1ff /usr/lib/gcc/arm-none-eabi/6.3.1/../../../arm-none-eabi/lib/thumb/v7-m/libc_nano.a(lib_a-wsetup.o)
 .debug_abbrev  0x00000000000037c5      0x293 /usr/lib/gcc/arm-none-eabi/6.3.1/../../../arm-none-eabi/lib/thumb/v7-m/libc_nano.a(lib_a-fflush.o)
 .debug_abbrev  0x0000000000003a58      0x364 /usr/lib/gcc/arm-none-eabi/6.3.1/../../../arm-none-eabi/lib/thumb/v7-m/libc_nano.a(lib_a-findfp.o)
 .debug_abbrev  0x0000000000003dbc      0x1d4 /usr/lib/gcc/arm-none-eabi/6.3.1/../../../arm-none-eabi/lib/thumb/v7-m/libc_nano.a(lib_a-fwalk.o)
 .debug_abbrev  0x0000000000003f90      0x2a3 /usr/lib/gcc/arm-none-eabi/6.3.1/../../../arm-none-eabi/lib/thumb/v7-m/libc_nano.a(lib_a-makebuf.o)
 .debug_abbrev  0x0000000000004233      0x1ef /usr/lib/gcc/arm-none-eabi/6.3.1/../../../arm-none-eabi/lib/thumb/v7-m/libc_nano.a(lib_a-nano-freer.o)
 .debug_abbrev  0x0000000000004422      0x274 /usr/lib/gcc/arm-none-eabi/6.3.1/../../../arm-none-eabi/lib/thumb/v7-m/libc_nano.a(lib_a-nano-mallocr.o)
 .debug_abbrev  0x0000000000004696      0x2d7 /usr/lib/gcc/arm-none-eabi/6.3.1/../../../arm-none-eabi/lib/thumb/v7-m/libc_nano.a(lib_a-nano-svfprintf.o)
 .debug_abbrev  0x000000000000496d      0x2eb /usr/lib/gcc/arm-none-eabi/6.3.1/../../../arm-none-eabi/lib/thumb/v7-m/libc_nano.a(lib_a-nano-vfprintf.o)
 .debug_abbrev  0x0000000000004c58      0x27c /usr/lib/gcc/arm-none-eabi/6.3.1/../../../arm-none-eabi/lib/thumb/v7-m/libc_nano.a(lib_a-nano-vfprintf_i.o)
 .debug_abbrev  0x0000000000004ed4      0x274 /usr/lib/gcc/arm-none-eabi/6.3.1/../../../arm-none-eabi/lib/thumb/v7-m/libc_nano.a(lib_a-putc.o)
 .debug_abbrev  0x0000000000005148      0x1d6 /usr/lib/gcc/arm-none-eabi/6.3.1/../../../arm-none-eabi/lib/thumb/v7-m/libc_nano.a(lib_a-sbrkr.o)
 .debug_abbrev  0x000000000000531e      0x237 /usr/lib/gcc/arm-none-eabi/6.3.1/../../../arm-none-eabi/lib/thumb/v7-m/libc_nano.a(lib_a-stdio.o)
 .debug_abbrev  0x0000000000005555      0x1d6 /usr/lib/gcc/arm-none-eabi/6.3.1/../../../arm-none-eabi/lib/thumb/v7-m/libc_nano.a(lib_a-writer.o)
 .debug_abbrev  0x000000000000572b      0x1d1 /usr/lib/gcc/arm-none-eabi/6.3.1/../../../arm-none-eabi/lib/thumb/v7-m/libc_nano.a(lib_a-closer.o)
 .debug_abbrev  0x00000000000058fc      0x1e0 /usr/lib/gcc/arm-none-eabi/6.3.1/../../../arm-none-eabi/lib/thumb/v7-m/libc_nano.a(lib_a-fstatr.o)
 .debug_abbrev  0x0000000000005adc      0x22e /usr/lib/gcc/arm-none-eabi/6.3.1/../../../arm-none-eabi/lib/thumb/v7-m/libc_nano.a(lib_a-fvwrite.o)
 .debug_abbrev  0x0000000000005d0a      0x1d1 /usr/lib/gcc/arm-none-eabi/6.3.1/../../../arm-none-eabi/lib/thumb/v7-m/libc_nano.a(lib_a-isattyr.o)
 .debug_abbrev  0x0000000000005edb      0x1e0 /usr/lib/gcc/arm-none-eabi/6.3.1/../../../arm-none-eabi/lib/thumb/v7-m/libc_nano.a(lib_a-lseekr.o)
 .debug_abbrev  0x00000000000060bb      0x19c /usr/lib/gcc/arm-none-eabi/6.3.1/../../../arm-none-eabi/lib/thumb/v7-m/libc_nano.a(lib_a-memchr-stub.o)
 .debug_abbrev  0x0000000000006257       0x14 /usr/lib/gcc/arm-none-eabi/6.3.1/../../../arm-none-eabi/lib/thumb/v7-m/libc_nano.a(lib_a-memcpy.o)
 .debug_abbrev  0x000000000000626b      0x19c /usr/lib/gcc/arm-none-eabi/6.3.1/../../../arm-none-eabi/lib/thumb/v7-m/libc_nano.a(lib_a-memmove.o)
 .debug_abbrev  0x0000000000006407      0x1ee /usr/lib/gcc/arm-none-eabi/6.3.1/../../../arm-none-eabi/lib/thumb/v7-m/libc_nano.a(lib_a-nano-reallocr.o)
 .debug_abbrev  0x00000000000065f5      0x1d1 /usr/lib/gcc/arm-none-eabi/6.3.1/../../../arm-none-eabi/lib/thumb/v7-m/libc_nano.a(lib_a-readr.o)
 .debug_abbrev  0x00000000000067c6      0x228 /usr/lib/gcc/arm-none-eabi/6.3.1/../../../arm-none-eabi/lib/thumb/v7-m/libc_nano.a(lib_a-reent.o)
 .debug_abbrev  0x00000000000069ee      0x1ab /usr/lib/gcc/arm-none-eabi/6.3.1/../../../arm-none-eabi/lib/thumb/v7-m/libc_nano.a(lib_a-nano-msizer.o)
 .debug_abbrev  0x0000000000006b99      0x1b4 /usr/lib/gcc/arm-none-eabi/6.3.1/../../../arm-none-eabi/lib/thumb/v7-m/libnosys.a(close.o)
 .debug_abbrev  0x0000000000006d4d      0x1c5 /usr/lib/gcc/arm-none-eabi/6.3.1/../../../arm-none-eabi/lib/thumb/v7-m/libnosys.a(fstat.o)
 .debug_abbrev  0x0000000000006f12      0x1b4 /usr/lib/gcc/arm-none-eabi/6.3.1/../../../arm-none-eabi/lib/thumb/v7-m/libnosys.a(isatty.o)
 .debug_abbrev  0x00000000000070c6      0x1d2 /usr/lib/gcc/arm-none-eabi/6.3.1/../../../arm-none-eabi/lib/thumb/v7-m/libnosys.a(lseek.o)
 .debug_abbrev  0x0000000000007298      0x1d2 /usr/lib/gcc/arm-none-eabi/6.3.1/../../../arm-none-eabi/lib/thumb/v7-m/libnosys.a(read.o)
 .debug_abbrev  0x000000000000746a       0x92 /usr/lib/gcc/arm-none-eabi/6.3.1/../../../arm-none-eabi/lib/thumb/v7-m/libnosys.a(sbrk.o)
 .debug_abbrev  0x00000000000074fc      0x1d2 /usr/lib/gcc/arm-none-eabi/6.3.1/../../../arm-none-eabi/lib/thumb/v7-m/libnosys.a(write.o)
 .debug_abbrev  0x00000000000076ce       0x14 /usr/lib/gcc/arm-none-eabi/6.3.1/thumb/v7-m/libgcc.a(_arm_addsubdf3.o)
 .debug_abbrev  0x00000000000076e2       0x14 /usr/lib/gcc/arm-none-eabi/6.3.1/thumb/v7-m/libgcc.a(_arm_truncdfsf2.o)

.debug_loc      0x0000000000000000     0xb94a
 .debug_loc     0x0000000000000000      0x1a3 Output/main.o
 .debug_loc     0x00000000000001a3       0x20 Output/stm32f1xx_it.o
 .debug_loc     0x00000000000001c3       0xdf Output/system_stm32f1xx.o
 .debug_loc     0x00000000000002a2      0x941 Output/bsp_spi_flash.o
 .debug_loc     0x0000000000000be3       0xf0 Output/fonts.o
 .debug_loc     0x0000000000000cd3     0x19fa Output/bsp_ili9341_lcd.o
 .debug_loc     0x00000000000026cd       0x38 Output/bsp_led.o
 .debug_loc     0x0000000000002705      0x1b5 Output/bsp_debug_usart.o
 .debug_loc     0x00000000000028ba      0x63d Output/stm32f1xx_hal_cortex.o
 .debug_loc     0x0000000000002ef7      0x4df Output/stm32f1xx_hal_gpio.o
 .debug_loc     0x00000000000033d6      0x5e3 Output/stm32f1xx_hal_rcc.o
 .debug_loc     0x00000000000039b9     0x235b Output/stm32f1xx_hal_spi.o
 .debug_loc     0x0000000000005d14     0x19c9 Output/stm32f1xx_hal_uart.o
 .debug_loc     0x00000000000076dd      0x101 Output/stm32f1xx_hal.o
 .debug_loc     0x00000000000077de       0xae /usr/lib/gcc/arm-none-eabi/6.3.1/../../../arm-none-eabi/lib/thumb/v7-m/libc_nano.a(lib_a-init.o)
 .debug_loc     0x000000000000788c      0x1bd /usr/lib/gcc/arm-none-eabi/6.3.1/../../../arm-none-eabi/lib/thumb/v7-m/libc_nano.a(lib_a-memset.o)
 .debug_loc     0x0000000000007a49       0x3f /usr/lib/gcc/arm-none-eabi/6.3.1/../../../arm-none-eabi/lib/thumb/v7-m/libc_nano.a(lib_a-printf.o)
 .debug_loc     0x0000000000007a88       0xb9 /usr/lib/gcc/arm-none-eabi/6.3.1/../../../arm-none-eabi/lib/thumb/v7-m/libc_nano.a(lib_a-putchar.o)
 .debug_loc     0x0000000000007b41      0x263 /usr/lib/gcc/arm-none-eabi/6.3.1/../../../arm-none-eabi/lib/thumb/v7-m/libc_nano.a(lib_a-puts.o)
 .debug_loc     0x0000000000007da4       0x91 /usr/lib/gcc/arm-none-eabi/6.3.1/../../../arm-none-eabi/lib/thumb/v7-m/libc_nano.a(lib_a-sprintf.o)
 .debug_loc     0x0000000000007e35      0x12b /usr/lib/gcc/arm-none-eabi/6.3.1/../../../arm-none-eabi/lib/thumb/v7-m/libc_nano.a(lib_a-wbuf.o)
 .debug_loc     0x0000000000007f60       0xaa /usr/lib/gcc/arm-none-eabi/6.3.1/../../../arm-none-eabi/lib/thumb/v7-m/libc_nano.a(lib_a-wsetup.o)
 .debug_loc     0x000000000000800a      0x2fb /usr/lib/gcc/arm-none-eabi/6.3.1/../../../arm-none-eabi/lib/thumb/v7-m/libc_nano.a(lib_a-fflush.o)
 .debug_loc     0x0000000000008305      0x312 /usr/lib/gcc/arm-none-eabi/6.3.1/../../../arm-none-eabi/lib/thumb/v7-m/libc_nano.a(lib_a-findfp.o)
 .debug_loc     0x0000000000008617      0x1f1 /usr/lib/gcc/arm-none-eabi/6.3.1/../../../arm-none-eabi/lib/thumb/v7-m/libc_nano.a(lib_a-fwalk.o)
 .debug_loc     0x0000000000008808      0x120 /usr/lib/gcc/arm-none-eabi/6.3.1/../../../arm-none-eabi/lib/thumb/v7-m/libc_nano.a(lib_a-makebuf.o)
 .debug_loc     0x0000000000008928      0x140 /usr/lib/gcc/arm-none-eabi/6.3.1/../../../arm-none-eabi/lib/thumb/v7-m/libc_nano.a(lib_a-nano-freer.o)
 .debug_loc     0x0000000000008a68      0x378 /usr/lib/gcc/arm-none-eabi/6.3.1/../../../arm-none-eabi/lib/thumb/v7-m/libc_nano.a(lib_a-nano-mallocr.o)
 .debug_loc     0x0000000000008de0      0x6cb /usr/lib/gcc/arm-none-eabi/6.3.1/../../../arm-none-eabi/lib/thumb/v7-m/libc_nano.a(lib_a-nano-svfprintf.o)
 .debug_loc     0x00000000000094ab      0x5a3 /usr/lib/gcc/arm-none-eabi/6.3.1/../../../arm-none-eabi/lib/thumb/v7-m/libc_nano.a(lib_a-nano-vfprintf.o)
 .debug_loc     0x0000000000009a4e      0x67f /usr/lib/gcc/arm-none-eabi/6.3.1/../../../arm-none-eabi/lib/thumb/v7-m/libc_nano.a(lib_a-nano-vfprintf_i.o)
 .debug_loc     0x000000000000a0cd      0x2b9 /usr/lib/gcc/arm-none-eabi/6.3.1/../../../arm-none-eabi/lib/thumb/v7-m/libc_nano.a(lib_a-putc.o)
 .debug_loc     0x000000000000a386       0x4d /usr/lib/gcc/arm-none-eabi/6.3.1/../../../arm-none-eabi/lib/thumb/v7-m/libc_nano.a(lib_a-sbrkr.o)
 .debug_loc     0x000000000000a3d3      0x2bf /usr/lib/gcc/arm-none-eabi/6.3.1/../../../arm-none-eabi/lib/thumb/v7-m/libc_nano.a(lib_a-stdio.o)
 .debug_loc     0x000000000000a692       0xa5 /usr/lib/gcc/arm-none-eabi/6.3.1/../../../arm-none-eabi/lib/thumb/v7-m/libc_nano.a(lib_a-writer.o)
 .debug_loc     0x000000000000a737       0x4d /usr/lib/gcc/arm-none-eabi/6.3.1/../../../arm-none-eabi/lib/thumb/v7-m/libc_nano.a(lib_a-closer.o)
 .debug_loc     0x000000000000a784       0x79 /usr/lib/gcc/arm-none-eabi/6.3.1/../../../arm-none-eabi/lib/thumb/v7-m/libc_nano.a(lib_a-fstatr.o)
 .debug_loc     0x000000000000a7fd      0x6e9 /usr/lib/gcc/arm-none-eabi/6.3.1/../../../arm-none-eabi/lib/thumb/v7-m/libc_nano.a(lib_a-fvwrite.o)
 .debug_loc     0x000000000000aee6       0x4d /usr/lib/gcc/arm-none-eabi/6.3.1/../../../arm-none-eabi/lib/thumb/v7-m/libc_nano.a(lib_a-isattyr.o)
 .debug_loc     0x000000000000af33       0xa5 /usr/lib/gcc/arm-none-eabi/6.3.1/../../../arm-none-eabi/lib/thumb/v7-m/libc_nano.a(lib_a-lseekr.o)
 .debug_loc     0x000000000000afd8      0x202 /usr/lib/gcc/arm-none-eabi/6.3.1/../../../arm-none-eabi/lib/thumb/v7-m/libc_nano.a(lib_a-memchr-stub.o)
 .debug_loc     0x000000000000b1da      0x281 /usr/lib/gcc/arm-none-eabi/6.3.1/../../../arm-none-eabi/lib/thumb/v7-m/libc_nano.a(lib_a-memmove.o)
 .debug_loc     0x000000000000b45b      0x185 /usr/lib/gcc/arm-none-eabi/6.3.1/../../../arm-none-eabi/lib/thumb/v7-m/libc_nano.a(lib_a-nano-reallocr.o)
 .debug_loc     0x000000000000b5e0       0xa5 /usr/lib/gcc/arm-none-eabi/6.3.1/../../../arm-none-eabi/lib/thumb/v7-m/libc_nano.a(lib_a-readr.o)
 .debug_loc     0x000000000000b685       0xec /usr/lib/gcc/arm-none-eabi/6.3.1/../../../arm-none-eabi/lib/thumb/v7-m/libc_nano.a(lib_a-reent.o)
 .debug_loc     0x000000000000b771       0x78 /usr/lib/gcc/arm-none-eabi/6.3.1/../../../arm-none-eabi/lib/thumb/v7-m/libc_nano.a(lib_a-nano-msizer.o)
 .debug_loc     0x000000000000b7e9       0x21 /usr/lib/gcc/arm-none-eabi/6.3.1/../../../arm-none-eabi/lib/thumb/v7-m/libnosys.a(close.o)
 .debug_loc     0x000000000000b80a       0x21 /usr/lib/gcc/arm-none-eabi/6.3.1/../../../arm-none-eabi/lib/thumb/v7-m/libnosys.a(fstat.o)
 .debug_loc     0x000000000000b82b       0x21 /usr/lib/gcc/arm-none-eabi/6.3.1/../../../arm-none-eabi/lib/thumb/v7-m/libnosys.a(isatty.o)
 .debug_loc     0x000000000000b84c       0x42 /usr/lib/gcc/arm-none-eabi/6.3.1/../../../arm-none-eabi/lib/thumb/v7-m/libnosys.a(lseek.o)
 .debug_loc     0x000000000000b88e       0x42 /usr/lib/gcc/arm-none-eabi/6.3.1/../../../arm-none-eabi/lib/thumb/v7-m/libnosys.a(read.o)
 .debug_loc     0x000000000000b8d0       0x38 /usr/lib/gcc/arm-none-eabi/6.3.1/../../../arm-none-eabi/lib/thumb/v7-m/libnosys.a(sbrk.o)
 .debug_loc     0x000000000000b908       0x42 /usr/lib/gcc/arm-none-eabi/6.3.1/../../../arm-none-eabi/lib/thumb/v7-m/libnosys.a(write.o)

.debug_aranges  0x0000000000000000      0xeb8
 .debug_aranges
                0x0000000000000000       0x40 Output/main.o
 .debug_aranges
                0x0000000000000040       0x68 Output/stm32f1xx_it.o
 .debug_aranges
                0x00000000000000a8       0x28 Output/system_stm32f1xx.o
 .debug_aranges
                0x00000000000000d0       0xa8 Output/bsp_spi_flash.o
 .debug_aranges
                0x0000000000000178       0x20 Output/fonts.o
 .debug_aranges
                0x0000000000000198      0x150 Output/bsp_ili9341_lcd.o
 .debug_aranges
                0x00000000000002e8       0x20 Output/bsp_led.o
 .debug_aranges
                0x0000000000000308       0x40 Output/bsp_debug_usart.o
 .debug_aranges
                0x0000000000000348       0x90 Output/stm32f1xx_hal_cortex.o
 .debug_aranges
                0x00000000000003d8       0x58 Output/stm32f1xx_hal_gpio.o
 .debug_aranges
                0x0000000000000430       0x90 Output/stm32f1xx_hal_rcc.o
 .debug_aranges
                0x00000000000004c0      0x1f0 Output/stm32f1xx_hal_spi.o
 .debug_aranges
                0x00000000000006b0      0x1d0 Output/stm32f1xx_hal_uart.o
 .debug_aranges
                0x0000000000000880       0xb8 Output/stm32f1xx_hal.o
 .debug_aranges
                0x0000000000000938       0x28 Output/startup_stm32f103xe.o
 .debug_aranges
                0x0000000000000960       0x18 /usr/lib/gcc/arm-none-eabi/6.3.1/../../../arm-none-eabi/lib/thumb/v7-m/libc_nano.a(lib_a-impure.o)
 .debug_aranges
                0x0000000000000978       0x20 /usr/lib/gcc/arm-none-eabi/6.3.1/../../../arm-none-eabi/lib/thumb/v7-m/libc_nano.a(lib_a-init.o)
 .debug_aranges
                0x0000000000000998       0x20 /usr/lib/gcc/arm-none-eabi/6.3.1/../../../arm-none-eabi/lib/thumb/v7-m/libc_nano.a(lib_a-memset.o)
 .debug_aranges
                0x00000000000009b8       0x20 /usr/lib/gcc/arm-none-eabi/6.3.1/../../../arm-none-eabi/lib/thumb/v7-m/libc_nano.a(lib_a-printf.o)
 .debug_aranges
                0x00000000000009d8       0x20 /usr/lib/gcc/arm-none-eabi/6.3.1/../../../arm-none-eabi/lib/thumb/v7-m/libc_nano.a(lib_a-putchar.o)
 .debug_aranges
                0x00000000000009f8       0x20 /usr/lib/gcc/arm-none-eabi/6.3.1/../../../arm-none-eabi/lib/thumb/v7-m/libc_nano.a(lib_a-puts.o)
 .debug_aranges
                0x0000000000000a18       0x20 /usr/lib/gcc/arm-none-eabi/6.3.1/../../../arm-none-eabi/lib/thumb/v7-m/libc_nano.a(lib_a-sprintf.o)
 .debug_aranges
                0x0000000000000a38       0x20 /usr/lib/gcc/arm-none-eabi/6.3.1/../../../arm-none-eabi/lib/thumb/v7-m/libc_nano.a(lib_a-wbuf.o)
 .debug_aranges
                0x0000000000000a58       0x20 /usr/lib/gcc/arm-none-eabi/6.3.1/../../../arm-none-eabi/lib/thumb/v7-m/libc_nano.a(lib_a-wsetup.o)
 .debug_aranges
                0x0000000000000a78       0x20 /usr/lib/gcc/arm-none-eabi/6.3.1/../../../arm-none-eabi/lib/thumb/v7-m/libc_nano.a(lib_a-fflush.o)
 .debug_aranges
                0x0000000000000a98       0x20 /usr/lib/gcc/arm-none-eabi/6.3.1/../../../arm-none-eabi/lib/thumb/v7-m/libc_nano.a(lib_a-findfp.o)
 .debug_aranges
                0x0000000000000ab8       0x20 /usr/lib/gcc/arm-none-eabi/6.3.1/../../../arm-none-eabi/lib/thumb/v7-m/libc_nano.a(lib_a-fwalk.o)
 .debug_aranges
                0x0000000000000ad8       0x20 /usr/lib/gcc/arm-none-eabi/6.3.1/../../../arm-none-eabi/lib/thumb/v7-m/libc_nano.a(lib_a-makebuf.o)
 .debug_aranges
                0x0000000000000af8       0x20 /usr/lib/gcc/arm-none-eabi/6.3.1/../../../arm-none-eabi/lib/thumb/v7-m/libc_nano.a(lib_a-nano-freer.o)
 .debug_aranges
                0x0000000000000b18       0x20 /usr/lib/gcc/arm-none-eabi/6.3.1/../../../arm-none-eabi/lib/thumb/v7-m/libc_nano.a(lib_a-nano-mallocr.o)
 .debug_aranges
                0x0000000000000b38       0x20 /usr/lib/gcc/arm-none-eabi/6.3.1/../../../arm-none-eabi/lib/thumb/v7-m/libc_nano.a(lib_a-nano-svfprintf.o)
 .debug_aranges
                0x0000000000000b58       0x20 /usr/lib/gcc/arm-none-eabi/6.3.1/../../../arm-none-eabi/lib/thumb/v7-m/libc_nano.a(lib_a-nano-vfprintf.o)
 .debug_aranges
                0x0000000000000b78       0x20 /usr/lib/gcc/arm-none-eabi/6.3.1/../../../arm-none-eabi/lib/thumb/v7-m/libc_nano.a(lib_a-nano-vfprintf_i.o)
 .debug_aranges
                0x0000000000000b98       0x20 /usr/lib/gcc/arm-none-eabi/6.3.1/../../../arm-none-eabi/lib/thumb/v7-m/libc_nano.a(lib_a-putc.o)
 .debug_aranges
                0x0000000000000bb8       0x20 /usr/lib/gcc/arm-none-eabi/6.3.1/../../../arm-none-eabi/lib/thumb/v7-m/libc_nano.a(lib_a-sbrkr.o)
 .debug_aranges
                0x0000000000000bd8       0x20 /usr/lib/gcc/arm-none-eabi/6.3.1/../../../arm-none-eabi/lib/thumb/v7-m/libc_nano.a(lib_a-stdio.o)
 .debug_aranges
                0x0000000000000bf8       0x20 /usr/lib/gcc/arm-none-eabi/6.3.1/../../../arm-none-eabi/lib/thumb/v7-m/libc_nano.a(lib_a-writer.o)
 .debug_aranges
                0x0000000000000c18       0x20 /usr/lib/gcc/arm-none-eabi/6.3.1/../../../arm-none-eabi/lib/thumb/v7-m/libc_nano.a(lib_a-closer.o)
 .debug_aranges
                0x0000000000000c38       0x20 /usr/lib/gcc/arm-none-eabi/6.3.1/../../../arm-none-eabi/lib/thumb/v7-m/libc_nano.a(lib_a-fstatr.o)
 .debug_aranges
                0x0000000000000c58       0x20 /usr/lib/gcc/arm-none-eabi/6.3.1/../../../arm-none-eabi/lib/thumb/v7-m/libc_nano.a(lib_a-fvwrite.o)
 .debug_aranges
                0x0000000000000c78       0x20 /usr/lib/gcc/arm-none-eabi/6.3.1/../../../arm-none-eabi/lib/thumb/v7-m/libc_nano.a(lib_a-isattyr.o)
 .debug_aranges
                0x0000000000000c98       0x20 /usr/lib/gcc/arm-none-eabi/6.3.1/../../../arm-none-eabi/lib/thumb/v7-m/libc_nano.a(lib_a-lseekr.o)
 .debug_aranges
                0x0000000000000cb8       0x20 /usr/lib/gcc/arm-none-eabi/6.3.1/../../../arm-none-eabi/lib/thumb/v7-m/libc_nano.a(lib_a-memchr-stub.o)
 .debug_aranges
                0x0000000000000cd8       0x20 /usr/lib/gcc/arm-none-eabi/6.3.1/../../../arm-none-eabi/lib/thumb/v7-m/libc_nano.a(lib_a-memcpy.o)
 .debug_aranges
                0x0000000000000cf8       0x20 /usr/lib/gcc/arm-none-eabi/6.3.1/../../../arm-none-eabi/lib/thumb/v7-m/libc_nano.a(lib_a-memmove.o)
 .debug_aranges
                0x0000000000000d18       0x20 /usr/lib/gcc/arm-none-eabi/6.3.1/../../../arm-none-eabi/lib/thumb/v7-m/libc_nano.a(lib_a-nano-reallocr.o)
 .debug_aranges
                0x0000000000000d38       0x20 /usr/lib/gcc/arm-none-eabi/6.3.1/../../../arm-none-eabi/lib/thumb/v7-m/libc_nano.a(lib_a-readr.o)
 .debug_aranges
                0x0000000000000d58       0x20 /usr/lib/gcc/arm-none-eabi/6.3.1/../../../arm-none-eabi/lib/thumb/v7-m/libc_nano.a(lib_a-reent.o)
 .debug_aranges
                0x0000000000000d78       0x20 /usr/lib/gcc/arm-none-eabi/6.3.1/../../../arm-none-eabi/lib/thumb/v7-m/libc_nano.a(lib_a-nano-msizer.o)
 .debug_aranges
                0x0000000000000d98       0x20 /usr/lib/gcc/arm-none-eabi/6.3.1/../../../arm-none-eabi/lib/thumb/v7-m/libnosys.a(close.o)
 .debug_aranges
                0x0000000000000db8       0x20 /usr/lib/gcc/arm-none-eabi/6.3.1/../../../arm-none-eabi/lib/thumb/v7-m/libnosys.a(fstat.o)
 .debug_aranges
                0x0000000000000dd8       0x20 /usr/lib/gcc/arm-none-eabi/6.3.1/../../../arm-none-eabi/lib/thumb/v7-m/libnosys.a(isatty.o)
 .debug_aranges
                0x0000000000000df8       0x20 /usr/lib/gcc/arm-none-eabi/6.3.1/../../../arm-none-eabi/lib/thumb/v7-m/libnosys.a(lseek.o)
 .debug_aranges
                0x0000000000000e18       0x20 /usr/lib/gcc/arm-none-eabi/6.3.1/../../../arm-none-eabi/lib/thumb/v7-m/libnosys.a(read.o)
 .debug_aranges
                0x0000000000000e38       0x20 /usr/lib/gcc/arm-none-eabi/6.3.1/../../../arm-none-eabi/lib/thumb/v7-m/libnosys.a(sbrk.o)
 .debug_aranges
                0x0000000000000e58       0x20 /usr/lib/gcc/arm-none-eabi/6.3.1/../../../arm-none-eabi/lib/thumb/v7-m/libnosys.a(write.o)
 .debug_aranges
                0x0000000000000e78       0x20 /usr/lib/gcc/arm-none-eabi/6.3.1/thumb/v7-m/libgcc.a(_arm_addsubdf3.o)
 .debug_aranges
                0x0000000000000e98       0x20 /usr/lib/gcc/arm-none-eabi/6.3.1/thumb/v7-m/libgcc.a(_arm_truncdfsf2.o)

.debug_ranges   0x0000000000000000      0xd78
 .debug_ranges  0x0000000000000000       0x30 Output/main.o
 .debug_ranges  0x0000000000000030       0x58 Output/stm32f1xx_it.o
 .debug_ranges  0x0000000000000088       0x18 Output/system_stm32f1xx.o
 .debug_ranges  0x00000000000000a0       0x98 Output/bsp_spi_flash.o
 .debug_ranges  0x0000000000000138       0x10 Output/fonts.o
 .debug_ranges  0x0000000000000148      0x170 Output/bsp_ili9341_lcd.o
 .debug_ranges  0x00000000000002b8       0x10 Output/bsp_led.o
 .debug_ranges  0x00000000000002c8       0x30 Output/bsp_debug_usart.o
 .debug_ranges  0x00000000000002f8       0xe0 Output/stm32f1xx_hal_cortex.o
 .debug_ranges  0x00000000000003d8       0x48 Output/stm32f1xx_hal_gpio.o
 .debug_ranges  0x0000000000000420       0xa0 Output/stm32f1xx_hal_rcc.o
 .debug_ranges  0x00000000000004c0      0x1e0 Output/stm32f1xx_hal_spi.o
 .debug_ranges  0x00000000000006a0      0x1c0 Output/stm32f1xx_hal_uart.o
 .debug_ranges  0x0000000000000860       0xa8 Output/stm32f1xx_hal.o
 .debug_ranges  0x0000000000000908       0x20 Output/startup_stm32f103xe.o
 .debug_ranges  0x0000000000000928       0x68 /usr/lib/gcc/arm-none-eabi/6.3.1/../../../arm-none-eabi/lib/thumb/v7-m/libc_nano.a(lib_a-puts.o)
 .debug_ranges  0x0000000000000990       0x18 /usr/lib/gcc/arm-none-eabi/6.3.1/../../../arm-none-eabi/lib/thumb/v7-m/libc_nano.a(lib_a-wbuf.o)
 .debug_ranges  0x00000000000009a8       0x30 /usr/lib/gcc/arm-none-eabi/6.3.1/../../../arm-none-eabi/lib/thumb/v7-m/libc_nano.a(lib_a-wsetup.o)
 .debug_ranges  0x00000000000009d8       0x58 /usr/lib/gcc/arm-none-eabi/6.3.1/../../../arm-none-eabi/lib/thumb/v7-m/libc_nano.a(lib_a-fflush.o)
 .debug_ranges  0x0000000000000a30       0x70 /usr/lib/gcc/arm-none-eabi/6.3.1/../../../arm-none-eabi/lib/thumb/v7-m/libc_nano.a(lib_a-findfp.o)
 .debug_ranges  0x0000000000000aa0       0x28 /usr/lib/gcc/arm-none-eabi/6.3.1/../../../arm-none-eabi/lib/thumb/v7-m/libc_nano.a(lib_a-makebuf.o)
 .debug_ranges  0x0000000000000ac8       0x40 /usr/lib/gcc/arm-none-eabi/6.3.1/../../../arm-none-eabi/lib/thumb/v7-m/libc_nano.a(lib_a-nano-mallocr.o)
 .debug_ranges  0x0000000000000b08       0x40 /usr/lib/gcc/arm-none-eabi/6.3.1/../../../arm-none-eabi/lib/thumb/v7-m/libc_nano.a(lib_a-nano-svfprintf.o)
 .debug_ranges  0x0000000000000b48       0x18 /usr/lib/gcc/arm-none-eabi/6.3.1/../../../arm-none-eabi/lib/thumb/v7-m/libc_nano.a(lib_a-nano-vfprintf.o)
 .debug_ranges  0x0000000000000b60       0xb0 /usr/lib/gcc/arm-none-eabi/6.3.1/../../../arm-none-eabi/lib/thumb/v7-m/libc_nano.a(lib_a-nano-vfprintf_i.o)
 .debug_ranges  0x0000000000000c10       0x70 /usr/lib/gcc/arm-none-eabi/6.3.1/../../../arm-none-eabi/lib/thumb/v7-m/libc_nano.a(lib_a-putc.o)
 .debug_ranges  0x0000000000000c80       0x28 /usr/lib/gcc/arm-none-eabi/6.3.1/../../../arm-none-eabi/lib/thumb/v7-m/libc_nano.a(lib_a-writer.o)
 .debug_ranges  0x0000000000000ca8       0x20 /usr/lib/gcc/arm-none-eabi/6.3.1/../../../arm-none-eabi/lib/thumb/v7-m/libc_nano.a(lib_a-closer.o)
 .debug_ranges  0x0000000000000cc8       0x20 /usr/lib/gcc/arm-none-eabi/6.3.1/../../../arm-none-eabi/lib/thumb/v7-m/libc_nano.a(lib_a-fstatr.o)
 .debug_ranges  0x0000000000000ce8       0x20 /usr/lib/gcc/arm-none-eabi/6.3.1/../../../arm-none-eabi/lib/thumb/v7-m/libc_nano.a(lib_a-fvwrite.o)
 .debug_ranges  0x0000000000000d08       0x20 /usr/lib/gcc/arm-none-eabi/6.3.1/../../../arm-none-eabi/lib/thumb/v7-m/libc_nano.a(lib_a-isattyr.o)
 .debug_ranges  0x0000000000000d28       0x28 /usr/lib/gcc/arm-none-eabi/6.3.1/../../../arm-none-eabi/lib/thumb/v7-m/libc_nano.a(lib_a-lseekr.o)
 .debug_ranges  0x0000000000000d50       0x28 /usr/lib/gcc/arm-none-eabi/6.3.1/../../../arm-none-eabi/lib/thumb/v7-m/libc_nano.a(lib_a-readr.o)

.debug_line     0x0000000000000000     0x8769
 .debug_line    0x0000000000000000      0x362 Output/main.o
 .debug_line    0x0000000000000362      0x298 Output/stm32f1xx_it.o
 .debug_line    0x00000000000005fa      0x1ba Output/system_stm32f1xx.o
 .debug_line    0x00000000000007b4      0x41c Output/bsp_spi_flash.o
 .debug_line    0x0000000000000bd0      0x233 Output/fonts.o
 .debug_line    0x0000000000000e03      0x7cf Output/bsp_ili9341_lcd.o
 .debug_line    0x00000000000015d2      0x1ac Output/bsp_led.o
 .debug_line    0x000000000000177e      0x29a Output/bsp_debug_usart.o
 .debug_line    0x0000000000001a18      0x336 Output/stm32f1xx_hal_cortex.o
 .debug_line    0x0000000000001d4e      0x3a0 Output/stm32f1xx_hal_gpio.o
 .debug_line    0x00000000000020ee      0x4d0 Output/stm32f1xx_hal_rcc.o
 .debug_line    0x00000000000025be      0xd1b Output/stm32f1xx_hal_spi.o
 .debug_line    0x00000000000032d9      0xafb Output/stm32f1xx_hal_uart.o
 .debug_line    0x0000000000003dd4      0x339 Output/stm32f1xx_hal.o
 .debug_line    0x000000000000410d       0x72 Output/startup_stm32f103xe.o
 .debug_line    0x000000000000417f       0xe9 /usr/lib/gcc/arm-none-eabi/6.3.1/../../../arm-none-eabi/lib/thumb/v7-m/libc_nano.a(lib_a-impure.o)
 .debug_line    0x0000000000004268       0xb9 /usr/lib/gcc/arm-none-eabi/6.3.1/../../../arm-none-eabi/lib/thumb/v7-m/libc_nano.a(lib_a-init.o)
 .debug_line    0x0000000000004321      0x176 /usr/lib/gcc/arm-none-eabi/6.3.1/../../../arm-none-eabi/lib/thumb/v7-m/libc_nano.a(lib_a-memset.o)
 .debug_line    0x0000000000004497      0x1ab /usr/lib/gcc/arm-none-eabi/6.3.1/../../../arm-none-eabi/lib/thumb/v7-m/libc_nano.a(lib_a-printf.o)
 .debug_line    0x0000000000004642      0x18d /usr/lib/gcc/arm-none-eabi/6.3.1/../../../arm-none-eabi/lib/thumb/v7-m/libc_nano.a(lib_a-putchar.o)
 .debug_line    0x00000000000047cf      0x213 /usr/lib/gcc/arm-none-eabi/6.3.1/../../../arm-none-eabi/lib/thumb/v7-m/libc_nano.a(lib_a-puts.o)
 .debug_line    0x00000000000049e2      0x1a9 /usr/lib/gcc/arm-none-eabi/6.3.1/../../../arm-none-eabi/lib/thumb/v7-m/libc_nano.a(lib_a-sprintf.o)
 .debug_line    0x0000000000004b8b      0x1e0 /usr/lib/gcc/arm-none-eabi/6.3.1/../../../arm-none-eabi/lib/thumb/v7-m/libc_nano.a(lib_a-wbuf.o)
 .debug_line    0x0000000000004d6b      0x1df /usr/lib/gcc/arm-none-eabi/6.3.1/../../../arm-none-eabi/lib/thumb/v7-m/libc_nano.a(lib_a-wsetup.o)
 .debug_line    0x0000000000004f4a      0x247 /usr/lib/gcc/arm-none-eabi/6.3.1/../../../arm-none-eabi/lib/thumb/v7-m/libc_nano.a(lib_a-fflush.o)
 .debug_line    0x0000000000005191      0x2a4 /usr/lib/gcc/arm-none-eabi/6.3.1/../../../arm-none-eabi/lib/thumb/v7-m/libc_nano.a(lib_a-findfp.o)
 .debug_line    0x0000000000005435      0x1b0 /usr/lib/gcc/arm-none-eabi/6.3.1/../../../arm-none-eabi/lib/thumb/v7-m/libc_nano.a(lib_a-fwalk.o)
 .debug_line    0x00000000000055e5      0x27b /usr/lib/gcc/arm-none-eabi/6.3.1/../../../arm-none-eabi/lib/thumb/v7-m/libc_nano.a(lib_a-makebuf.o)
 .debug_line    0x0000000000005860      0x160 /usr/lib/gcc/arm-none-eabi/6.3.1/../../../arm-none-eabi/lib/thumb/v7-m/libc_nano.a(lib_a-nano-freer.o)
 .debug_line    0x00000000000059c0      0x1a4 /usr/lib/gcc/arm-none-eabi/6.3.1/../../../arm-none-eabi/lib/thumb/v7-m/libc_nano.a(lib_a-nano-mallocr.o)
 .debug_line    0x0000000000005b64      0x391 /usr/lib/gcc/arm-none-eabi/6.3.1/../../../arm-none-eabi/lib/thumb/v7-m/libc_nano.a(lib_a-nano-svfprintf.o)
 .debug_line    0x0000000000005ef5      0x34b /usr/lib/gcc/arm-none-eabi/6.3.1/../../../arm-none-eabi/lib/thumb/v7-m/libc_nano.a(lib_a-nano-vfprintf.o)
 .debug_line    0x0000000000006240      0x39d /usr/lib/gcc/arm-none-eabi/6.3.1/../../../arm-none-eabi/lib/thumb/v7-m/libc_nano.a(lib_a-nano-vfprintf_i.o)
 .debug_line    0x00000000000065dd      0x205 /usr/lib/gcc/arm-none-eabi/6.3.1/../../../arm-none-eabi/lib/thumb/v7-m/libc_nano.a(lib_a-putc.o)
 .debug_line    0x00000000000067e2      0x15a /usr/lib/gcc/arm-none-eabi/6.3.1/../../../arm-none-eabi/lib/thumb/v7-m/libc_nano.a(lib_a-sbrkr.o)
 .debug_line    0x000000000000693c      0x1b2 /usr/lib/gcc/arm-none-eabi/6.3.1/../../../arm-none-eabi/lib/thumb/v7-m/libc_nano.a(lib_a-stdio.o)
 .debug_line    0x0000000000006aee      0x15d /usr/lib/gcc/arm-none-eabi/6.3.1/../../../arm-none-eabi/lib/thumb/v7-m/libc_nano.a(lib_a-writer.o)
 .debug_line    0x0000000000006c4b      0x15b /usr/lib/gcc/arm-none-eabi/6.3.1/../../../arm-none-eabi/lib/thumb/v7-m/libc_nano.a(lib_a-closer.o)
 .debug_line    0x0000000000006da6      0x1e4 /usr/lib/gcc/arm-none-eabi/6.3.1/../../../arm-none-eabi/lib/thumb/v7-m/libc_nano.a(lib_a-fstatr.o)
 .debug_line    0x0000000000006f8a      0x2b6 /usr/lib/gcc/arm-none-eabi/6.3.1/../../../arm-none-eabi/lib/thumb/v7-m/libc_nano.a(lib_a-fvwrite.o)
 .debug_line    0x0000000000007240      0x15c /usr/lib/gcc/arm-none-eabi/6.3.1/../../../arm-none-eabi/lib/thumb/v7-m/libc_nano.a(lib_a-isattyr.o)
 .debug_line    0x000000000000739c      0x15d /usr/lib/gcc/arm-none-eabi/6.3.1/../../../arm-none-eabi/lib/thumb/v7-m/libc_nano.a(lib_a-lseekr.o)
 .debug_line    0x00000000000074f9      0x186 /usr/lib/gcc/arm-none-eabi/6.3.1/../../../arm-none-eabi/lib/thumb/v7-m/libc_nano.a(lib_a-memchr-stub.o)
 .debug_line    0x000000000000767f       0xbe /usr/lib/gcc/arm-none-eabi/6.3.1/../../../arm-none-eabi/lib/thumb/v7-m/libc_nano.a(lib_a-memcpy.o)
 .debug_line    0x000000000000773d      0x185 /usr/lib/gcc/arm-none-eabi/6.3.1/../../../arm-none-eabi/lib/thumb/v7-m/libc_nano.a(lib_a-memmove.o)
 .debug_line    0x00000000000078c2      0x17b /usr/lib/gcc/arm-none-eabi/6.3.1/../../../arm-none-eabi/lib/thumb/v7-m/libc_nano.a(lib_a-nano-reallocr.o)
 .debug_line    0x0000000000007a3d      0x15c /usr/lib/gcc/arm-none-eabi/6.3.1/../../../arm-none-eabi/lib/thumb/v7-m/libc_nano.a(lib_a-readr.o)
 .debug_line    0x0000000000007b99      0x17c /usr/lib/gcc/arm-none-eabi/6.3.1/../../../arm-none-eabi/lib/thumb/v7-m/libc_nano.a(lib_a-reent.o)
 .debug_line    0x0000000000007d15      0x10f /usr/lib/gcc/arm-none-eabi/6.3.1/../../../arm-none-eabi/lib/thumb/v7-m/libc_nano.a(lib_a-nano-msizer.o)
 .debug_line    0x0000000000007e24      0x103 /usr/lib/gcc/arm-none-eabi/6.3.1/../../../arm-none-eabi/lib/thumb/v7-m/libnosys.a(close.o)
 .debug_line    0x0000000000007f27      0x1ca /usr/lib/gcc/arm-none-eabi/6.3.1/../../../arm-none-eabi/lib/thumb/v7-m/libnosys.a(fstat.o)
 .debug_line    0x00000000000080f1      0x104 /usr/lib/gcc/arm-none-eabi/6.3.1/../../../arm-none-eabi/lib/thumb/v7-m/libnosys.a(isatty.o)